D/qemud   (   38): client_registration: registration succeeded for client 5
D/qemud   (   38): fdhandler_event: disconnect on fd 13
I/SystemServer(   60): Registering null Bluetooth Service (emulator)
E/System  (   60): Failure starting core service
E/System  (   60): java.lang.SecurityException
E/System  (   60): 	at android.os.BinderProxy.transact(Native Method)
E/System  (   60): 	at android.os.ServiceManagerProxy.addService(ServiceManagerNative.java:146)
E/System  (   60): 	at android.os.ServiceManager.addService(ServiceManager.java:72)
E/System  (   60): 	at com.android.server.ServerThread.run(SystemServer.java:184)
I/SystemServer(   60): Device Policy
I/SystemServer(   60): Status Bar
I/SystemServer(   60): Clipboard Service
I/SystemServer(   60): Input Method Service
I/InputManagerService(   60): Enabled input methods: com.android.inputmethod.latin/.LatinIME:com.android.inputmethod.pinyin/.PinyinIME:jp.co.omronsoft.openwnn/.OpenWnnJAJP
I/SystemServer(   60): NetStat Service
I/SystemServer(   60): NetworkManagement Service
I/SystemServer(   60): Connectivity Service
V/ConnectivityService(   60): ConnectivityService starting up
D/ConnectivityService(   60): getMobileDataEnabled returning true
V/ConnectivityService(   60): Starting Wifi Service.
I/WifiService(   60): WifiService starting up with Wi-Fi disabled
D/Tethering(   60): Tethering starting
D/NetworkManagmentService(   60): Registering observer
I/SystemServer(   60): Throttle Service
I/SystemServer(   60): Accessibility Manager
I/SystemServer(   60): Mount Service
I/SystemServer(   60): Notification Manager
I/SystemServer(   60): Device Storage Monitor
D/VoldCmdListener(   29): volume list
I/PackageManager(   60): Updating external media status from unmounted to unmounted
I/SystemServer(   60): Location Manager
I/SystemServer(   60): Search Service
I/SystemServer(   60): DropBox Service
D/VoldCmdListener(   29): share status ums
I/SystemServer(   60): Wallpaper Service
D/dalvikvm(   60): GC_FOR_MALLOC freed 4128 objects / 247000 bytes in 74ms
I/SystemServer(   60): Audio Service
D/AudioHardwareInterface(   34): setMode(NORMAL)
W/AudioPolicyManagerBase(   34): setPhoneState() setting same state 0
E/SoundPool(   60): error loading /system/media/audio/ui/Effect_Tick.ogg
W/AudioService(   60): Soundpool could not load file: /system/media/audio/ui/Effect_Tick.ogg
E/SoundPool(   60): error loading /system/media/audio/ui/KeypressStandard.ogg
W/AudioService(   60): Soundpool could not load file: /system/media/audio/ui/KeypressStandard.ogg
E/SoundPool(   60): error loading /system/media/audio/ui/KeypressSpacebar.ogg
W/AudioService(   60): Soundpool could not load file: /system/media/audio/ui/KeypressSpacebar.ogg
E/SoundPool(   60): error loading /system/media/audio/ui/KeypressDelete.ogg
W/AudioService(   60): Soundpool could not load file: /system/media/audio/ui/KeypressDelete.ogg
E/SoundPool(   60): error loading /system/media/audio/ui/KeypressReturn.ogg
W/AudioService(   60): Soundpool could not load file: /system/media/audio/ui/KeypressReturn.ogg
I/SystemServer(   60): Headset Observer
W/HeadsetObserver(   60): This kernel does not have wired headset support
I/SystemServer(   60): Dock Observer
W/DockObserver(   60): This kernel does not have dock station support
I/SystemServer(   60): UI Mode Manager Service
I/SystemServer(   60): Backup Service
V/BackupManagerService(   60): No ancestral data
I/BackupManagerService(   60): Found stale backup journal, scheduling:
I/BackupManagerService(   60):     + com.android.inputmethod.latin
I/BackupManagerService(   60):     + com.android.browser
I/BackupManagerService(   60):     + com.android.providers.userdictionary
I/BackupManagerService(   60):     + android
I/BackupManagerService(   60):     + com.android.providers.settings
I/BackupManagerService(   60): Backup enabled => false
I/SystemServer(   60): AppWidget Service
I/SystemServer(   60): Recognition Service
D/VoldCmdListener(   29): share status ums
D/StorageNotification(   60): Startup with UMS connection false (media state unmounted)
I/SystemServer(   60): DiskStats Service
I/WindowManager(   60): SAFE MODE not enabled
W/DevicePolicyManagerService(   60): failed parsing /data/system/device_policies.xml java.io.FileNotFoundException: /data/system/device_policies.xml (No such file or directory)
I/ActivityManager(   60): Config changed: { scale=1.0 imsi=0/0 loc=en_US touch=3 keys=2/1/2 nav=3/1 orien=1 layout=18 uiMode=0 seq=1}
D/PowerManagerService(   60): system ready!
I/ActivityManager(   60): Sending system update to: ComponentInfo{com.android.providers.contacts/com.android.providers.contacts.ContactsUpgradeReceiver}
W/StatusBar(   60): No icon ID for slot ime
D/qemud   (   38): fdhandler_accept_event: accepting on fd 10
D/qemud   (   38): created client 0xc038 listening on fd 13
D/qemud   (   38): client_fd_receive: attempting registration for service 'sensors'
D/qemud   (   38): client_fd_receive:    -> received channel id 6
D/qemud   (   38): client_registration: registration succeeded for client 6
I/ActivityManager(   60): Starting activity: Intent { act=android.intent.action.MAIN cat=[android.intent.category.HOME] flg=0x10000000 cmp=com.android.launcher/com.android.launcher2.Launcher }
D/StatusBar(   60): DISABLE_EXPAND: yes
I/Zygote  (   60): Process: zygote socket opened
I/ActivityManager(   60): Start proc android.process.acore for broadcast com.android.providers.contacts/.ContactsUpgradeReceiver: pid=110 uid=10000 gids={3003, 1015}
I/ARMAssembler(   60): generated scanline__00000177:03515104_00001001_00000000 [ 91 ipp] (114 ins) at [0x2afd60:0x2aff28] in 12454841 ns
I/ARMAssembler(   60): generated scanline__00000177:03515104_00000001_00000000 [ 73 ipp] (95 ins) at [0x2bc118:0x2bc294] in 2256223 ns
I/ActivityManager(   60): Launching preboot mode app: ProcessRecord{4501c978 110:android.process.acore/10000}
D/dalvikvm(   60): GC_FOR_MALLOC freed 5039 objects / 287712 bytes in 94ms
I/ActivityManager(   60): Removing system update proc: ProcessRecord{4501c978 110:android.process.acore/10000}
I/Process (   60): Sending signal. PID: 110 SIG: 9
I/ActivityManager(   60): System now ready
I/SystemServer(   60): Making services ready
I/ActivityManager(   60): Config changed: { scale=1.0 imsi=0/0 loc=en_US touch=3 keys=2/1/2 nav=3/1 orien=1 layout=18 uiMode=17 seq=2}
W/RecognitionManagerService(   60): no available voice recognition services found
I/ActivityManager(   60): Start proc jp.co.omronsoft.openwnn for service jp.co.omronsoft.openwnn/.OpenWnnJAJP: pid=118 uid=10023 gids={}
D/libhardware_legacy(   60): using QEMU GPS Hardware emulation
D/NetworkManagmentService(   60): Registering observer
E/ThrottleService(   60): Could not open GPS configuration file /etc/gps.conf
I/ActivityManager(   60): Start proc com.android.phone for added application com.android.phone: pid=122 uid=1001 gids={3002, 3001, 3003, 1015}
I/ActivityManager(   60): Start proc com.android.launcher for activity com.android.launcher/com.android.launcher2.Launcher: pid=124 uid=10025 gids={}
I/ActivityManager(   60): Start proc com.android.settings for broadcast com.android.settings/.widget.SettingsAppWidgetProvider: pid=129 uid=1000 gids={3002, 3001, 3003}
W/GpsLocationProvider(   60): Could not open GPS configuration file /etc/gps.conf
W/ActivityManager(   60): Unable to start service Intent { act=@0 }: not found
W/ActivityManager(   60): Unable to start service Intent { act=@0 }: not found
E/logwrapper(  143): executing /system/bin/tc failed: No such file or directory
I/logwrapper(   30): /system/bin/tc terminated by exit(255)
E/logwrapper(  146): executing /system/bin/tc failed: No such file or directory
I/logwrapper(   30): /system/bin/tc terminated by exit(255)
E/logwrapper(  147): executing /system/bin/tc failed: No such file or directory
I/logwrapper(   30): /system/bin/tc terminated by exit(255)
D/qemud   (   38): fdhandler_accept_event: accepting on fd 10
D/qemud   (   38): created client 0xc088 listening on fd 14
D/qemud   (   38): client_fd_receive: attempting registration for service 'gps'
D/qemud   (   38): client_fd_receive:    -> received channel id 7
D/qemud   (   38): client_registration: registration succeeded for client 7
I/ActivityThread(  124): Publishing provider com.android.launcher2.settings: com.android.launcher2.LauncherProvider
D/dalvikvm(   60): GC_EXTERNAL_ALLOC freed 3886 objects / 251792 bytes in 172ms
D/dalvikvm(  124): GC_EXTERNAL_ALLOC freed 1006 objects / 74160 bytes in 260ms
I/ARMAssembler(   60): generated scanline__00000077:03545404_00000004_00000000 [ 47 ipp] (67 ins) at [0x226fb8:0x2270c4] in 822650 ns
I/ActivityThread(  122): Publishing provider mms: com.android.providers.telephony.MmsProvider
D/dalvikvm(  118): No JNI_OnLoad found in /system/lib/libwnndict.so 0x44e7ed00, skipping init
I/ARMAssembler(   60): generated scanline__00000077:03010104_00000004_00000000 [ 22 ipp] (41 ins) at [0x2ef170:0x2ef214] in 370712 ns
I/ActivityThread(  122): Publishing provider sms: com.android.providers.telephony.SmsProvider
I/ActivityThread(  122): Publishing provider telephony: com.android.providers.telephony.TelephonyProvider
I/ActivityThread(  122): Publishing provider icc: com.android.phone.IccProvider
I/ActivityThread(  122): Publishing provider mms-sms: com.android.providers.telephony.MmsSmsProvider
D/dalvikvm(  118): GC_FOR_MALLOC freed 1411 objects / 242736 bytes in 416ms
D/dalvikvm(  118): GC_FOR_MALLOC freed 387 objects / 385336 bytes in 258ms
D/ConnectivityService(   60): getMobileDataEnabled returning true
I/ActivityManager(   60): Start proc android.process.acore for content provider com.android.providers.contacts/.CallLogProvider: pid=161 uid=10000 gids={3003, 1015}
D/PhoneApp(  122): onCreate: mProximityWakeLock: null
W/ActivityManager(   60): Unable to start service Intent { act=com.android.ussd.IExtendedNetworkService }: not found
D/PhoneApp(  122): Resetting audio state/mode: IDLE
D/AlarmManagerService(   60): Kernel timezone updated to 0 minutes west of GMT
D/dalvikvm(   60): GREF has increased to 201
D/SystemClock(  122): Setting time of day to sec=1313567284
W/SystemClock(  122): Unable to set rtc to 1313567284: Invalid argument
I/ActivityManager(   60): Start proc com.android.alarmclock for broadcast com.android.alarmclock/.AlarmInitReceiver: pid=170 uid=10009 gids={}
I/ActivityThread(  161): Publishing provider com.android.social: com.android.providers.contacts.SocialProvider
D/MobileDataStateTracker(   60): default Received state= DISCONNECTED, old= DISCONNECTED, reason= radioTurnedOff, apnTypeList= default
D/MobileDataStateTracker(   60): default Received state= DISCONNECTED, old= DISCONNECTED, reason= gprsDetached, apnTypeList= default
I/ActivityThread(  161): Publishing provider applications: com.android.providers.applications.ApplicationsProvider
I/ActivityThread(  170): Publishing provider com.android.alarmclock: com.android.alarmclock.AlarmProvider
I/ActivityThread(  161): Publishing provider contacts;com.android.contacts: com.android.providers.contacts.ContactsProvider2
D/dalvikvm(  122): GC_FOR_MALLOC freed 3595 objects / 219960 bytes in 701ms
I/SurfaceFlinger(   60): Boot is finished (11755 ms)
D/PowerManagerService(   60): bootCompleted
D/VoldCmdListener(   29): volume mount /mnt/sdcard
I/Vold    (   29): /dev/block/vold/179:0 being considered for volume sdcard
D/Vold    (   29): Volume sdcard state changing 1 (Idle-Unmounted) -> 3 (Checking)
I/StorageNotification(   60): Media {/mnt/sdcard} state changed from {unmounted} -> {checking}
D/OtaStartupReceiver(  122): Not a CDMA phone, no need to process OTA
I//system/bin/fsck_msdos(   29): ** /dev/block/vold/179:0
D/MccTable(  122): updateMccMncConfiguration: mcc=310, mnc=260
D/MccTable(  122): locale set to en_us
D/MccTable(  122): WIFI_NUM_ALLOWED_CHANNELS set to 11
I/WifiService(   60): WifiService trying to setNumAllowed to 11 with persist set to true
D/dalvikvm(   60): GC_FOR_MALLOC freed 8542 objects / 396552 bytes in 148ms
I/ActivityManager(   60): Config changed: { scale=1.0 imsi=310/260 loc=en_US touch=3 keys=2/1/2 nav=3/1 orien=1 layout=18 uiMode=17 seq=3}
I/UsageStats(   60): Unexpected resume of com.android.launcher while already resumed in com.android.launcher
D/MobileDataStateTracker(   60): default Received state= DISCONNECTED, old= DISCONNECTED, reason= (unspecified), apnTypeList= default
I/ActivityManager(   60): Start proc android.process.media for broadcast com.android.providers.downloads/.DownloadReceiver: pid=184 uid=10002 gids={1015, 1006, 2001, 3003}
I/RecoverySystem(   60): No recovery log file
I/ActivityThread(  161): Publishing provider call_log: com.android.providers.contacts.CallLogProvider
I/ActivityThread(  161): Publishing provider user_dictionary: com.android.providers.userdictionary.UserDictionaryProvider
D/TelephonyProvider(  122): Setting numeric '310260' to be the current operator
I/ActivityThread(  184): Publishing provider media: com.android.providers.media.MediaProvider
D/MobileDataStateTracker(   60): default Received state= CONNECTING, old= DISCONNECTED, reason= simLoaded, apnTypeList= *
D/NetworkStateTracker(   60): setDetailed state, old =IDLE and new state=CONNECTING
D/ConnectivityService(   60): ConnectivityChange for mobile: CONNECTING/CONNECTING
D/MobileDataStateTracker(   60): replacing old mInterfaceName (null) with /dev/omap_csmi_tty1 for hipri
D/MobileDataStateTracker(   60): replacing old mInterfaceName (null) with /dev/omap_csmi_tty1 for supl
D/MobileDataStateTracker(   60): replacing old mInterfaceName (null) with /dev/omap_csmi_tty1 for mms
D/MobileDataStateTracker(   60): default Received state= CONNECTED, old= CONNECTING, reason= simLoaded, apnTypeList= *
D/NetworkStateTracker(   60): setDetailed state, old =CONNECTING and new state=CONNECTED
D/ConnectivityService(   60): ConnectivityChange for mobile: CONNECTED/CONNECTED
V/NetworkStateTracker(   60): Setting TCP values: [4094,87380,110208,4096,16384,110208] which comes from [net.tcp.buffersize.umts]
D/ConnectivityService(   60): adding dns 10.0.2.3 for mobile
D/Tethering(   60): Tethering got CONNECTIVITY_ACTION
D/Tethering(   60): MasterInitialState.processMessage what=3
E/HierarchicalStateMachine(   60): TetherMaster - unhandledMessage: msg.what=3
V/MediaProvider(  184): Attached volume: internal
I/ActivityThread(  184): Publishing provider downloads: com.android.providers.downloads.DownloadProvider
I/ActivityThread(  184): Publishing provider drm: com.android.providers.drm.DrmProvider
D/SntpClient(   60): request time failed: java.net.SocketException: Address family not supported by protocol
I/ActivityManager(   60): Start proc com.android.mms for broadcast com.android.mms/.transaction.MmsSystemEventReceiver: pid=197 uid=10015 gids={3003, 1015}
D/dalvikvm(   33): GC_EXPLICIT freed 268 objects / 10128 bytes in 65ms
I/SearchManagerService(   60): Building list of searchable activities
D/MediaScannerService(  184): start scanning volume internal
I//system/bin/fsck_msdos(   29): ** Phase 1 - Read and Compare FATs
I//system/bin/fsck_msdos(   29): Attempting to allocate 998 KB for FAT
D/dalvikvm(   33): GC_EXPLICIT freed 40 objects / 1768 bytes in 216ms
D/dalvikvm(   33): GC_EXPLICIT freed 2 objects / 48 bytes in 93ms
I/ActivityThread(  197): Publishing provider com.android.mms.SuggestionsProvider: com.android.mms.SuggestionsProvider
I/ActivityManager(   60): Start proc com.android.email for broadcast com.android.email/com.android.exchange.BootReceiver: pid=213 uid=10030 gids={3003, 1015}
I/ActivityThread(  213): Publishing provider com.android.email.provider: com.android.email.provider.EmailProvider
I/ActivityThread(  213): Publishing provider com.android.email.attachmentprovider: com.android.email.provider.AttachmentProvider
I/ActivityThread(  213): Publishing provider com.android.exchange.provider: com.android.exchange.provider.ExchangeProvider
D/dalvikvm(   60): GC_EXPLICIT freed 6065 objects / 350880 bytes in 303ms
D/Exchange(  213): BootReceiver onReceive
I/ActivityManager(   60): Start proc com.android.protips for broadcast com.android.protips/.ProtipWidget: pid=225 uid=10007 gids={}
D/EAS SyncManager(  213): !!! EAS SyncManager, onCreate
D/EAS SyncManager(  213): !!! EAS SyncManager, onStartCommand
D/EAS SyncManager(  213): !!! EAS SyncManager, stopping self
D/Eas Debug(  213): Logging: 
D/EAS SyncManager(  213): !!! EAS SyncManager, onDestroy
D/MediaScanner(  184):  prescan time: 2912ms
D/MediaScanner(  184):     scan time: 313ms
D/MediaScanner(  184): postscan time: 1ms
D/MediaScanner(  184):    total time: 3226ms
I//system/bin/fsck_msdos(   29): Attempting to allocate 998 KB for FAT
D/MediaScannerService(  184): done scanning volume internal
I/ActivityManager(   60): Start proc com.android.quicksearchbox for broadcast com.android.quicksearchbox/.SearchWidgetProvider: pid=235 uid=10012 gids={3003}
I/Launcher.Model(  124): not binding apps: no Launcher activity
D/dalvikvm(  124): GC_EXPLICIT freed 4821 objects / 268224 bytes in 284ms
I//system/bin/fsck_msdos(   29): ** Phase 2 - Check Cluster Chains
I/ActivityThread(  235): Publishing provider com.android.quicksearchbox.google: com.android.quicksearchbox.google.GoogleSuggestionProvider
I/ActivityManager(   60): Start proc com.android.music for broadcast com.android.music/.MediaAppWidgetProvider: pid=244 uid=10022 gids={3003, 1015}
I//system/bin/fsck_msdos(   29): ** Phase 3 - Checking Directories
I//system/bin/fsck_msdos(   29): ** Phase 4 - Checking for Lost Files
I//system/bin/fsck_msdos(   29): 3 files, 509980 free (254990 clusters)
I/logwrapper(   29): /system/bin/fsck_msdos terminated by exit(0)
I/Vold    (   29): Filesystem check completed OK
I/Vold    (   29): Device /dev/block/vold/179:0, target /mnt/sdcard mounted @ /mnt/secure/staging
D/Vold    (   29): Volume sdcard state changing 3 (Checking) -> 4 (Mounted)
I/PackageManager(   60): Updating external media status from unmounted to mounted
I/StorageNotification(   60): Media {/mnt/sdcard} state changed from {checking} -> {mounted}
D/VoldCmdListener(   29): asec list
I/PackageManager(   60): No secure containers on sdcard
W/PackageManager(   60): Unknown permission com.google.android.googleapps.permission.GOOGLE_AUTH.mail in package com.android.contacts
D/AndroidRuntime(  243): 
D/AndroidRuntime(  243): >>>>>>>>>>>>>> AndroidRuntime START <<<<<<<<<<<<<<
D/AndroidRuntime(  243): CheckJNI is ON
W/PackageManager(   60): Unknown permission android.permission.ADD_SYSTEM_SERVICE in package com.android.phone
D/MediaScannerService(  184): start scanning volume external
W/PackageManager(   60): Not granting permission android.permission.SEND_DOWNLOAD_COMPLETED_INTENTS to package com.android.browser (protectionLevel=2 flags=0x1be45)
W/PackageManager(   60): Unknown permission com.google.android.gm.permission.WRITE_GMAIL in package com.android.settings
W/PackageManager(   60): Unknown permission com.google.android.gm.permission.READ_GMAIL in package com.android.settings
W/PackageManager(   60): Unknown permission com.google.android.googleapps.permission.GOOGLE_AUTH in package com.android.settings
W/PackageManager(   60): Unknown permission com.google.android.googleapps.permission.GOOGLE_AUTH in package com.android.providers.contacts
W/PackageManager(   60): Unknown permission com.google.android.googleapps.permission.GOOGLE_AUTH.cp in package com.android.providers.contacts
W/PackageManager(   60): Unknown permission com.google.android.googleapps.permission.ACCESS_GOOGLE_PASSWORD in package com.android.development
W/PackageManager(   60): Unknown permission com.google.android.googleapps.permission.GOOGLE_AUTH in package com.android.development
W/PackageManager(   60): Unknown permission com.google.android.googleapps.permission.GOOGLE_AUTH.ALL_SERVICES in package com.android.development
W/PackageManager(   60): Unknown permission com.google.android.googleapps.permission.GOOGLE_AUTH.YouTubeUser in package com.android.development
D/AndroidRuntime(  243): --- registering native functions ---
V/MediaProvider(  184): /mnt/sdcard volume ID: 269566224
D/dalvikvm(  124): GC_EXPLICIT freed 12306 objects / 613248 bytes in 119ms
I/ActivityManager(   60): Start proc com.android.defcontainer for service com.android.defcontainer/.DefaultContainerService: pid=257 uid=10010 gids={1015, 2001}
V/MediaProvider(  184): Attached volume: external
V/MediaScanner(  184): pruneDeadThumbnailFiles... android.database.sqlite.SQLiteCursor@44ec7958
V/MediaScanner(  184): /pruneDeadThumbnailFiles... android.database.sqlite.SQLiteCursor@44ec7958
D/MediaScanner(  184):  prescan time: 28ms
D/MediaScanner(  184):     scan time: 1ms
D/MediaScanner(  184): postscan time: 10ms
D/MediaScanner(  184):    total time: 39ms
D/MediaScannerService(  184): done scanning volume external
D/dalvikvm(  257): GC_EXPLICIT freed 712 objects / 53520 bytes in 50ms
D/PackageParser(   60): Scanning package: /data/app/vmdl66825.tmp
D/dalvikvm(   60): GC_FOR_MALLOC freed 7000 objects / 501016 bytes in 90ms
D/dalvikvm(   60): GC_FOR_MALLOC freed 10840 objects / 522656 bytes in 87ms
I/PackageManager(   60): Removing non-system package:com.rhomobile.mydailyrhodes
I/ActivityManager(   60): Force stopping package com.rhomobile.mydailyrhodes uid=10037
D/PackageManager(   60): Scanning package com.rhomobile.mydailyrhodes
I/PackageManager(   60): Package com.rhomobile.mydailyrhodes codePath changed from /data/app/com.rhomobile.mydailyrhodes-2.apk to /data/app/com.rhomobile.mydailyrhodes-1.apk; Retaining data and using new
I/PackageManager(   60): /data/app/com.rhomobile.mydailyrhodes-1.apk changed; unpacking
D/PackageManager(   60): Caching shared lib lib/armeabi/librhodes.so
D/installd(   35): DexInv: --- BEGIN '/data/app/com.rhomobile.mydailyrhodes-1.apk' ---
D/dalvikvm(  266): DexOpt: load 246ms, verify 453ms, opt 14ms
D/installd(   35): DexInv: --- END '/data/app/com.rhomobile.mydailyrhodes-1.apk' (success) ---
W/PackageManager(   60): Code path for pkg : com.rhomobile.mydailyrhodes changing from /data/app/com.rhomobile.mydailyrhodes-2.apk to /data/app/com.rhomobile.mydailyrhodes-1.apk
W/PackageManager(   60): Resource path for pkg : com.rhomobile.mydailyrhodes changing from /data/app/com.rhomobile.mydailyrhodes-2.apk to /data/app/com.rhomobile.mydailyrhodes-1.apk
D/PackageManager(   60): Registered content provider: com.rhomobile.mydailyrhodes, className = com.rhomobile.rhodes.LocalFileProvider, isSyncable = false
D/PackageManager(   60):   Providers: com.rhomobile.rhodes.LocalFileProvider
D/PackageManager(   60):   Services: com.rhomobile.rhodes.RhodesService
D/PackageManager(   60):   Activities: com.rhomobile.rhodes.RhodesActivity com.rhomobile.rhodes.alert.PopupActivity com.rhomobile.rhodes.camera.FileList com.rhomobile.rhodes.camera.ImageCapture com.rhomobile.rhodes.signature.ImageCapture com.rhomobile.rhodes.datetime.DateTimePickerScreen com.rhomobile.rhodes.mapview.MapView com.rhomobile.rhodes.mapview.GoogleMapView com.rhomobile.rhodes.bluetooth.RhoBluetoothDeviceListActivity
I/ActivityManager(   60): Force stopping package com.rhomobile.mydailyrhodes uid=10037
I/installd(   35): move /data/dalvik-cache/data@app@com.rhomobile.mydailyrhodes-1.apk@classes.dex -> /data/dalvik-cache/data@app@com.rhomobile.mydailyrhodes-1.apk@classes.dex
D/PackageManager(   60): New package installed in /data/app/com.rhomobile.mydailyrhodes-1.apk
I/ActivityManager(   60): Force stopping package com.rhomobile.mydailyrhodes uid=10037
D/dalvikvm(  124): GC_EXPLICIT freed 203 objects / 8576 bytes in 59ms
I/ActivityManager(   60): Start proc com.svox.pico for broadcast com.svox.pico/.VoiceDataInstallerReceiver: pid=268 uid=10028 gids={}
W/RecognitionManagerService(   60): no available voice recognition services found
D/dalvikvm(  161): GC_EXPLICIT freed 4191 objects / 254512 bytes in 442ms
D/dalvikvm(   60): GC_EXPLICIT freed 8005 objects / 514640 bytes in 278ms
I/ActivityThread(  268): Publishing provider com.svox.pico.providers.SettingsProvider: com.svox.pico.providers.SettingsProvider
I/installd(   35): unlink /data/dalvik-cache/data@app@com.rhomobile.mydailyrhodes-2.apk@classes.dex
D/AndroidRuntime(  243): Shutting down VM
D/dalvikvm(  243): Debugger has detached; object registry had 1 entries
I/AndroidRuntime(  243): NOTE: attach of thread 'Binder Thread #3' failed
D/AndroidRuntime(  278): 
D/AndroidRuntime(  278): >>>>>>>>>>>>>> AndroidRuntime START <<<<<<<<<<<<<<
D/AndroidRuntime(  278): CheckJNI is ON
D/AndroidRuntime(  278): --- registering native functions ---
I/ActivityManager(   60): Starting activity: Intent { act=android.intent.action.MAIN flg=0x10000000 cmp=com.rhomobile.mydailyrhodes/com.rhomobile.rhodes.RhodesActivity }
D/AndroidRuntime(  278): Shutting down VM
D/dalvikvm(  278): Debugger has detached; object registry had 1 entries
I/AndroidRuntime(  278): NOTE: attach of thread 'Binder Thread #3' failed
I/ActivityManager(   60): Start proc com.rhomobile.mydailyrhodes for activity com.rhomobile.mydailyrhodes/com.rhomobile.rhodes.RhodesActivity: pid=285 uid=10037 gids={3003}
D/dalvikvm(  285): Trying to load lib /data/data/com.rhomobile.mydailyrhodes/lib/librhodes.so 0x44edf560
D/dalvikvm(  285): Added shared lib /data/data/com.rhomobile.mydailyrhodes/lib/librhodes.so 0x44edf560
I/ActivityThread(  285): Publishing provider com.rhomobile.mydailyrhodes: com.rhomobile.rhodes.LocalFileProvider
I/RhodesActivity(  285): >>>>>>>>>>>>>>> onCreate()
D/RhodesActivity(  285): RhodesActivity.onStart()
D/RhodesActivity(  285): RhodesActivity.onResume()
D/RhodesService(  285): Root path: /data/data/com.rhomobile.mydailyrhodes/rhodata/
D/RhodesService(  285): Sqlite journals path: /data/data/com.rhomobile.mydailyrhodes/sqlite_stmt_journals/
I/global  (  285): Default buffer size used in BufferedReader constructor. It would be better to be explicit if an 8k-char buffer is required.
I/RhodesService(  285): Application hash was changed
W/ActivityManager(   60): No content provider found for: 
D/RhodesService(  285): Root path: /data/data/com.rhomobile.mydailyrhodes/rhodata/
D/RhodesService(  285): Sqlite journals path: /data/data/com.rhomobile.mydailyrhodes/sqlite_stmt_journals/
I/global  (  285): Default buffer size used in BufferedReader constructor. It would be better to be explicit if an 8k-char buffer is required.
I/APP     (  285): I 08/17/2011 07:48:28:770 afd48828            RhodesApp| Trying to get free listening port.
I/APP     (  285): I 08/17/2011 07:48:28:773 afd48828            RhodesApp| Trying to bind of 0 port...
I/APP     (  285): I 08/17/2011 07:48:28:775 afd48828            RhodesApp| Got port to bind on: 33403
I/APP     (  285): I 08/17/2011 07:48:28:776 afd48828            RhodesApp| Free listening port: 33403
I/APP     (  285): I 08/17/2011 07:48:28:779 0022f0a8         AppCallbacks| Starting main routine...
I/APP     (  285): I 08/17/2011 07:48:28:782 0022f0a8         AppCallbacks| ThreadQueue blocked for 300 seconds...
D/dalvikvm(  285): GC_FOR_MALLOC freed 5443 objects / 347208 bytes in 190ms
I/APP     (  285): I 08/17/2011 07:48:29:027 afd48828               Rhodes| Loading...
I/APP     (  285): I 08/17/2011 07:48:30:122 afd48828            RhodesApp| callAppActiveCallback
I/APP     (  285): I 08/17/2011 07:48:30:127 afd48828         AppCallbacks| addCommand: APP-ACTIVATED
I/APP     (  285): I 08/17/2011 07:48:30:138 0022f0a8         AppCallbacks| Received command APP-ACTIVATED which is greater than expected (LOCAL-SERVER-STARTED) - postpone it
I/APP     (  285): I 08/17/2011 07:48:30:138 0022f0a8         AppCallbacks| ThreadQueue blocked for 300 seconds...
I/APP     (  285): I 08/17/2011 07:48:30:146 afd48828         AppActivated| Cannot commit now, application will be activated when started.
I/APP     (  285): I 08/17/2011 07:48:30:147 afd48828            Undefined| Handlers have completed.
I/APP     (  285): I 08/17/2011 07:48:30:148 afd48828    RhodesApplication| New AppState: Undefined
I/APP     (  285): I 08/17/2011 07:48:30:151 0025dda0            RhodesApp| Starting RhodesApp main routine...
I/APP     (  285): I 08/17/2011 07:48:30:163 afd48828        RhodesService| handleCommand: startId=1, source=com.rhomobile.rhodes.BaseActivity
I/APP     (  285): I 08/17/2011 07:48:30:178 afd48828        RhodesService| New activity was created
I/APP     (  285): I 08/17/2011 07:48:30:579 afd48828         AppCallbacks| addCommand: UI-CREATED
I/APP     (  285): I 08/17/2011 07:48:30:587 0022f0a8         AppCallbacks| Received command UI-CREATED which is greater than expected (LOCAL-SERVER-STARTED) - postpone it
I/APP     (  285): I 08/17/2011 07:48:30:588 0022f0a8         AppCallbacks| ThreadQueue blocked for 300 seconds...
I/APP     (  285): I 08/17/2011 07:48:30:987 afd48828       RhodesActivity| onServiceConnected: {com.rhomobile.mydailyrhodes/com.rhomobile.rhodes.RhodesService}
I/APP     (  285): I 08/17/2011 07:48:31:990 0025dda0              RhoRuby| Init_RhoBlobs: /data/data/com.rhomobile.mydailyrhodes/rhodata/db/db-files
I/APP     (  285): I 08/17/2011 07:48:32:036 0025dda0              RhoRuby| require_compiled: rhoframework
I/ActivityManager(   60): Displayed activity com.android.launcher/com.android.launcher2.Launcher: 32942 ms (total 32942 ms)
I/APP     (  285): I 08/17/2011 07:48:32:421 0025dda0              RhoRuby| require_compiled: rational
I/APP     (  285): I 08/17/2011 07:48:32:446 0025dda0              RhoRuby| require_compiled: rhom/rhom_db_adapter
I/APP     (  285): I 08/17/2011 07:48:32:524 0025dda0              RhoRuby| require_compiled: rhodes
I/APP     (  285): I 08/17/2011 07:48:32:549 0025dda0              RhoRuby| require_compiled: rhom/rhom_object
I/ActivityManager(   60): Displayed activity com.rhomobile.mydailyrhodes/com.rhomobile.rhodes.RhodesActivity: 5297 ms (total 5297 ms)
I/APP     (  285): I 08/17/2011 07:48:32:599 0025dda0              RhoRuby| require_compiled: rhofsconnector
I/APP     (  285): I 08/17/2011 07:48:32:603 0025dda0              RhoRuby| require_compiled: rho/rhofsconnector
I/APP     (  285): I 08/17/2011 07:48:32:624 0025dda0              RhoRuby| require_compiled: rhom/rhom_object_factory
I/APP     (  285): I 08/17/2011 07:48:32:938 0025dda0              RhoRuby| require_compiled: rhom/rhom
I/APP     (  285): I 08/17/2011 07:48:32:961 0025dda0              RhoRuby| require_compiled: rhom/rhom_model
I/APP     (  285): I 08/17/2011 07:48:32:986 0025dda0              RhoRuby| require_compiled: rhom
I/APP     (  285): I 08/17/2011 07:48:32:989 0025dda0              RhoRuby| require_compiled: rho/rhoapplication
I/APP     (  285): I 08/17/2011 07:48:33:017 0025dda0              RhoRuby| require_compiled: rholang/localization_simplified
I/APP     (  285): I 08/17/2011 07:48:33:184 0025dda0                  APP| Current locale: en; Country code: us
I/APP     (  285): I 08/17/2011 07:48:33:185 0025dda0                  APP| file: /data/data/com.rhomobile.mydailyrhodes/rhodata/lib/rholang/lang_
I/APP     (  285): I 08/17/2011 07:48:33:188 0025dda0              RhoRuby| require_compiled: /data/data/com.rhomobile.mydailyrhodes/rhodata/lib/rholang/lang_en
I/APP     (  285): I 08/17/2011 07:48:33:203 0025dda0              RhoRuby| require_compiled: rho/rhomsg
I/APP     (  285): I 08/17/2011 07:48:33:208 0025dda0                  APP| Current locale: en; Country code: us
I/APP     (  285): I 08/17/2011 07:48:33:210 0025dda0                  APP| file: /data/data/com.rhomobile.mydailyrhodes/rhodata/lib/rholang/rhomsg_
I/APP     (  285): I 08/17/2011 07:48:33:211 0025dda0              RhoRuby| require_compiled: /data/data/com.rhomobile.mydailyrhodes/rhodata/lib/rholang/rhomsg_en
I/APP     (  285): I 08/17/2011 07:48:33:217 0025dda0              RhoRuby| require_compiled: rho/rhotabbar
I/APP     (  285): I 08/17/2011 07:48:33:227 0025dda0              RhoRuby| require_compiled: rho/rhotoolbar
I/APP     (  285): I 08/17/2011 07:48:33:235 0025dda0              RhoRuby| require_compiled: indifferent_access
I/APP     (  285): I 08/17/2011 07:48:33:256 0025dda0              RhoRuby| require_compiled: rho/rhosupport
I/APP     (  285): I 08/17/2011 07:48:33:284 0025dda0              RhoRuby| require_compiled: rho/rhocontroller
I/APP     (  285): I 08/17/2011 07:48:33:307 0025dda0              RhoRuby| require_compiled: rho/render
I/APP     (  285): I 08/17/2011 07:48:33:346 0025dda0              RhoRuby| require_compiled: rho/rho
I/APP     (  285): I 08/17/2011 07:48:33:649 0025dda0              RhoRuby| require_compiled: rho/rhoerror
I/APP     (  285): I 08/17/2011 07:48:33:658 0025dda0                  APP| Current locale: en; Country code: us
I/APP     (  285): I 08/17/2011 07:48:33:660 0025dda0                  APP| file: /data/data/com.rhomobile.mydailyrhodes/rhodata/lib/rholang/rhoerror_
I/APP     (  285): I 08/17/2011 07:48:33:662 0025dda0              RhoRuby| require_compiled: /data/data/com.rhomobile.mydailyrhodes/rhodata/lib/rholang/rhoerror_en
I/APP     (  285): I 08/17/2011 07:48:33:673 0025dda0              RhoRuby| require_compiled: rhom/rhom_source
I/APP     (  285): I 08/17/2011 07:48:33:695 0025dda0              RhoRuby| require_compiled: rho/rhoviewhelpers
I/APP     (  285): I 08/17/2011 07:48:33:853 0025dda0              RhoRuby| require_compiled: rho
I/APP     (  285): I 08/17/2011 07:48:33:857 0025dda0                  APP| RHO loaded
I/APP     (  285): I 08/17/2011 07:48:33:859 0025dda0                  APP| Calling RHO.initialize
I/APP     (  285): I 08/17/2011 07:48:33:867 0025dda0                  APP| model file: MyTask/my_task
I/APP     (  285): I 08/17/2011 07:48:33:871 0025dda0                   DB| Open DB: /data/data/com.rhomobile.mydailyrhodes/rhodata/db/syncdbuser.sqlite
I/APP     (  285): I 08/17/2011 07:48:34:070 0025dda0            RhodesApp| Starting sync engine...
I/APP     (  285): I 08/17/2011 07:48:34:071 0025dda0                 Sync| sync_poll_interval: 0
I/APP     (  285): I 08/17/2011 07:48:34:073 0025dda0                 Sync| syncserver: 
I/APP     (  285): I 08/17/2011 07:48:34:075 0025dda0                 Sync| bulksync_state: 0
I/APP     (  285): I 08/17/2011 07:48:34:076 0025dda0            RhodesApp| RhoRubyInitApp...
I/APP     (  285): I 08/17/2011 07:48:34:079 0025dda0                  APP| init_app
I/APP     (  285): I 08/17/2011 07:48:34:082 0025dda0              RhoRuby| require_compiled: application
I/APP     (  285): I 08/17/2011 07:48:34:090 0025dda0                  APP| Current locale: en; Country code: us
I/APP     (  285): I 08/17/2011 07:48:34:095 0025dda0                  APP| on_reinstall_config_update: {"LogToOutput"=>["0", "1"]}
I/APP     (  285): I 08/17/2011 07:48:34:105 0025dda0           HttpServer| Start HTTP server
I/APP     (  285): I 08/17/2011 07:48:34:109 0025dda0         AppCallbacks| addCommand: LOCAL-SERVER-STARTED
I/APP     (  285): I 08/17/2011 07:48:34:112 0022f0a8         AppCallbacks| process command: LOCAL-SERVER-STARTED
I/APP     (  285): I 08/17/2011 07:48:34:114 0022f0a8           AppStarted| Handlers have completed.
I/APP     (  285): I 08/17/2011 07:48:34:114 0022f0a8         AppActivated| Handlers have completed.
I/APP     (  285): I 08/17/2011 07:48:34:115 0022f0a8    RhodesApplication| New AppState: AppActivated
I/APP     (  285): I 08/17/2011 07:48:34:115 0022f0a8         AppCallbacks| process command: UI-CREATED
I/APP     (  285): I 08/17/2011 07:48:34:140 0025dda0           HttpServer| Process URI: '/system/uicreated'
I/APP     (  285): I 08/17/2011 07:48:34:141 0025dda0                  APP| on_ui_created.navigate to start url: '/app'
I/APP     (  285): I 08/17/2011 07:48:34:186 0022f0a8         AppCallbacks| process command: APP-ACTIVATED
V/SimpleMainView(  285): ms[1313567314256] processForNativeView : [http://127.0.0.1:33403/app]
I/APP     (  285): I 08/17/2011 07:48:34:277 0025dda0           HttpServer| Process URI: '/system/activateapp'
I/APP     (  285): I 08/17/2011 07:48:34:282 0022f0a8         AppCallbacks| ThreadQueue blocked for 300 seconds...
V/SimpleMainView.View(  285): ms[1313567314396]  Main Window :: onSizeChanged() old [ 320 x 455 ]  new [ 0 x 0 ]
I/APP     (  285): I 08/17/2011 07:48:34:602 0025dda0           HttpServer| Process URI: '/app'
D/webviewglue(  285): nativeDestroy view: 0x30eee8
D/dalvikvm(  285): GC_FOR_MALLOC freed 3002 objects / 501192 bytes in 130ms
I/APP     (  285): I 08/17/2011 07:48:34:903 0025dda0           HttpServer| Process URI: '/app/index_erb.iseq'
I/APP     (  285): I 08/17/2011 07:48:34:910 0025dda0                  APP| RHO serve_index: /app/index_erb.iseq
I/APP     (  285): I 08/17/2011 07:48:34:919 0025dda0 RHO Rho::RhoController| inst_render_index
I/APP     (  285): I 08/17/2011 07:48:34:936 0025dda0 RHO Rho::RhoController| index layout
I/APP     (  285): I 08/17/2011 07:48:36:269 0025dda0           HttpServer| Process URI: '/public/jqtouch/jquery.1.3.2.min.js'
I/APP     (  285): I 08/17/2011 07:48:36:361 0025dda0           HttpServer| Process URI: '/public/jqtouch/jqtouch.js'
I/APP     (  285): I 08/17/2011 07:48:36:415 0025dda0           HttpServer| Process URI: '/public/jqtouch/jqtouch.css'
I/APP     (  285): I 08/17/2011 07:48:36:476 0025dda0           HttpServer| Process URI: '/public/css/android.css'
I/ActivityManager(   60): Process android.process.acore (pid 161) has died.
I/APP     (  285): I 08/17/2011 07:48:38:046 0025dda0           HttpServer| Process URI: '/public/images/android/disclosure.png'
D/KeyguardViewMediator(   60): pokeWakelock(5000)
D/KeyguardViewMediator(   60): pokeWakelock(5000)
D/dalvikvm(  285): GC_FOR_MALLOC freed 2918 objects / 480992 bytes in 53ms
I/DEBUG   (   31): debuggerd: Jun 30 2010 13:59:20
D/qemud   (   38): entering main loop
I/Vold    (   29): Vold 2.1 (the revenge) firing up
D/Vold    (   29): Volume sdcard state changing -1 (Initializing) -> 0 (No-Media)
I/Netd    (   30): Netd 1.0 starting
D/Vold    (   29): Volume sdcard state changing 0 (No-Media) -> 1 (Idle-Unmounted)
W/Vold    (   29): No UMS switch available
D/qemud   (   38): fdhandler_accept_event: accepting on fd 10
D/qemud   (   38): created client 0xe078 listening on fd 8
D/qemud   (   38): client_fd_receive: attempting registration for service 'boot-properties'
D/qemud   (   38): client_fd_receive:    -> received channel id 1
D/qemud   (   38): client_registration: registration succeeded for client 1
I/qemu-props(   52): connected to 'boot-properties' qemud service.
I/qemu-props(   52): received: dalvik.vm.heapsize=24m
I/qemu-props(   52): received: qemu.sf.lcd_density=160
I/qemu-props(   52): received: 
I/qemu-props(   52): invalid format, ignored.
D/AndroidRuntime(   33): 
D/AndroidRuntime(   33): >>>>>>>>>>>>>> AndroidRuntime START <<<<<<<<<<<<<<
D/AndroidRuntime(   33): CheckJNI is ON
D/qemud   (   38): fdhandler_accept_event: accepting on fd 10
D/qemud   (   38): created client 0xe078 listening on fd 11
D/qemud   (   38): fdhandler_event: disconnect on fd 11
D/qemud   (   38): fdhandler_accept_event: accepting on fd 10
D/qemud   (   38): created client 0xe078 listening on fd 11
D/qemud   (   38): client_fd_receive: attempting registration for service 'gsm'
D/qemud   (   38): client_fd_receive:    -> received channel id 2
D/qemud   (   38): client_registration: registration succeeded for client 2
I/        (   34): ServiceManager: 0xacd0
D/AudioHardwareInterface(   34): setMode(NORMAL)
I/CameraService(   34): CameraService started: pid=34
I/AudioFlinger(   34): AudioFlinger's thread 0xb3f0 ready to run
D/AndroidRuntime(   33): --- registering native functions ---
I/SamplingProfilerIntegration(   33): Profiler is disabled.
I/Zygote  (   33): Preloading classes...
E/Zygote  (   33): setreuid() failed. errno: 2
D/dalvikvm(   33): GC_EXPLICIT freed 821 objects / 47496 bytes in 7ms
D/dalvikvm(   33): GC_EXPLICIT freed 219 objects / 13600 bytes in 3ms
D/dalvikvm(   33): GC_EXPLICIT freed 253 objects / 14360 bytes in 3ms
D/dalvikvm(   33): GC_EXPLICIT freed 468 objects / 28984 bytes in 5ms
D/dalvikvm(   33): GC_EXPLICIT freed 2088 objects / 108280 bytes in 6ms
W/MediaProfiles(   33): could not find media config xml file
D/dalvikvm(   33): GC_EXPLICIT freed 279 objects / 15984 bytes in 8ms
D/dalvikvm(   33): GC_FOR_MALLOC freed 5052 objects / 223992 bytes in 14ms
D/dalvikvm(   33): GC_FOR_MALLOC freed 11253 objects / 381344 bytes in 16ms
D/dalvikvm(   33): GC_FOR_MALLOC freed 9798 objects / 461152 bytes in 19ms
D/dalvikvm(   33): GC_FOR_MALLOC freed 8690 objects / 422872 bytes in 20ms
D/dalvikvm(   33): GC_FOR_MALLOC freed 7835 objects / 458864 bytes in 20ms
D/dalvikvm(   33): GC_FOR_MALLOC freed 7626 objects / 457776 bytes in 22ms
D/dalvikvm(   33): GC_FOR_MALLOC freed 8231 objects / 513296 bytes in 22ms
D/dalvikvm(   33): GC_FOR_MALLOC freed 7558 objects / 487104 bytes in 21ms
D/dalvikvm(   33): GC_EXPLICIT freed 175 objects / 9248 bytes in 17ms
D/dalvikvm(   33): GC_EXPLICIT freed 594 objects / 29024 bytes in 18ms
D/dalvikvm(   33): GC_EXPLICIT freed 449 objects / 25280 bytes in 19ms
D/dalvikvm(   33): GC_EXPLICIT freed 308 objects / 35136 bytes in 28ms
D/dalvikvm(   33): GC_EXPLICIT freed 279 objects / 18896 bytes in 27ms
D/dalvikvm(   33): GC_EXPLICIT freed 341 objects / 18472 bytes in 24ms
D/dalvikvm(   33): GC_EXPLICIT freed 449 objects / 28352 bytes in 25ms
D/dalvikvm(   33): GC_EXPLICIT freed 528 objects / 53264 bytes in 28ms
D/dalvikvm(   33): GC_EXPLICIT freed 623 objects / 34008 bytes in 28ms
D/dalvikvm(   33): GC_EXPLICIT freed 861 objects / 46864 bytes in 31ms
D/dalvikvm(   33): GC_EXPLICIT freed 1747 objects / 85512 bytes in 35ms
D/dalvikvm(   33): GC_EXPLICIT freed 447 objects / 29448 bytes in 33ms
D/dalvikvm(   33): GC_EXPLICIT freed 315 objects / 20192 bytes in 36ms
I/Zygote  (   33): ...preloaded 1265 classes in 5358ms.
E/Zygote  (   33): setreuid() failed. errno: 17
D/dalvikvm(   33): GC_EXPLICIT freed 104 objects / 14208 bytes in 30ms
I/Zygote  (   33): Preloading resources...
W/Zygote  (   33): Preloaded drawable resource #0x1080093 (res/drawable-mdpi/sym_def_app_icon.png) that varies with configuration!!
W/Zygote  (   33): Preloaded drawable resource #0x1080002 (res/drawable-mdpi/arrow_down_float.png) that varies with configuration!!
W/Zygote  (   33): Preloaded drawable resource #0x10800b3 (res/drawable/btn_check.xml) that varies with configuration!!
W/Zygote  (   33): Preloaded drawable resource #0x10800b6 (res/drawable-mdpi/btn_check_label_background.9.png) that varies with configuration!!
W/Zygote  (   33): Preloaded drawable resource #0x10800b7 (res/drawable-mdpi/btn_check_off.png) that varies with configuration!!
W/Zygote  (   33): Preloaded drawable resource #0x10800bc (res/drawable-mdpi/btn_check_on.png) that varies with configuration!!
W/Zygote  (   33): Preloaded drawable resource #0x1080004 (res/drawable/btn_default.xml) that varies with configuration!!
W/Zygote  (   33): Preloaded drawable resource #0x1080005 (res/drawable/btn_default_small.xml) that varies with configuration!!
W/Zygote  (   33): Preloaded drawable resource #0x1080006 (res/drawable/btn_dropdown.xml) that varies with configuration!!
W/Zygote  (   33): Preloaded drawable resource #0x1080008 (res/drawable/btn_plus.xml) that varies with configuration!!
W/Zygote  (   33): Preloaded drawable resource #0x1080007 (res/drawable/btn_minus.xml) that varies with configuration!!
W/Zygote  (   33): Preloaded drawable resource #0x1080009 (res/drawable/btn_radio.xml) that varies with configuration!!
W/Zygote  (   33): Preloaded drawable resource #0x108000a (res/drawable/btn_star.xml) that varies with configuration!!
D/dalvikvm(   33): GC_EXPLICIT freed 421 objects / 25888 bytes in 30ms
W/Zygote  (   33): Preloaded drawable resource #0x1080131 (res/drawable/btn_toggle.xml) that varies with configuration!!
W/Zygote  (   33): Preloaded drawable resource #0x1080194 (res/drawable-mdpi/ic_emergency.png) that varies with configuration!!
W/Zygote  (   33): Preloaded drawable resource #0x1080012 (res/drawable-mdpi/divider_horizontal_bright.9.png) that varies with configuration!!
W/Zygote  (   33): Preloaded drawable resource #0x1080014 (res/drawable-mdpi/divider_horizontal_dark.9.png) that varies with configuration!!
W/Zygote  (   33): Preloaded drawable resource #0x1080016 (res/drawable/edit_text.xml) that varies with configuration!!
W/Zygote  (   33): Preloaded drawable resource #0x108016d (res/drawable/expander_group.xml) that varies with configuration!!
W/Zygote  (   33): Preloaded drawable resource #0x1080062 (res/drawable/list_selector_background.xml) that varies with configuration!!
W/Zygote  (   33): Preloaded drawable resource #0x1080227 (res/drawable-mdpi/menu_background.9.png) that varies with configuration!!
W/Zygote  (   33): Preloaded drawable resource #0x1080228 (res/drawable-mdpi/menu_background_fill_parent_width.9.png) that varies with configuration!!
W/Zygote  (   33): Preloaded drawable resource #0x1080229 (res/drawable/menu_selector.xml) that varies with configuration!!
W/Zygote  (   33): Preloaded drawable resource #0x1080234 (res/drawable-mdpi/panel_background.9.png) that varies with configuration!!
W/Zygote  (   33): Preloaded drawable resource #0x108023b (res/drawable-mdpi/popup_bottom_bright.9.png) that varies with configuration!!
W/Zygote  (   33): Preloaded drawable resource #0x108023c (res/drawable-mdpi/popup_bottom_dark.9.png) that varies with configuration!!
W/Zygote  (   33): Preloaded drawable resource #0x108023d (res/drawable-mdpi/popup_bottom_medium.9.png) that varies with configuration!!
W/Zygote  (   33): Preloaded drawable resource #0x108023e (res/drawable-mdpi/popup_center_bright.9.png) that varies with configuration!!
W/Zygote  (   33): Preloaded drawable resource #0x108023f (res/drawable-mdpi/popup_center_dark.9.png) that varies with configuration!!
W/Zygote  (   33): Preloaded drawable resource #0x1080242 (res/drawable-mdpi/popup_full_dark.9.png) that varies with configuration!!
W/Zygote  (   33): Preloaded drawable resource #0x1080245 (res/drawable-mdpi/popup_top_bright.9.png) that varies with configuration!!
W/Zygote  (   33): Preloaded drawable resource #0x1080246 (res/drawable-mdpi/popup_top_dark.9.png) that varies with configuration!!
W/Zygote  (   33): Preloaded drawable resource #0x108006d (res/drawable/progress_indeterminate_horizontal.xml) that varies with configuration!!
W/Zygote  (   33): Preloaded drawable resource #0x108024c (res/drawable/progress_small.xml) that varies with configuration!!
W/Zygote  (   33): Preloaded drawable resource #0x108024d (res/drawable/progress_small_titlebar.xml) that varies with configuration!!
W/Zygote  (   33): Preloaded drawable resource #0x1080270 (res/drawable-mdpi/scrollbar_handle_horizontal.9.png) that varies with configuration!!
W/Zygote  (   33): Preloaded drawable resource #0x1080271 (res/drawable-mdpi/scrollbar_handle_vertical.9.png) that varies with configuration!!
D/dalvikvm(   33): GC_EXPLICIT freed 477 objects / 32656 bytes in 31ms
W/Zygote  (   33): Preloaded drawable resource #0x1080071 (res/drawable/spinner_dropdown_background.xml) that varies with configuration!!
W/Zygote  (   33): Preloaded drawable resource #0x1080354 (res/drawable-mdpi/title_bar_shadow.9.png) that varies with configuration!!
W/Zygote  (   33): Preloaded drawable resource #0x10801d6 (res/drawable-mdpi/indicator_code_lock_drag_direction_green_up.png) that varies with configuration!!
W/Zygote  (   33): Preloaded drawable resource #0x10801d7 (res/drawable-mdpi/indicator_code_lock_drag_direction_red_up.png) that varies with configuration!!
W/Zygote  (   33): Preloaded drawable resource #0x10801d8 (res/drawable-mdpi/indicator_code_lock_point_area_default.png) that varies with configuration!!
W/Zygote  (   33): Preloaded drawable resource #0x10801d9 (res/drawable-mdpi/indicator_code_lock_point_area_green.png) that varies with configuration!!
W/Zygote  (   33): Preloaded drawable resource #0x10801da (res/drawable-mdpi/indicator_code_lock_point_area_red.png) that varies with configuration!!
W/Zygote  (   33): Preloaded drawable resource #0x10801e8 (res/drawable-mdpi/jog_tab_bar_left_end_confirm_gray.9.png) that varies with configuration!!
W/Zygote  (   33): Preloaded drawable resource #0x10801ec (res/drawable-mdpi/jog_tab_bar_left_end_normal.9.png) that varies with configuration!!
W/Zygote  (   33): Preloaded drawable resource #0x10801ed (res/drawable-mdpi/jog_tab_bar_left_end_pressed.9.png) that varies with configuration!!
W/Zygote  (   33): Preloaded drawable resource #0x10801f1 (res/drawable-mdpi/jog_tab_bar_right_end_confirm_gray.9.png) that varies with configuration!!
W/Zygote  (   33): Preloaded drawable resource #0x10801f5 (res/drawable-mdpi/jog_tab_bar_right_end_normal.9.png) that varies with configuration!!
W/Zygote  (   33): Preloaded drawable resource #0x10801f6 (res/drawable-mdpi/jog_tab_bar_right_end_pressed.9.png) that varies with configuration!!
W/Zygote  (   33): Preloaded drawable resource #0x10801fb (res/drawable-mdpi/jog_tab_left_confirm_gray.png) that varies with configuration!!
W/Zygote  (   33): Preloaded drawable resource #0x1080200 (res/drawable-mdpi/jog_tab_left_normal.png) that varies with configuration!!
W/Zygote  (   33): Preloaded drawable resource #0x1080201 (res/drawable-mdpi/jog_tab_left_pressed.png) that varies with configuration!!
W/Zygote  (   33): Preloaded drawable resource #0x1080203 (res/drawable-mdpi/jog_tab_right_confirm_gray.png) that varies with configuration!!
