I/DEBUG   (   31): debuggerd: Jun 30 2010 13:59:20
I/Vold    (   29): Vold 2.1 (the revenge) firing up
D/qemud   (   38): entering main loop
I/Netd    (   30): Netd 1.0 starting
D/Vold    (   29): Volume sdcard state changing -1 (Initializing) -> 0 (No-Media)
D/Vold    (   29): Volume sdcard state changing 0 (No-Media) -> 1 (Idle-Unmounted)
W/Vold    (   29): No UMS switch available
D/qemud   (   38): fdhandler_accept_event: accepting on fd 10
D/qemud   (   38): created client 0xe078 listening on fd 8
D/qemud   (   38): client_fd_receive: attempting registration for service 'boot-properties'
D/qemud   (   38): client_fd_receive:    -> received channel id 1
D/qemud   (   38): client_registration: registration succeeded for client 1
I/qemu-props(   52): connected to 'boot-properties' qemud service.
I/qemu-props(   52): received: dalvik.vm.heapsize=24m
I/qemu-props(   52): received: qemu.sf.lcd_density=160
I/qemu-props(   52): received: 
I/qemu-props(   52): invalid format, ignored.
D/AndroidRuntime(   33): 
D/AndroidRuntime(   33): >>>>>>>>>>>>>> AndroidRuntime START <<<<<<<<<<<<<<
D/AndroidRuntime(   33): CheckJNI is ON
D/qemud   (   38): fdhandler_accept_event: accepting on fd 10
D/qemud   (   38): created client 0xe078 listening on fd 11
D/qemud   (   38): fdhandler_event: disconnect on fd 11
D/qemud   (   38): fdhandler_accept_event: accepting on fd 10
D/qemud   (   38): created client 0xe078 listening on fd 11
D/qemud   (   38): client_fd_receive: attempting registration for service 'gsm'
D/qemud   (   38): client_fd_receive:    -> received channel id 2
D/qemud   (   38): client_registration: registration succeeded for client 2
I/        (   34): ServiceManager: 0xacd0
D/AudioHardwareInterface(   34): setMode(NORMAL)
I/CameraService(   34): CameraService started: pid=34
I/AudioFlinger(   34): AudioFlinger's thread 0xb3f0 ready to run
D/AndroidRuntime(   33): --- registering native functions ---
I/SamplingProfilerIntegration(   33): Profiler is disabled.
I/Zygote  (   33): Preloading classes...
E/Zygote  (   33): setreuid() failed. errno: 2
D/dalvikvm(   33): GC_EXPLICIT freed 821 objects / 47496 bytes in 6ms
D/dalvikvm(   33): GC_EXPLICIT freed 219 objects / 13600 bytes in 3ms
D/dalvikvm(   33): GC_EXPLICIT freed 253 objects / 14360 bytes in 3ms
D/dalvikvm(   33): GC_EXPLICIT freed 468 objects / 28984 bytes in 4ms
D/dalvikvm(   33): GC_EXPLICIT freed 2088 objects / 108280 bytes in 5ms
W/MediaProfiles(   33): could not find media config xml file
D/dalvikvm(   33): GC_EXPLICIT freed 279 objects / 15984 bytes in 9ms
D/dalvikvm(   33): GC_FOR_MALLOC freed 5052 objects / 223992 bytes in 12ms
D/dalvikvm(   33): GC_FOR_MALLOC freed 11253 objects / 381344 bytes in 16ms
D/dalvikvm(   33): GC_FOR_MALLOC freed 9798 objects / 461152 bytes in 18ms
D/dalvikvm(   33): GC_FOR_MALLOC freed 8690 objects / 422872 bytes in 18ms
D/dalvikvm(   33): GC_FOR_MALLOC freed 7835 objects / 458864 bytes in 21ms
D/dalvikvm(   33): GC_FOR_MALLOC freed 7626 objects / 457776 bytes in 23ms
D/dalvikvm(   33): GC_FOR_MALLOC freed 8231 objects / 513296 bytes in 20ms
D/dalvikvm(   33): GC_FOR_MALLOC freed 7558 objects / 487104 bytes in 22ms
D/dalvikvm(   33): GC_EXPLICIT freed 175 objects / 9248 bytes in 17ms
D/dalvikvm(   33): GC_EXPLICIT freed 594 objects / 29024 bytes in 19ms
D/dalvikvm(   33): GC_EXPLICIT freed 449 objects / 25280 bytes in 20ms
D/dalvikvm(   33): GC_EXPLICIT freed 308 objects / 35136 bytes in 24ms
D/dalvikvm(   33): GC_EXPLICIT freed 279 objects / 18896 bytes in 25ms
D/dalvikvm(   33): GC_EXPLICIT freed 341 objects / 18472 bytes in 25ms
D/dalvikvm(   33): GC_EXPLICIT freed 449 objects / 28352 bytes in 25ms
D/dalvikvm(   33): GC_EXPLICIT freed 528 objects / 53264 bytes in 31ms
D/dalvikvm(   33): GC_EXPLICIT freed 623 objects / 34008 bytes in 29ms
D/dalvikvm(   33): GC_EXPLICIT freed 861 objects / 46864 bytes in 30ms
D/dalvikvm(   33): GC_EXPLICIT freed 1747 objects / 85512 bytes in 30ms
D/dalvikvm(   33): GC_EXPLICIT freed 447 objects / 29448 bytes in 32ms
D/dalvikvm(   33): GC_EXPLICIT freed 315 objects / 20192 bytes in 33ms
I/Zygote  (   33): ...preloaded 1265 classes in 5277ms.
E/Zygote  (   33): setreuid() failed. errno: 17
D/dalvikvm(   33): GC_EXPLICIT freed 104 objects / 14208 bytes in 31ms
I/Zygote  (   33): Preloading resources...
W/Zygote  (   33): Preloaded drawable resource #0x1080093 (res/drawable-mdpi/sym_def_app_icon.png) that varies with configuration!!
W/Zygote  (   33): Preloaded drawable resource #0x1080002 (res/drawable-mdpi/arrow_down_float.png) that varies with configuration!!
W/Zygote  (   33): Preloaded drawable resource #0x10800b3 (res/drawable/btn_check.xml) that varies with configuration!!
W/Zygote  (   33): Preloaded drawable resource #0x10800b6 (res/drawable-mdpi/btn_check_label_background.9.png) that varies with configuration!!
W/Zygote  (   33): Preloaded drawable resource #0x10800b7 (res/drawable-mdpi/btn_check_off.png) that varies with configuration!!
W/Zygote  (   33): Preloaded drawable resource #0x10800bc (res/drawable-mdpi/btn_check_on.png) that varies with configuration!!
W/Zygote  (   33): Preloaded drawable resource #0x1080004 (res/drawable/btn_default.xml) that varies with configuration!!
W/Zygote  (   33): Preloaded drawable resource #0x1080005 (res/drawable/btn_default_small.xml) that varies with configuration!!
W/Zygote  (   33): Preloaded drawable resource #0x1080006 (res/drawable/btn_dropdown.xml) that varies with configuration!!
W/Zygote  (   33): Preloaded drawable resource #0x1080008 (res/drawable/btn_plus.xml) that varies with configuration!!
W/Zygote  (   33): Preloaded drawable resource #0x1080007 (res/drawable/btn_minus.xml) that varies with configuration!!
W/Zygote  (   33): Preloaded drawable resource #0x1080009 (res/drawable/btn_radio.xml) that varies with configuration!!
W/Zygote  (   33): Preloaded drawable resource #0x108000a (res/drawable/btn_star.xml) that varies with configuration!!
D/dalvikvm(   33): GC_EXPLICIT freed 421 objects / 25888 bytes in 30ms
W/Zygote  (   33): Preloaded drawable resource #0x1080131 (res/drawable/btn_toggle.xml) that varies with configuration!!
W/Zygote  (   33): Preloaded drawable resource #0x1080194 (res/drawable-mdpi/ic_emergency.png) that varies with configuration!!
W/Zygote  (   33): Preloaded drawable resource #0x1080012 (res/drawable-mdpi/divider_horizontal_bright.9.png) that varies with configuration!!
W/Zygote  (   33): Preloaded drawable resource #0x1080014 (res/drawable-mdpi/divider_horizontal_dark.9.png) that varies with configuration!!
W/Zygote  (   33): Preloaded drawable resource #0x1080016 (res/drawable/edit_text.xml) that varies with configuration!!
W/Zygote  (   33): Preloaded drawable resource #0x108016d (res/drawable/expander_group.xml) that varies with configuration!!
W/Zygote  (   33): Preloaded drawable resource #0x1080062 (res/drawable/list_selector_background.xml) that varies with configuration!!
W/Zygote  (   33): Preloaded drawable resource #0x1080227 (res/drawable-mdpi/menu_background.9.png) that varies with configuration!!
W/Zygote  (   33): Preloaded drawable resource #0x1080228 (res/drawable-mdpi/menu_background_fill_parent_width.9.png) that varies with configuration!!
W/Zygote  (   33): Preloaded drawable resource #0x1080229 (res/drawable/menu_selector.xml) that varies with configuration!!
W/Zygote  (   33): Preloaded drawable resource #0x1080234 (res/drawable-mdpi/panel_background.9.png) that varies with configuration!!
W/Zygote  (   33): Preloaded drawable resource #0x108023b (res/drawable-mdpi/popup_bottom_bright.9.png) that varies with configuration!!
W/Zygote  (   33): Preloaded drawable resource #0x108023c (res/drawable-mdpi/popup_bottom_dark.9.png) that varies with configuration!!
W/Zygote  (   33): Preloaded drawable resource #0x108023d (res/drawable-mdpi/popup_bottom_medium.9.png) that varies with configuration!!
W/Zygote  (   33): Preloaded drawable resource #0x108023e (res/drawable-mdpi/popup_center_bright.9.png) that varies with configuration!!
W/Zygote  (   33): Preloaded drawable resource #0x108023f (res/drawable-mdpi/popup_center_dark.9.png) that varies with configuration!!
W/Zygote  (   33): Preloaded drawable resource #0x1080242 (res/drawable-mdpi/popup_full_dark.9.png) that varies with configuration!!
W/Zygote  (   33): Preloaded drawable resource #0x1080245 (res/drawable-mdpi/popup_top_bright.9.png) that varies with configuration!!
W/Zygote  (   33): Preloaded drawable resource #0x1080246 (res/drawable-mdpi/popup_top_dark.9.png) that varies with configuration!!
W/Zygote  (   33): Preloaded drawable resource #0x108006d (res/drawable/progress_indeterminate_horizontal.xml) that varies with configuration!!
W/Zygote  (   33): Preloaded drawable resource #0x108024c (res/drawable/progress_small.xml) that varies with configuration!!
W/Zygote  (   33): Preloaded drawable resource #0x108024d (res/drawable/progress_small_titlebar.xml) that varies with configuration!!
W/Zygote  (   33): Preloaded drawable resource #0x1080270 (res/drawable-mdpi/scrollbar_handle_horizontal.9.png) that varies with configuration!!
W/Zygote  (   33): Preloaded drawable resource #0x1080271 (res/drawable-mdpi/scrollbar_handle_vertical.9.png) that varies with configuration!!
D/dalvikvm(   33): GC_EXPLICIT freed 477 objects / 32656 bytes in 30ms
W/Zygote  (   33): Preloaded drawable resource #0x1080071 (res/drawable/spinner_dropdown_background.xml) that varies with configuration!!
W/Zygote  (   33): Preloaded drawable resource #0x1080354 (res/drawable-mdpi/title_bar_shadow.9.png) that varies with configuration!!
W/Zygote  (   33): Preloaded drawable resource #0x10801d6 (res/drawable-mdpi/indicator_code_lock_drag_direction_green_up.png) that varies with configuration!!
W/Zygote  (   33): Preloaded drawable resource #0x10801d7 (res/drawable-mdpi/indicator_code_lock_drag_direction_red_up.png) that varies with configuration!!
W/Zygote  (   33): Preloaded drawable resource #0x10801d8 (res/drawable-mdpi/indicator_code_lock_point_area_default.png) that varies with configuration!!
W/Zygote  (   33): Preloaded drawable resource #0x10801d9 (res/drawable-mdpi/indicator_code_lock_point_area_green.png) that varies with configuration!!
W/Zygote  (   33): Preloaded drawable resource #0x10801da (res/drawable-mdpi/indicator_code_lock_point_area_red.png) that varies with configuration!!
W/Zygote  (   33): Preloaded drawable resource #0x10801e8 (res/drawable-mdpi/jog_tab_bar_left_end_confirm_gray.9.png) that varies with configuration!!
W/Zygote  (   33): Preloaded drawable resource #0x10801ec (res/drawable-mdpi/jog_tab_bar_left_end_normal.9.png) that varies with configuration!!
W/Zygote  (   33): Preloaded drawable resource #0x10801ed (res/drawable-mdpi/jog_tab_bar_left_end_pressed.9.png) that varies with configuration!!
W/Zygote  (   33): Preloaded drawable resource #0x10801f1 (res/drawable-mdpi/jog_tab_bar_right_end_confirm_gray.9.png) that varies with configuration!!
W/Zygote  (   33): Preloaded drawable resource #0x10801f5 (res/drawable-mdpi/jog_tab_bar_right_end_normal.9.png) that varies with configuration!!
W/Zygote  (   33): Preloaded drawable resource #0x10801f6 (res/drawable-mdpi/jog_tab_bar_right_end_pressed.9.png) that varies with configuration!!
W/Zygote  (   33): Preloaded drawable resource #0x10801fb (res/drawable-mdpi/jog_tab_left_confirm_gray.png) that varies with configuration!!
W/Zygote  (   33): Preloaded drawable resource #0x1080200 (res/drawable-mdpi/jog_tab_left_normal.png) that varies with configuration!!
W/Zygote  (   33): Preloaded drawable resource #0x1080201 (res/drawable-mdpi/jog_tab_left_pressed.png) that varies with configuration!!
W/Zygote  (   33): Preloaded drawable resource #0x1080203 (res/drawable-mdpi/jog_tab_right_confirm_gray.png) that varies with configuration!!
W/Zygote  (   33): Preloaded drawable resource #0x1080209 (res/drawable-mdpi/jog_tab_right_normal.png) that varies with configuration!!
W/Zygote  (   33): Preloaded drawable resource #0x108020a (res/drawable-mdpi/jog_tab_right_pressed.png) that varies with configuration!!
W/Zygote  (   33): Preloaded drawable resource #0x108020d (res/drawable-mdpi/jog_tab_target_gray.png) that varies with configuration!!
I/Zygote  (   33): ...preloaded 61 resources in 351ms.
I/Zygote  (   33): ...preloaded 15 resources in 12ms.
D/dalvikvm(   33): GC_EXPLICIT freed 503 objects / 37800 bytes in 29ms
D/dalvikvm(   33): GC_EXPLICIT freed 150 objects / 5784 bytes in 31ms
D/dalvikvm(   33): GC_EXPLICIT freed 2 objects / 48 bytes in 28ms
I/dalvikvm(   33): System server process 60 has been created
I/Zygote  (   33): Accepting command socket connections
E/BatteryService(   60): usbOnlinePath not found
E/BatteryService(   60): batteryVoltagePath not found
E/BatteryService(   60): batteryTemperaturePath not found
I/sysproc (   60): Entered system_init()
I/sysproc (   60): ServiceManager: 0x11d680
I/SurfaceFlinger(   60): SurfaceFlinger is starting
I/SurfaceFlinger(   60): SurfaceFlinger's main thread ready to run. Initializing graphics H/W...
E/SurfaceFlinger(   60): Couldn't open /sys/power/wait_for_fb_sleep or /sys/power/wait_for_fb_wake
I/gralloc (   60): using (fd=24)
I/gralloc (   60): id           = 
I/gralloc (   60): xres         = 320 px
I/gralloc (   60): yres         = 480 px
I/gralloc (   60): xres_virtual = 320 px
I/gralloc (   60): yres_virtual = 960 px
I/gralloc (   60): bpp          = 16
I/gralloc (   60): r            = 11:5
I/gralloc (   60): g            =  5:6
I/gralloc (   60): b            =  0:5
I/gralloc (   60): width        = 49 mm (165.877548 dpi)
I/gralloc (   60): height       = 74 mm (164.756760 dpi)
I/gralloc (   60): refresh rate = 60.00 Hz
D/libEGL  (   60): egl.cfg not found, using default config
D/libEGL  (   60): loaded /system/lib/egl/libGLES_android.so
I/SurfaceFlinger(   60): EGL informations:
I/SurfaceFlinger(   60): # of configs : 8
I/SurfaceFlinger(   60): vendor    : Android
I/SurfaceFlinger(   60): version   : 1.4 Android META-EGL
I/SurfaceFlinger(   60): extensions: EGL_KHR_image EGL_KHR_image_base EGL_KHR_image_pixmap EGL_ANDROID_image_native_buffer EGL_ANDROID_swap_rectangle EGL_ANDROID_get_render_buffer 
I/SurfaceFlinger(   60): Client API: OpenGL ES
I/SurfaceFlinger(   60): EGLSurface: 5-6-5-0, config=0x1000000
I/SurfaceFlinger(   60): flags     : 001c0000
I/SurfaceFlinger(   60): OpenGL informations:
I/SurfaceFlinger(   60): vendor    : Android
I/SurfaceFlinger(   60): renderer  : Android PixelFlinger 1.3
I/SurfaceFlinger(   60): version   : OpenGL ES-CM 1.0
I/SurfaceFlinger(   60): extensions: GL_OES_byte_coordinates GL_OES_fixed_point GL_OES_single_precision GL_OES_read_format GL_OES_compressed_paletted_texture GL_OES_draw_texture GL_OES_matrix_get GL_OES_query_matrix GL_OES_EGL_image GL_OES_compressed_ETC1_RGB8_texture GL_ARB_texture_compression GL_ARB_texture_non_power_of_two GL_ANDROID_user_clip_plane GL_ANDROID_vertex_buffer_object GL_ANDROID_generate_mipmap 
I/SurfaceFlinger(   60): GL_MAX_TEXTURE_SIZE = 4096
I/SurfaceFlinger(   60): GL_MAX_VIEWPORT_DIMS = 4096
I/sysproc (   60): System server: starting Android runtime.
I/sysproc (   60): System server: starting Android services.
I/SystemServer(   60): Entered the Android system server!
I/sysproc (   60): System server: entering thread pool.
I/SystemServer(   60): Entropy Service
I/SystemServer(   60): Power Manager
I/SystemServer(   60): Activity Manager
I/ActivityManager(   60): Memory class: 24
W/UsageStats(   60): Usage stats version changed; dropping
I/BootAnimation(   70): boot animation disabled
I/SystemServer(   60): Telephony Registry
I/SystemServer(   60): Package Manager
I/Installer(   60): connecting...
I/installd(   35): new connection
I/PackageManager(   60): Libs: android.test.runner:/system/framework/android.test.runner.jar javax.obex:/system/framework/javax.obex.jar
I/PackageManager(   60): Features: android.hardware.camera android.hardware.camera.autofocus
D/dalvikvm(   60): GC_FOR_MALLOC freed 5976 objects / 246520 bytes in 62ms
W/PackageManager(   60): Running ENG build: no pre-dexopt!
D/PackageManager(   60): Scanning app dir /system/framework
D/PackageManager(   60): Scanning app dir /system/app
D/dalvikvm(   60): GC_FOR_MALLOC freed 7215 objects / 368656 bytes in 55ms
D/dalvikvm(   60): GC_FOR_MALLOC freed 5792 objects / 316352 bytes in 65ms
D/PackageManager(   60): Scanning app dir /data/app
W/PackageParser(   60): No actions in intent filter at /data/app/ApiDemos.apk Binary XML file line #1841
W/PackageParser(   60): No actions in intent filter at /data/app/ApiDemos.apk Binary XML file line #1847
W/PackageManager(   60): Package com.example.android.apis desires unavailable shared library com.example.will.never.exist; ignoring!
D/dalvikvm(   60): GC_FOR_MALLOC freed 6332 objects / 335776 bytes in 66ms
D/PackageManager(   60): Scanning app dir /data/app-private
I/PackageManager(   60): Time to scan packages: 1.891 seconds
W/PackageManager(   60): Unknown permission com.google.android.googleapps.permission.GOOGLE_AUTH.mail in package com.android.contacts
W/PackageManager(   60): Unknown permission android.permission.ADD_SYSTEM_SERVICE in package com.android.phone
W/PackageManager(   60): Not granting permission android.permission.SEND_DOWNLOAD_COMPLETED_INTENTS to package com.android.browser (protectionLevel=2 flags=0x1be45)
W/PackageManager(   60): Unknown permission com.google.android.gm.permission.WRITE_GMAIL in package com.android.settings
W/PackageManager(   60): Unknown permission com.google.android.gm.permission.READ_GMAIL in package com.android.settings
W/PackageManager(   60): Unknown permission com.google.android.googleapps.permission.GOOGLE_AUTH in package com.android.settings
W/PackageManager(   60): Unknown permission com.google.android.googleapps.permission.GOOGLE_AUTH in package com.android.providers.contacts
W/PackageManager(   60): Unknown permission com.google.android.googleapps.permission.GOOGLE_AUTH.cp in package com.android.providers.contacts
W/PackageManager(   60): Unknown permission com.google.android.googleapps.permission.ACCESS_GOOGLE_PASSWORD in package com.android.development
W/PackageManager(   60): Unknown permission com.google.android.googleapps.permission.GOOGLE_AUTH in package com.android.development
W/PackageManager(   60): Unknown permission com.google.android.googleapps.permission.GOOGLE_AUTH.ALL_SERVICES in package com.android.development
W/PackageManager(   60): Unknown permission com.google.android.googleapps.permission.GOOGLE_AUTH.YouTubeUser in package com.android.development
D/dalvikvm(   60): GC_EXPLICIT freed 3567 objects / 229936 bytes in 59ms
I/SystemServer(   60): Account Manager
I/SystemServer(   60): Content Manager
I/SystemServer(   60): System Content Providers
I/ActivityThread(   60): Publishing provider settings: com.android.providers.settings.SettingsProvider
I/SystemServer(   60): Battery Service
I/SystemServer(   60): Lights Service
I/SystemServer(   60): Vibrator Service
D/qemud   (   38): fdhandler_accept_event: accepting on fd 10
D/qemud   (   38): created client 0x11008 listening on fd 12
D/qemud   (   38): client_fd_receive: attempting registration for service 'hw-control'
D/qemud   (   38): client_fd_receive:    -> received channel id 3
D/qemud   (   38): client_registration: registration succeeded for client 3
I/SystemServer(   60): Alarm Manager
I/SystemServer(   60): Init Watchdog
I/SystemServer(   60): Sensor Service
D/qemud   (   38): fdhandler_accept_event: accepting on fd 10
D/qemud   (   38): created client 0xc038 listening on fd 13
D/qemud   (   38): client_fd_receive: attempting registration for service 'sensors'
D/qemud   (   38): client_fd_receive:    -> received channel id 4
D/qemud   (   38): client_registration: registration succeeded for client 4
D/qemud   (   38): fdhandler_event: disconnect on fd 13
I/SystemServer(   60): Window Manager
I/EventHub(   60): New keyboard: device->id=0x10000 devname='qwerty2' propName='hw.keyboards.65536.devname' keylayout='/system/usr/keylayout/qwerty.kl'
I/EventHub(   60): New device: path=/dev/input/event0 name=qwerty2 id=0x10000 (of 0x1) index=1 fd=47 classes=0x2f
E/EventHub(   60): could not get driver version for /dev/input/mouse0, Not a typewriter
E/EventHub(   60): could not get driver version for /dev/input/mice, Not a typewriter
I/KeyInputQueue(   60): Device added: id=0x0, name=qwerty2, classes=2f
I/KeyInputQueue(   60):   X: min=0 max=319 flat=0 fuzz=0
I/KeyInputQueue(   60):   Y: min=0 max=479 flat=0 fuzz=0
I/KeyInputQueue(   60):   Pressure: unknown values
I/KeyInputQueue(   60):   Size: unknown values
I/KeyInputQueue(   60): No virtual keys found
D/qemud   (   38): fdhandler_accept_event: accepting on fd 10
D/qemud   (   38): created client 0xc038 listening on fd 13
D/qemud   (   38): client_fd_receive: attempting registration for service 'sensors'
D/qemud   (   38): client_fd_receive:    -> received channel id 5
D/qemud   (   38): client_registration: registration succeeded for client 5
D/qemud   (   38): fdhandler_event: disconnect on fd 13
I/SystemServer(   60): Registering null Bluetooth Service (emulator)
E/System  (   60): Failure starting core service
E/System  (   60): java.lang.SecurityException
E/System  (   60): 	at android.os.BinderProxy.transact(Native Method)
E/System  (   60): 	at android.os.ServiceManagerProxy.addService(ServiceManagerNative.java:146)
E/System  (   60): 	at android.os.ServiceManager.addService(ServiceManager.java:72)
E/System  (   60): 	at com.android.server.ServerThread.run(SystemServer.java:184)
I/SystemServer(   60): Device Policy
I/SystemServer(   60): Status Bar
I/SystemServer(   60): Clipboard Service
I/SystemServer(   60): Input Method Service
I/InputManagerService(   60): Enabled input methods: com.android.inputmethod.latin/.LatinIME:com.android.inputmethod.pinyin/.PinyinIME:jp.co.omronsoft.openwnn/.OpenWnnJAJP
I/SystemServer(   60): NetStat Service
I/SystemServer(   60): NetworkManagement Service
I/SystemServer(   60): Connectivity Service
V/ConnectivityService(   60): ConnectivityService starting up
D/ConnectivityService(   60): getMobileDataEnabled returning true
V/ConnectivityService(   60): Starting Wifi Service.
I/WifiService(   60): WifiService starting up with Wi-Fi disabled
D/Tethering(   60): Tethering starting
D/NetworkManagmentService(   60): Registering observer
I/SystemServer(   60): Throttle Service
I/SystemServer(   60): Accessibility Manager
I/SystemServer(   60): Mount Service
I/SystemServer(   60): Notification Manager
I/SystemServer(   60): Device Storage Monitor
D/VoldCmdListener(   29): volume list
I/PackageManager(   60): Updating external media status from unmounted to unmounted
D/VoldCmdListener(   29): share status ums
I/SystemServer(   60): Location Manager
I/SystemServer(   60): Search Service
I/SystemServer(   60): DropBox Service
I/SystemServer(   60): Wallpaper Service
I/SystemServer(   60): Audio Service
D/dalvikvm(   60): GC_FOR_MALLOC freed 4137 objects / 247232 bytes in 80ms
D/AudioHardwareInterface(   34): setMode(NORMAL)
W/AudioPolicyManagerBase(   34): setPhoneState() setting same state 0
E/SoundPool(   60): error loading /system/media/audio/ui/Effect_Tick.ogg
W/AudioService(   60): Soundpool could not load file: /system/media/audio/ui/Effect_Tick.ogg
E/SoundPool(   60): error loading /system/media/audio/ui/KeypressStandard.ogg
W/AudioService(   60): Soundpool could not load file: /system/media/audio/ui/KeypressStandard.ogg
E/SoundPool(   60): error loading /system/media/audio/ui/KeypressSpacebar.ogg
W/AudioService(   60): Soundpool could not load file: /system/media/audio/ui/KeypressSpacebar.ogg
E/SoundPool(   60): error loading /system/media/audio/ui/KeypressDelete.ogg
W/AudioService(   60): Soundpool could not load file: /system/media/audio/ui/KeypressDelete.ogg
E/SoundPool(   60): error loading /system/media/audio/ui/KeypressReturn.ogg
W/AudioService(   60): Soundpool could not load file: /system/media/audio/ui/KeypressReturn.ogg
I/SystemServer(   60): Headset Observer
W/HeadsetObserver(   60): This kernel does not have wired headset support
I/SystemServer(   60): Dock Observer
W/DockObserver(   60): This kernel does not have dock station support
I/SystemServer(   60): UI Mode Manager Service
I/SystemServer(   60): Backup Service
V/BackupManagerService(   60): No ancestral data
I/BackupManagerService(   60): Found stale backup journal, scheduling:
I/BackupManagerService(   60):     + com.android.inputmethod.latin
I/BackupManagerService(   60):     + com.android.browser
I/BackupManagerService(   60):     + com.android.providers.userdictionary
I/BackupManagerService(   60):     + android
I/BackupManagerService(   60):     + com.android.providers.settings
I/BackupManagerService(   60): Backup enabled => false
I/SystemServer(   60): AppWidget Service
I/SystemServer(   60): Recognition Service
D/VoldCmdListener(   29): share status ums
D/StorageNotification(   60): Startup with UMS connection false (media state unmounted)
I/SystemServer(   60): DiskStats Service
I/WindowManager(   60): SAFE MODE not enabled
W/DevicePolicyManagerService(   60): failed parsing /data/system/device_policies.xml java.io.FileNotFoundException: /data/system/device_policies.xml (No such file or directory)
I/ActivityManager(   60): Config changed: { scale=1.0 imsi=0/0 loc=en_US touch=3 keys=2/1/2 nav=3/1 orien=1 layout=18 uiMode=0 seq=1}
D/PowerManagerService(   60): system ready!
I/ActivityManager(   60): Sending system update to: ComponentInfo{com.android.providers.contacts/com.android.providers.contacts.ContactsUpgradeReceiver}
I/Zygote  (   60): Process: zygote socket opened
I/ActivityManager(   60): Start proc android.process.acore for broadcast com.android.providers.contacts/.ContactsUpgradeReceiver: pid=99 uid=10000 gids={3003, 1015}
W/StatusBar(   60): No icon ID for slot ime
I/ActivityManager(   60): Launching preboot mode app: ProcessRecord{44fc9110 99:android.process.acore/10000}
D/qemud   (   38): fdhandler_accept_event: accepting on fd 10
D/qemud   (   38): created client 0xc038 listening on fd 13
D/qemud   (   38): client_fd_receive: attempting registration for service 'sensors'
D/qemud   (   38): client_fd_receive:    -> received channel id 6
D/qemud   (   38): client_registration: registration succeeded for client 6
I/ActivityManager(   60): Starting activity: Intent { act=android.intent.action.MAIN cat=[android.intent.category.HOME] flg=0x10000000 cmp=com.android.launcher/com.android.launcher2.Launcher }
D/StatusBar(   60): DISABLE_EXPAND: yes
I/ActivityManager(   60): Removing system update proc: ProcessRecord{44fc9110 99:android.process.acore/10000}
I/Process (   60): Sending signal. PID: 99 SIG: 9
I/ActivityManager(   60): System now ready
I/SystemServer(   60): Making services ready
I/ActivityManager(   60): Config changed: { scale=1.0 imsi=0/0 loc=en_US touch=3 keys=2/1/2 nav=3/1 orien=1 layout=18 uiMode=17 seq=2}
W/RecognitionManagerService(   60): no available voice recognition services found
I/ARMAssembler(   60): generated scanline__00000177:03515104_00001001_00000000 [ 91 ipp] (114 ins) at [0x2b9bd0:0x2b9d98] in 6273209 ns
D/dalvikvm(   60): GC_FOR_MALLOC freed 5263 objects / 305520 bytes in 81ms
I/ActivityManager(   60): Start proc jp.co.omronsoft.openwnn for service jp.co.omronsoft.openwnn/.OpenWnnJAJP: pid=108 uid=10023 gids={}
D/libhardware_legacy(   60): using QEMU GPS Hardware emulation
D/NetworkManagmentService(   60): Registering observer
E/ThrottleService(   60): Could not open GPS configuration file /etc/gps.conf
I/ActivityManager(   60): Start proc com.android.phone for added application com.android.phone: pid=114 uid=1001 gids={3002, 3001, 3003, 1015}
I/ActivityManager(   60): Start proc com.android.launcher for activity com.android.launcher/com.android.launcher2.Launcher: pid=117 uid=10025 gids={}
I/ARMAssembler(   60): generated scanline__00000177:03515104_00000001_00000000 [ 73 ipp] (95 ins) at [0x2a5ac0:0x2a5c3c] in 504674 ns
I/ActivityManager(   60): Start proc com.android.settings for broadcast com.android.settings/.widget.SettingsAppWidgetProvider: pid=119 uid=1000 gids={3002, 3001, 3003}
W/GpsLocationProvider(   60): Could not open GPS configuration file /etc/gps.conf
W/ActivityManager(   60): Unable to start service Intent { act=@0 }: not found
W/ActivityManager(   60): Unable to start service Intent { act=@0 }: not found
E/logwrapper(  131): executing /system/bin/tc failed: No such file or directory
I/logwrapper(   30): /system/bin/tc terminated by exit(255)
E/logwrapper(  132): executing /system/bin/tc failed: No such file or directory
I/logwrapper(   30): /system/bin/tc terminated by exit(255)
E/logwrapper(  135): executing /system/bin/tc failed: No such file or directory
I/logwrapper(   30): /system/bin/tc terminated by exit(255)
D/qemud   (   38): fdhandler_accept_event: accepting on fd 10
D/qemud   (   38): created client 0xc088 listening on fd 14
D/qemud   (   38): client_fd_receive: attempting registration for service 'gps'
D/qemud   (   38): client_fd_receive:    -> received channel id 7
D/qemud   (   38): client_registration: registration succeeded for client 7
I/ActivityThread(  114): Publishing provider icc: com.android.phone.IccProvider
D/dalvikvm(   60): GC_EXTERNAL_ALLOC freed 3718 objects / 235872 bytes in 335ms
I/ActivityThread(  114): Publishing provider mms-sms: com.android.providers.telephony.MmsSmsProvider
I/ActivityThread(  117): Publishing provider com.android.launcher2.settings: com.android.launcher2.LauncherProvider
D/dalvikvm(  108): No JNI_OnLoad found in /system/lib/libwnndict.so 0x44e7e588, skipping init
I/ActivityThread(  114): Publishing provider mms: com.android.providers.telephony.MmsProvider
I/ActivityThread(  114): Publishing provider sms: com.android.providers.telephony.SmsProvider
I/ActivityThread(  114): Publishing provider telephony: com.android.providers.telephony.TelephonyProvider
D/dalvikvm(  117): GC_EXTERNAL_ALLOC freed 968 objects / 72568 bytes in 262ms
D/dalvikvm(  108): GC_FOR_MALLOC freed 1373 objects / 241144 bytes in 258ms
I/ARMAssembler(   60): generated scanline__00000077:03545404_00000004_00000000 [ 47 ipp] (67 ins) at [0x2181a0:0x2182ac] in 4461230 ns
I/ARMAssembler(   60): generated scanline__00000077:03010104_00000004_00000000 [ 22 ipp] (41 ins) at [0x2182b0:0x218354] in 386494 ns
D/ConnectivityService(   60): getMobileDataEnabled returning true
D/dalvikvm(  108): GC_FOR_MALLOC freed 396 objects / 393800 bytes in 573ms
I/ActivityManager(   60): Start proc android.process.acore for content provider com.android.providers.contacts/.CallLogProvider: pid=156 uid=10000 gids={3003, 1015}
D/PhoneApp(  114): onCreate: mProximityWakeLock: null
W/ActivityManager(   60): Unable to start service Intent { act=com.android.ussd.IExtendedNetworkService }: not found
D/PhoneApp(  114): Resetting audio state/mode: IDLE
D/KeyguardViewMediator(   60): pokeWakelock(5000)
D/KeyguardViewMediator(   60): pokeWakelock(5000)
D/AlarmManagerService(   60): Kernel timezone updated to 0 minutes west of GMT
D/SystemClock(  114): Setting time of day to sec=1313514254
I/ActivityManager(   60): Start proc com.android.alarmclock for broadcast com.android.alarmclock/.AlarmInitReceiver: pid=162 uid=10009 gids={}
W/SystemClock(  114): Unable to set rtc to 1313514254: Invalid argument
D/MobileDataStateTracker(   60): default Received state= DISCONNECTED, old= DISCONNECTED, reason= radioTurnedOff, apnTypeList= default
D/MobileDataStateTracker(   60): default Received state= DISCONNECTED, old= DISCONNECTED, reason= gprsDetached, apnTypeList= default
I/ActivityThread(  156): Publishing provider com.android.social: com.android.providers.contacts.SocialProvider
I/ActivityThread(  156): Publishing provider applications: com.android.providers.applications.ApplicationsProvider
I/ActivityThread(  162): Publishing provider com.android.alarmclock: com.android.alarmclock.AlarmProvider
D/dalvikvm(  114): GC_FOR_MALLOC freed 3613 objects / 220752 bytes in 260ms
D/dalvikvm(   60): GREF has increased to 201
I/ActivityThread(  156): Publishing provider contacts;com.android.contacts: com.android.providers.contacts.ContactsProvider2
D/MobileDataStateTracker(   60): default Received state= DISCONNECTED, old= DISCONNECTED, reason= (unspecified), apnTypeList= default
D/MccTable(  114): updateMccMncConfiguration: mcc=310, mnc=260
D/MccTable(  114): locale set to en_us
D/MccTable(  114): WIFI_NUM_ALLOWED_CHANNELS set to 11
I/WifiService(   60): WifiService trying to setNumAllowed to 11 with persist set to true
I/ActivityManager(   60): Config changed: { scale=1.0 imsi=310/260 loc=en_US touch=3 keys=2/1/2 nav=3/1 orien=1 layout=18 uiMode=17 seq=3}
I/UsageStats(   60): Unexpected resume of com.android.launcher while already resumed in com.android.launcher
I/ActivityManager(   60): Start proc com.android.music for broadcast com.android.music/.MediaAppWidgetProvider: pid=179 uid=10022 gids={3003, 1015}
D/TelephonyProvider(  114): Setting numeric '310260' to be the current operator
D/MobileDataStateTracker(   60): default Received state= CONNECTING, old= DISCONNECTED, reason= simLoaded, apnTypeList= *
D/NetworkStateTracker(   60): setDetailed state, old =IDLE and new state=CONNECTING
D/ConnectivityService(   60): ConnectivityChange for mobile: CONNECTING/CONNECTING
D/MobileDataStateTracker(   60): replacing old mInterfaceName (null) with /dev/omap_csmi_tty1 for hipri
D/MobileDataStateTracker(   60): replacing old mInterfaceName (null) with /dev/omap_csmi_tty1 for supl
D/MobileDataStateTracker(   60): replacing old mInterfaceName (null) with /dev/omap_csmi_tty1 for mms
D/MobileDataStateTracker(   60): default Received state= CONNECTED, old= CONNECTING, reason= simLoaded, apnTypeList= *
D/NetworkStateTracker(   60): setDetailed state, old =CONNECTING and new state=CONNECTED
D/ConnectivityService(   60): ConnectivityChange for mobile: CONNECTED/CONNECTED
V/NetworkStateTracker(   60): Setting TCP values: [4094,87380,110208,4096,16384,110208] which comes from [net.tcp.buffersize.umts]
D/ConnectivityService(   60): adding dns 10.0.2.3 for mobile
D/Tethering(   60): Tethering got CONNECTIVITY_ACTION
D/Tethering(   60): MasterInitialState.processMessage what=3
E/HierarchicalStateMachine(   60): TetherMaster - unhandledMessage: msg.what=3
I/ActivityThread(  156): Publishing provider call_log: com.android.providers.contacts.CallLogProvider
D/SntpClient(   60): request time failed: java.net.SocketException: Address family not supported by protocol
I/ActivityThread(  156): Publishing provider user_dictionary: com.android.providers.userdictionary.UserDictionaryProvider
I/ActivityManager(   60): Start proc com.android.quicksearchbox for broadcast com.android.quicksearchbox/.SearchWidgetProvider: pid=186 uid=10012 gids={3003}
D/dalvikvm(   33): GC_EXPLICIT freed 264 objects / 9968 bytes in 324ms
D/dalvikvm(   33): GC_EXPLICIT freed 40 objects / 1736 bytes in 144ms
D/dalvikvm(   33): GC_EXPLICIT freed 2 objects / 48 bytes in 76ms
I/ActivityManager(   60): Displayed activity com.android.launcher/com.android.launcher2.Launcher: 9593 ms (total 9593 ms)
I/ActivityThread(  186): Publishing provider com.android.quicksearchbox.google: com.android.quicksearchbox.google.GoogleSuggestionProvider
I/SurfaceFlinger(   60): Boot is finished (14708 ms)
D/PowerManagerService(   60): bootCompleted
D/VoldCmdListener(   29): volume mount /mnt/sdcard
I/Vold    (   29): /dev/block/vold/179:0 being considered for volume sdcard
D/Vold    (   29): Volume sdcard state changing 1 (Idle-Unmounted) -> 3 (Checking)
I/StorageNotification(   60): Media {/mnt/sdcard} state changed from {unmounted} -> {checking}
D/dalvikvm(   60): GC_FOR_MALLOC freed 8518 objects / 480280 bytes in 135ms
I/ActivityManager(   60): Start proc com.android.protips for broadcast com.android.protips/.ProtipWidget: pid=201 uid=10007 gids={}
D/AndroidRuntime(  195): 
D/AndroidRuntime(  195): >>>>>>>>>>>>>> AndroidRuntime START <<<<<<<<<<<<<<
D/AndroidRuntime(  195): CheckJNI is ON
I/ActivityManager(   60): Start proc android.process.media for broadcast com.android.providers.downloads/.DownloadReceiver: pid=207 uid=10002 gids={1015, 1006, 2001, 3003}
D/AndroidRuntime(  195): --- registering native functions ---
I/SearchManagerService(   60): Building list of searchable activities
I//system/bin/fsck_msdos(   29): ** /dev/block/vold/179:0
I//system/bin/fsck_msdos(   29): ** Phase 1 - Read and Compare FATs
I/ActivityThread(  207): Publishing provider drm: com.android.providers.drm.DrmProvider
I//system/bin/fsck_msdos(   29): Attempting to allocate 998 KB for FAT
I/ActivityThread(  207): Publishing provider media: com.android.providers.media.MediaProvider
V/MediaProvider(  207): Attached volume: internal
I/ActivityThread(  207): Publishing provider downloads: com.android.providers.downloads.DownloadProvider
D/OtaStartupReceiver(  114): Not a CDMA phone, no need to process OTA
I/RecoverySystem(   60): No recovery log file
D/dalvikvm(   60): GC_EXPLICIT freed 6719 objects / 325448 bytes in 108ms
I/ActivityManager(   60): Start proc com.android.mms for broadcast com.android.mms/.transaction.MmsSystemEventReceiver: pid=222 uid=10015 gids={3003, 1015}
D/MediaScannerService(  207): start scanning volume internal
I/ActivityThread(  222): Publishing provider com.android.mms.SuggestionsProvider: com.android.mms.SuggestionsProvider
I/ActivityManager(   60): Start proc com.android.defcontainer for service com.android.defcontainer/.DefaultContainerService: pid=235 uid=10010 gids={1015, 2001}
I/ActivityManager(   60): Start proc com.android.email for broadcast com.android.email/com.android.exchange.BootReceiver: pid=244 uid=10030 gids={3003, 1015}
I/ActivityThread(  244): Publishing provider com.android.email.provider: com.android.email.provider.EmailProvider
I/ActivityThread(  244): Publishing provider com.android.exchange.provider: com.android.exchange.provider.ExchangeProvider
I/ActivityThread(  244): Publishing provider com.android.email.attachmentprovider: com.android.email.provider.AttachmentProvider
D/Exchange(  244): BootReceiver onReceive
D/EAS SyncManager(  244): !!! EAS SyncManager, onCreate
D/dalvikvm(  235): GC_EXPLICIT freed 689 objects / 52656 bytes in 85ms
D/EAS SyncManager(  244): !!! EAS SyncManager, onStartCommand
D/EAS SyncManager(  244): !!! EAS SyncManager, stopping self
D/Eas Debug(  244): Logging: 
D/EAS SyncManager(  244): !!! EAS SyncManager, onDestroy
I//system/bin/fsck_msdos(   29): Attempting to allocate 998 KB for FAT
D/MediaScanner(  207):  prescan time: 1721ms
D/MediaScanner(  207):     scan time: 7ms
D/MediaScanner(  207): postscan time: 1ms
D/MediaScanner(  207):    total time: 1729ms
D/MediaScannerService(  207): done scanning volume internal
I//system/bin/fsck_msdos(   29): ** Phase 2 - Check Cluster Chains
I//system/bin/fsck_msdos(   29): ** Phase 3 - Checking Directories
I//system/bin/fsck_msdos(   29): ** Phase 4 - Checking for Lost Files
I//system/bin/fsck_msdos(   29): 3 files, 509980 free (254990 clusters)
I/logwrapper(   29): /system/bin/fsck_msdos terminated by exit(0)
I/Vold    (   29): Filesystem check completed OK
I/Vold    (   29): Device /dev/block/vold/179:0, target /mnt/sdcard mounted @ /mnt/secure/staging
D/Vold    (   29): Volume sdcard state changing 3 (Checking) -> 4 (Mounted)
I/PackageManager(   60): Updating external media status from unmounted to mounted
I/StorageNotification(   60): Media {/mnt/sdcard} state changed from {checking} -> {mounted}
D/MediaScannerService(  207): start scanning volume external
V/MediaProvider(  207): /mnt/sdcard volume ID: 269566224
V/MediaProvider(  207): Attached volume: external
I/Launcher.Model(  117): not binding apps: no Launcher activity
D/dalvikvm(  117): GC_EXPLICIT freed 4016 objects / 222888 bytes in 82ms
D/VoldCmdListener(   29): asec list
I/PackageManager(   60): No secure containers on sdcard
W/PackageManager(   60): Unknown permission com.google.android.googleapps.permission.GOOGLE_AUTH.mail in package com.android.contacts
W/PackageManager(   60): Unknown permission android.permission.ADD_SYSTEM_SERVICE in package com.android.phone
V/MediaScanner(  207): pruneDeadThumbnailFiles... android.database.sqlite.SQLiteCursor@44f1f8b8
V/MediaScanner(  207): /pruneDeadThumbnailFiles... android.database.sqlite.SQLiteCursor@44f1f8b8
W/PackageManager(   60): Not granting permission android.permission.SEND_DOWNLOAD_COMPLETED_INTENTS to package com.android.browser (protectionLevel=2 flags=0x1be45)
W/PackageManager(   60): Unknown permission com.google.android.gm.permission.WRITE_GMAIL in package com.android.settings
W/PackageManager(   60): Unknown permission com.google.android.gm.permission.READ_GMAIL in package com.android.settings
W/PackageManager(   60): Unknown permission com.google.android.googleapps.permission.GOOGLE_AUTH in package com.android.settings
D/MediaScanner(  207):  prescan time: 71ms
D/MediaScanner(  207):     scan time: 6ms
D/MediaScanner(  207): postscan time: 158ms
D/MediaScanner(  207):    total time: 235ms
W/PackageManager(   60): Unknown permission com.google.android.googleapps.permission.GOOGLE_AUTH in package com.android.providers.contacts
W/PackageManager(   60): Unknown permission com.google.android.googleapps.permission.GOOGLE_AUTH.cp in package com.android.providers.contacts
W/PackageManager(   60): Unknown permission com.google.android.googleapps.permission.ACCESS_GOOGLE_PASSWORD in package com.android.development
W/PackageManager(   60): Unknown permission com.google.android.googleapps.permission.GOOGLE_AUTH in package com.android.development
W/PackageManager(   60): Unknown permission com.google.android.googleapps.permission.GOOGLE_AUTH.ALL_SERVICES in package com.android.development
W/PackageManager(   60): Unknown permission com.google.android.googleapps.permission.GOOGLE_AUTH.YouTubeUser in package com.android.development
D/MediaScannerService(  207): done scanning volume external
D/PackageParser(   60): Scanning package: /data/app/vmdl55091.tmp
D/dalvikvm(  117): GC_EXPLICIT freed 10757 objects / 522632 bytes in 85ms
D/dalvikvm(   60): GC_FOR_MALLOC freed 6879 objects / 432352 bytes in 86ms
D/dalvikvm(   60): GC_FOR_MALLOC freed 9530 objects / 543336 bytes in 84ms
D/PackageManager(   60): Scanning package com.rhomobile.mydailyrhodes
I/PackageManager(   60): /data/app/com.rhomobile.mydailyrhodes-1.apk changed; unpacking
D/PackageManager(   60): Caching shared lib lib/armeabi/librhodes.so
D/installd(   35): DexInv: --- BEGIN '/data/app/com.rhomobile.mydailyrhodes-1.apk' ---
D/dalvikvm(  261): DexOpt: load 231ms, verify 574ms, opt 14ms
D/installd(   35): DexInv: --- END '/data/app/com.rhomobile.mydailyrhodes-1.apk' (success) ---
D/PackageManager(   60): Registered content provider: com.rhomobile.mydailyrhodes, className = com.rhomobile.rhodes.LocalFileProvider, isSyncable = false
D/PackageManager(   60):   Providers: com.rhomobile.rhodes.LocalFileProvider
D/PackageManager(   60):   Services: com.rhomobile.rhodes.RhodesService
D/PackageManager(   60):   Activities: com.rhomobile.rhodes.RhodesActivity com.rhomobile.rhodes.alert.PopupActivity com.rhomobile.rhodes.camera.FileList com.rhomobile.rhodes.camera.ImageCapture com.rhomobile.rhodes.signature.ImageCapture com.rhomobile.rhodes.datetime.DateTimePickerScreen com.rhomobile.rhodes.mapview.MapView com.rhomobile.rhodes.mapview.GoogleMapView com.rhomobile.rhodes.bluetooth.RhoBluetoothDeviceListActivity
I/ActivityManager(   60): Force stopping package com.rhomobile.mydailyrhodes uid=10037
I/installd(   35): move /data/dalvik-cache/data@app@com.rhomobile.mydailyrhodes-1.apk@classes.dex -> /data/dalvik-cache/data@app@com.rhomobile.mydailyrhodes-1.apk@classes.dex
D/PackageManager(   60): New package installed in /data/app/com.rhomobile.mydailyrhodes-1.apk
I/ActivityManager(   60): Start proc com.svox.pico for broadcast com.svox.pico/.VoiceDataInstallerReceiver: pid=262 uid=10028 gids={}
D/dalvikvm(   60): GC_EXPLICIT freed 8504 objects / 464208 bytes in 139ms
D/AndroidRuntime(  195): Shutting down VM
D/dalvikvm(  195): Debugger has detached; object registry had 1 entries
I/AndroidRuntime(  195): NOTE: attach of thread 'Binder Thread #3' failed
W/RecognitionManagerService(   60): no available voice recognition services found
I/ActivityThread(  262): Publishing provider com.svox.pico.providers.SettingsProvider: com.svox.pico.providers.SettingsProvider
D/AndroidRuntime(  272): 
D/AndroidRuntime(  272): >>>>>>>>>>>>>> AndroidRuntime START <<<<<<<<<<<<<<
D/AndroidRuntime(  272): CheckJNI is ON
D/dalvikvm(  156): GC_FOR_MALLOC freed 3789 objects / 230920 bytes in 292ms
D/AndroidRuntime(  272): --- registering native functions ---
I/ActivityManager(   60): Starting activity: Intent { act=android.intent.action.MAIN flg=0x10000000 cmp=com.rhomobile.mydailyrhodes/com.rhomobile.rhodes.RhodesActivity }
D/AndroidRuntime(  272): Shutting down VM
D/dalvikvm(  272): Debugger has detached; object registry had 1 entries
I/AndroidRuntime(  272): NOTE: attach of thread 'Binder Thread #3' failed
I/ActivityManager(   60): Start proc com.rhomobile.mydailyrhodes for activity com.rhomobile.mydailyrhodes/com.rhomobile.rhodes.RhodesActivity: pid=279 uid=10037 gids={3003}
D/dalvikvm(  279): Trying to load lib /data/data/com.rhomobile.mydailyrhodes/lib/librhodes.so 0x44edf560
D/dalvikvm(  279): Added shared lib /data/data/com.rhomobile.mydailyrhodes/lib/librhodes.so 0x44edf560
I/ActivityThread(  279): Publishing provider com.rhomobile.mydailyrhodes: com.rhomobile.rhodes.LocalFileProvider
I/RhodesActivity(  279): >>>>>>>>>>>>>>> onCreate()
D/RhodesActivity(  279): RhodesActivity.onStart()
D/RhodesActivity(  279): RhodesActivity.onResume()
D/RhodesService(  279): Root path: /data/data/com.rhomobile.mydailyrhodes/rhodata/
D/RhodesService(  279): Sqlite journals path: /data/data/com.rhomobile.mydailyrhodes/sqlite_stmt_journals/
I/global  (  279): Default buffer size used in BufferedReader constructor. It would be better to be explicit if an 8k-char buffer is required.
I/RhodesService(  279): Application hash was changed
W/ActivityManager(   60): No content provider found for: 
D/RhodesService(  279): Root path: /data/data/com.rhomobile.mydailyrhodes/rhodata/
D/RhodesService(  279): Sqlite journals path: /data/data/com.rhomobile.mydailyrhodes/sqlite_stmt_journals/
I/global  (  279): Default buffer size used in BufferedReader constructor. It would be better to be explicit if an 8k-char buffer is required.
I/APP     (  279): I 08/16/2011 17:04:35:444 afd48828            RhodesApp| Trying to get free listening port.
I/APP     (  279): I 08/16/2011 17:04:35:480 afd48828            RhodesApp| Trying to bind of 0 port...
I/APP     (  279): I 08/16/2011 17:04:35:482 afd48828            RhodesApp| Got port to bind on: 49277
I/APP     (  279): I 08/16/2011 17:04:35:451 00231c88         AppCallbacks| Starting main routine...
I/APP     (  279): I 08/16/2011 17:04:35:484 00231c88         AppCallbacks| ThreadQueue blocked for 300 seconds...
I/APP     (  279): I 08/16/2011 17:04:35:487 afd48828            RhodesApp| Free listening port: 49277
D/dalvikvm(  279): GC_FOR_MALLOC freed 5663 objects / 346976 bytes in 62ms
I/APP     (  279): I 08/16/2011 17:04:35:611 afd48828               Rhodes| Loading...
I/APP     (  279): I 08/16/2011 17:04:36:880 afd48828            RhodesApp| callAppActiveCallback
I/APP     (  279): I 08/16/2011 17:04:36:881 afd48828         AppCallbacks| addCommand: APP-ACTIVATED
I/APP     (  279): I 08/16/2011 17:04:36:892 00231c88         AppCallbacks| Received command APP-ACTIVATED which is greater than expected (LOCAL-SERVER-STARTED) - postpone it
I/APP     (  279): I 08/16/2011 17:04:36:893 00231c88         AppCallbacks| ThreadQueue blocked for 300 seconds...
I/APP     (  279): I 08/16/2011 17:04:36:895 afd48828         AppActivated| Cannot commit now, application will be activated when started.
I/APP     (  279): I 08/16/2011 17:04:36:896 afd48828            Undefined| Handlers have completed.
I/APP     (  279): I 08/16/2011 17:04:36:897 afd48828    RhodesApplication| New AppState: Undefined
I/APP     (  279): I 08/16/2011 17:04:36:901 afd48828        RhodesService| handleCommand: startId=1, source=com.rhomobile.rhodes.BaseActivity
I/APP     (  279): I 08/16/2011 17:04:36:905 afd48828        RhodesService| New activity was created
I/APP     (  279): I 08/16/2011 17:04:36:903 00260188            RhodesApp| Starting RhodesApp main routine...
I/APP     (  279): I 08/16/2011 17:04:37:084 afd48828         AppCallbacks| addCommand: UI-CREATED
I/APP     (  279): I 08/16/2011 17:04:37:084 00231c88         AppCallbacks| Received command UI-CREATED which is greater than expected (LOCAL-SERVER-STARTED) - postpone it
I/APP     (  279): I 08/16/2011 17:04:37:085 00231c88         AppCallbacks| ThreadQueue blocked for 300 seconds...
I/APP     (  279): I 08/16/2011 17:04:38:332 afd48828       RhodesActivity| onServiceConnected: {com.rhomobile.mydailyrhodes/com.rhomobile.rhodes.RhodesService}
I/APP     (  279): I 08/16/2011 17:04:39:154 00260188              RhoRuby| Init_RhoBlobs: /data/data/com.rhomobile.mydailyrhodes/rhodata/db/db-files
I/APP     (  279): I 08/16/2011 17:04:39:194 00260188              RhoRuby| require_compiled: rhoframework
I/APP     (  279): I 08/16/2011 17:04:39:242 00260188              RhoRuby| require_compiled: rational
