D/ConnectivityService(   60): getMobileDataEnabled returning true
V/ConnectivityService(   60): Starting Wifi Service.
I/WifiService(   60): WifiService starting up with Wi-Fi disabled
D/Tethering(   60): Tethering starting
D/NetworkManagmentService(   60): Registering observer
I/SystemServer(   60): Throttle Service
I/SystemServer(   60): Accessibility Manager
I/SystemServer(   60): Mount Service
I/SystemServer(   60): Notification Manager
I/SystemServer(   60): Device Storage Monitor
D/VoldCmdListener(   29): volume list
I/PackageManager(   60): Updating external media status from unmounted to unmounted
D/VoldCmdListener(   29): share status ums
I/SystemServer(   60): Location Manager
I/SystemServer(   60): Search Service
I/SystemServer(   60): DropBox Service
I/SystemServer(   60): Wallpaper Service
D/dalvikvm(   60): GC_FOR_MALLOC freed 4601 objects / 273800 bytes in 93ms
I/SystemServer(   60): Audio Service
D/AudioHardwareInterface(   34): setMode(NORMAL)
W/AudioPolicyManagerBase(   34): setPhoneState() setting same state 0
E/SoundPool(   60): error loading /system/media/audio/ui/Effect_Tick.ogg
W/AudioService(   60): Soundpool could not load file: /system/media/audio/ui/Effect_Tick.ogg
E/SoundPool(   60): error loading /system/media/audio/ui/KeypressStandard.ogg
W/AudioService(   60): Soundpool could not load file: /system/media/audio/ui/KeypressStandard.ogg
E/SoundPool(   60): error loading /system/media/audio/ui/KeypressSpacebar.ogg
W/AudioService(   60): Soundpool could not load file: /system/media/audio/ui/KeypressSpacebar.ogg
E/SoundPool(   60): error loading /system/media/audio/ui/KeypressDelete.ogg
W/AudioService(   60): Soundpool could not load file: /system/media/audio/ui/KeypressDelete.ogg
E/SoundPool(   60): error loading /system/media/audio/ui/KeypressReturn.ogg
W/AudioService(   60): Soundpool could not load file: /system/media/audio/ui/KeypressReturn.ogg
I/SystemServer(   60): Headset Observer
W/HeadsetObserver(   60): This kernel does not have wired headset support
I/SystemServer(   60): Dock Observer
W/DockObserver(   60): This kernel does not have dock station support
I/SystemServer(   60): UI Mode Manager Service
I/SystemServer(   60): Backup Service
V/BackupManagerService(   60): No ancestral data
I/BackupManagerService(   60): Found stale backup journal, scheduling:
I/BackupManagerService(   60):     + com.android.inputmethod.latin
I/BackupManagerService(   60):     + com.android.browser
I/BackupManagerService(   60):     + com.android.providers.userdictionary
I/BackupManagerService(   60):     + android
I/BackupManagerService(   60):     + com.android.providers.settings
I/BackupManagerService(   60): Backup enabled => false
I/SystemServer(   60): AppWidget Service
I/SystemServer(   60): Recognition Service
D/VoldCmdListener(   29): share status ums
D/StorageNotification(   60): Startup with UMS connection false (media state unmounted)
I/SystemServer(   60): DiskStats Service
I/WindowManager(   60): SAFE MODE not enabled
W/DevicePolicyManagerService(   60): failed parsing /data/system/device_policies.xml java.io.FileNotFoundException: /data/system/device_policies.xml (No such file or directory)
I/ActivityManager(   60): Config changed: { scale=1.0 imsi=0/0 loc=en_US touch=3 keys=2/1/2 nav=3/1 orien=1 layout=35 uiMode=0 seq=1}
D/PowerManagerService(   60): system ready!
I/ActivityManager(   60): Sending system update to: ComponentInfo{com.android.providers.calendar/com.android.providers.calendar.CalendarUpgradeReceiver}
I/ActivityManager(   60): Sending system update to: ComponentInfo{com.android.providers.contacts/com.android.providers.contacts.ContactsUpgradeReceiver}
I/Zygote  (   60): Process: zygote socket opened
I/ActivityManager(   60): Start proc com.android.providers.calendar for broadcast com.android.providers.calendar/.CalendarUpgradeReceiver: pid=99 uid=10004 gids={3003}
W/StatusBar(   60): No icon ID for slot ime
I/ActivityManager(   60): Launching preboot mode app: ProcessRecord{4509aa78 99:com.android.providers.calendar/10004}
D/qemud   (   38): fdhandler_accept_event: accepting on fd 10
D/qemud   (   38): created client 0xc038 listening on fd 13
D/qemud   (   38): client_fd_receive: attempting registration for service 'sensors'
D/qemud   (   38): client_fd_receive:    -> received channel id 7
D/qemud   (   38): client_registration: registration succeeded for client 7
I/ActivityManager(   60): Starting activity: Intent { act=android.intent.action.MAIN cat=[android.intent.category.HOME] flg=0x10000000 cmp=com.android.launcher/com.android.launcher2.Launcher }
D/StatusBar(   60): DISABLE_EXPAND: yes
I/ActivityManager(   60): Start proc android.process.acore for broadcast com.android.providers.contacts/.ContactsUpgradeReceiver: pid=106 uid=10009 gids={3003, 1015}
I/ARMAssembler(   60): generated scanline__00000177:03515104_00001001_00000000 [ 91 ipp] (114 ins) at [0x2c6188:0x2c6350] in 5543356 ns
I/ARMAssembler(   60): generated scanline__00000177:03515104_00000001_00000000 [ 73 ipp] (95 ins) at [0x2309a8:0x230b24] in 414597 ns
D/dalvikvm(   60): GC_FOR_MALLOC freed 4735 objects / 271600 bytes in 266ms
I/ActivityManager(   60): Launching preboot mode app: ProcessRecord{45103f40 106:android.process.acore/10009}
I/ActivityManager(   60): Removing system update proc: ProcessRecord{4509aa78 99:com.android.providers.calendar/10004}
I/Process (   60): Sending signal. PID: 99 SIG: 9
I/ActivityManager(   60): Removing system update proc: ProcessRecord{45103f40 106:android.process.acore/10009}
I/Process (   60): Sending signal. PID: 106 SIG: 9
I/ActivityManager(   60): System now ready
I/SystemServer(   60): Making services ready
I/ActivityManager(   60): Config changed: { scale=1.0 imsi=0/0 loc=en_US touch=3 keys=2/1/2 nav=3/1 orien=1 layout=35 uiMode=17 seq=2}
W/RecognitionManagerService(   60): no available voice recognition services found
I/ActivityManager(   60): Start proc jp.co.omronsoft.openwnn for service jp.co.omronsoft.openwnn/.OpenWnnJAJP: pid=123 uid=10031 gids={}
D/libhardware_legacy(   60): using QEMU GPS Hardware emulation
D/NetworkManagmentService(   60): Registering observer
E/ThrottleService(   60): Could not open GPS configuration file /etc/gps.conf
I/ActivityManager(   60): Start proc com.android.phone for added application com.android.phone: pid=127 uid=1001 gids={3002, 3001, 3003, 1015}
I/ActivityManager(   60): Start proc com.android.launcher for activity com.android.launcher/com.android.launcher2.Launcher: pid=129 uid=10022 gids={}
I/ActivityManager(   60): Start proc com.android.settings for broadcast com.android.settings/.widget.SettingsAppWidgetProvider: pid=133 uid=1000 gids={3002, 3001, 3003}
W/GpsLocationProvider(   60): Could not open GPS configuration file /etc/gps.conf
W/ActivityManager(   60): Unable to start service Intent { act=@0 }: not found
W/ActivityManager(   60): Unable to start service Intent { act=@0 }: not found
D/dalvikvm(   60): GC_EXTERNAL_ALLOC freed 3479 objects / 222696 bytes in 321ms
E/logwrapper(  150): executing /system/bin/tc failed: No such file or directory
I/logwrapper(   30): /system/bin/tc terminated by exit(255)
E/logwrapper(  151): executing /system/bin/tc failed: No such file or directory
I/logwrapper(   30): /system/bin/tc terminated by exit(255)
E/logwrapper(  152): executing /system/bin/tc failed: No such file or directory
I/logwrapper(   30): /system/bin/tc terminated by exit(255)
D/qemud   (   38): fdhandler_accept_event: accepting on fd 10
D/qemud   (   38): created client 0xc088 listening on fd 14
D/qemud   (   38): client_fd_receive: attempting registration for service 'gps'
D/qemud   (   38): client_fd_receive:    -> received channel id 8
D/qemud   (   38): client_registration: registration succeeded for client 8
I/ActivityThread(  129): Publishing provider com.android.launcher2.settings: com.android.launcher2.LauncherProvider
I/ActivityThread(  127): Publishing provider mms: com.android.providers.telephony.MmsProvider
D/dalvikvm(  123): No JNI_OnLoad found in /system/lib/libwnndict.so 0x44f51d00, skipping init
I/ActivityThread(  127): Publishing provider sms: com.android.providers.telephony.SmsProvider
D/dalvikvm(  123): GC_FOR_MALLOC freed 1435 objects / 243688 bytes in 296ms
D/dalvikvm(  129): GC_EXTERNAL_ALLOC freed 1030 objects / 75112 bytes in 395ms
I/ActivityThread(  127): Publishing provider telephony: com.android.providers.telephony.TelephonyProvider
I/ActivityThread(  127): Publishing provider icc: com.android.phone.IccProvider
I/ActivityThread(  127): Publishing provider mms-sms: com.android.providers.telephony.MmsSmsProvider
I/ARMAssembler(   60): generated scanline__00000077:03545404_00000004_00000000 [ 47 ipp] (67 ins) at [0x31d8a0:0x31d9ac] in 796088 ns
I/ARMAssembler(   60): generated scanline__00000077:03010104_00000004_00000000 [ 22 ipp] (41 ins) at [0x31d9b0:0x31da54] in 362628 ns
D/dalvikvm(  123): GC_FOR_MALLOC freed 390 objects / 385424 bytes in 625ms
D/ConnectivityService(   60): getMobileDataEnabled returning true
I/ActivityManager(   60): Start proc android.process.acore for content provider com.android.providers.contacts/.CallLogProvider: pid=166 uid=10009 gids={3003, 1015}
D/PhoneApp(  127): onCreate: mProximityWakeLock: null
W/ActivityManager(   60): Unable to start service Intent { act=com.android.ussd.IExtendedNetworkService }: not found
D/PhoneApp(  127): Resetting audio state/mode: IDLE
D/AlarmManagerService(   60): Kernel timezone updated to 0 minutes west of GMT
D/SystemClock(  127): Setting time of day to sec=1313570812
W/SystemClock(  127): Unable to set rtc to 1313570812: Invalid argument
I/ActivityThread(  166): Publishing provider com.android.social: com.android.providers.contacts.SocialProvider
I/ActivityThread(  166): Publishing provider applications: com.android.providers.applications.ApplicationsProvider
D/dalvikvm(   60): GREF has increased to 201
I/WindowManager(   60): Timeout waiting for wallpaper to offset: Window{45095008 com.android.internal.service.wallpaper.ImageWallpaper paused=false}
I/ActivityThread(  166): Publishing provider contacts;com.android.contacts: com.android.providers.contacts.ContactsProvider2
D/MobileDataStateTracker(   60): default Received state= DISCONNECTED, old= DISCONNECTED, reason= radioTurnedOff, apnTypeList= default
D/MobileDataStateTracker(   60): default Received state= DISCONNECTED, old= DISCONNECTED, reason= gprsDetached, apnTypeList= default
I/ActivityManager(   60): Start proc com.android.alarmclock for broadcast com.android.alarmclock/.AlarmInitReceiver: pid=177 uid=10000 gids={}
D/dalvikvm(  127): GC_FOR_MALLOC freed 3685 objects / 222312 bytes in 638ms
I/ActivityThread(  177): Publishing provider com.android.alarmclock: com.android.alarmclock.AlarmProvider
D/MobileDataStateTracker(   60): default Received state= DISCONNECTED, old= DISCONNECTED, reason= (unspecified), apnTypeList= default
D/KeyguardViewMediator(   60): pokeWakelock(5000)
D/MccTable(  127): updateMccMncConfiguration: mcc=310, mnc=260
D/MccTable(  127): locale set to en_us
D/KeyguardViewMediator(   60): pokeWakelock(5000)
D/MccTable(  127): WIFI_NUM_ALLOWED_CHANNELS set to 11
I/WifiService(   60): WifiService trying to setNumAllowed to 11 with persist set to true
I/ActivityManager(   60): Config changed: { scale=1.0 imsi=310/260 loc=en_US touch=3 keys=2/1/2 nav=3/1 orien=1 layout=35 uiMode=17 seq=3}
I/UsageStats(   60): Unexpected resume of com.android.launcher while already resumed in com.android.launcher
I/ActivityManager(   60): Start proc com.android.quicksearchbox for broadcast com.android.quicksearchbox/.SearchWidgetProvider: pid=188 uid=10016 gids={3003}
D/TelephonyProvider(  127): Setting numeric '310260' to be the current operator
D/MobileDataStateTracker(   60): default Received state= CONNECTING, old= DISCONNECTED, reason= simLoaded, apnTypeList= *
D/NetworkStateTracker(   60): setDetailed state, old =IDLE and new state=CONNECTING
D/ConnectivityService(   60): ConnectivityChange for mobile: CONNECTING/CONNECTING
D/dalvikvm(   33): GC_EXPLICIT freed 262 objects / 9928 bytes in 443ms
D/MobileDataStateTracker(   60): replacing old mInterfaceName (null) with /dev/omap_csmi_tty1 for hipri
D/MobileDataStateTracker(   60): replacing old mInterfaceName (null) with /dev/omap_csmi_tty1 for supl
D/MobileDataStateTracker(   60): replacing old mInterfaceName (null) with /dev/omap_csmi_tty1 for mms
D/MobileDataStateTracker(   60): default Received state= CONNECTED, old= CONNECTING, reason= simLoaded, apnTypeList= *
D/NetworkStateTracker(   60): setDetailed state, old =CONNECTING and new state=CONNECTED
D/ConnectivityService(   60): ConnectivityChange for mobile: CONNECTED/CONNECTED
V/NetworkStateTracker(   60): Setting TCP values: [4094,87380,110208,4096,16384,110208] which comes from [net.tcp.buffersize.umts]
D/ConnectivityService(   60): adding dns 10.0.2.3 for mobile
D/Tethering(   60): Tethering got CONNECTIVITY_ACTION
D/Tethering(   60): MasterInitialState.processMessage what=3
E/HierarchicalStateMachine(   60): TetherMaster - unhandledMessage: msg.what=3
D/dalvikvm(   33): GC_EXPLICIT freed 40 objects / 1736 bytes in 333ms
D/dalvikvm(   33): GC_EXPLICIT freed 2 objects / 48 bytes in 430ms
I/ActivityThread(  166): Publishing provider call_log: com.android.providers.contacts.CallLogProvider
I/ActivityThread(  166): Publishing provider user_dictionary: com.android.providers.userdictionary.UserDictionaryProvider
I/ActivityThread(  188): Publishing provider com.android.quicksearchbox.google: com.android.quicksearchbox.google.GoogleSuggestionProvider
I/ActivityManager(   60): Start proc com.android.music for broadcast com.android.music/.MediaAppWidgetProvider: pid=197 uid=10012 gids={3003, 1015}
D/SntpClient(   60): request time failed: java.net.SocketException: Address family not supported by protocol
W/ActivityManager(   60): Activity idle timeout for HistoryRecord{450f0898 com.android.launcher/com.android.launcher2.Launcher}
D/PowerManagerService(   60): bootCompleted
D/VoldCmdListener(   29): volume mount /mnt/sdcard
I/Vold    (   29): /dev/block/vold/179:0 being considered for volume sdcard
D/Vold    (   29): Volume sdcard state changing 1 (Idle-Unmounted) -> 3 (Checking)
I/StorageNotification(   60): Media {/mnt/sdcard} state changed from {unmounted} -> {checking}
D/dalvikvm(   60): GC_FOR_MALLOC freed 7474 objects / 424376 bytes in 291ms
I/ActivityManager(   60): Start proc com.android.protips for broadcast com.android.protips/.ProtipWidget: pid=207 uid=10008 gids={}
I/ActivityManager(   60): Displayed activity com.android.launcher/com.android.launcher2.Launcher: 14638 ms (total 14638 ms)
I/SurfaceFlinger(   60): Boot is finished (22133 ms)
I/ActivityManager(   60): Start proc android.process.media for broadcast com.android.providers.downloads/.DownloadReceiver: pid=215 uid=10001 gids={1015, 2001, 3003}
I/SearchManagerService(   60): Building list of searchable activities
I//system/bin/fsck_msdos(   29): ** /dev/block/vold/179:0
I/ActivityThread(  215): Publishing provider media: com.android.providers.media.MediaProvider
V/MediaProvider(  215): Attached volume: internal
I/ActivityThread(  215): Publishing provider downloads: com.android.providers.downloads.DownloadProvider
I/ActivityThread(  215): Publishing provider drm: com.android.providers.drm.DrmProvider
D/AndroidRuntime(  210): 
D/AndroidRuntime(  210): >>>>>>>>>>>>>> AndroidRuntime START <<<<<<<<<<<<<<
D/AndroidRuntime(  210): CheckJNI is ON
D/OtaStartupReceiver(  127): Not a CDMA phone, no need to process OTA
I/RecoverySystem(   60): No recovery log file
I/ActivityManager(   60): Start proc com.android.providers.calendar for broadcast com.android.providers.calendar/.CalendarReceiver: pid=225 uid=10004 gids={3003}
D/AndroidRuntime(  210): --- registering native functions ---
I/ActivityThread(  225): Publishing provider com.android.calendar: com.android.providers.calendar.CalendarProvider2
I/ActivityManager(   60): Start proc com.android.bluetooth for broadcast com.android.bluetooth/.opp.BluetoothOppReceiver: pid=237 uid=10015 gids={3003, 3002, 3001, 1015}
I//system/bin/fsck_msdos(   29): ** Phase 1 - Read and Compare FATs
I//system/bin/fsck_msdos(   29): Attempting to allocate 998 KB for FAT
D/MediaScannerService(  215): start scanning volume internal
D/dalvikvm(   60): GC_EXPLICIT freed 8011 objects / 375936 bytes in 677ms
I/ActivityThread(  237): Publishing provider com.android.bluetooth.opp: com.android.bluetooth.opp.BluetoothOppProvider
I/ActivityManager(   60): Start proc com.android.defcontainer for service com.android.defcontainer/.DefaultContainerService: pid=248 uid=10035 gids={1015, 2001}
I/ActivityManager(   60): Start proc com.android.email for broadcast com.android.email/com.android.exchange.BootReceiver: pid=253 uid=10027 gids={3003, 1015}
D/installd(   35): DexInv: --- BEGIN '/system/app/DefaultContainerService.apk' ---
D/dalvikvm(  262): DexOpt: load 27ms, verify 52ms, opt 4ms
D/installd(   35): DexInv: --- END '/system/app/DefaultContainerService.apk' (success) ---
W/BtOpp Service(  237): Local BT device is not enabled
W/BtOpp Service(  237): Local BT device is not enabled
I/ActivityThread(  253): Publishing provider com.android.email.provider: com.android.email.provider.EmailProvider
I/ActivityThread(  253): Publishing provider com.android.email.attachmentprovider: com.android.email.provider.AttachmentProvider
I/ActivityThread(  253): Publishing provider com.android.exchange.provider: com.android.exchange.provider.ExchangeProvider
D/Exchange(  253): BootReceiver onReceive
I/ActivityManager(   60): Start proc com.android.mms for broadcast com.android.mms/.transaction.MmsSystemEventReceiver: pid=269 uid=10029 gids={3003, 1015}
D/EAS SyncManager(  253): !!! EAS SyncManager, onCreate
D/EAS SyncManager(  253): !!! EAS SyncManager, onStartCommand
D/EAS SyncManager(  253): !!! EAS SyncManager, stopping self
I/ActivityThread(  269): Publishing provider com.android.mms.SuggestionsProvider: com.android.mms.SuggestionsProvider
I/ActivityManager(   60): Start proc com.android.voicedialer for broadcast com.android.voicedialer/.VoiceDialerReceiver: pid=285 uid=10032 gids={3002}
D/Eas Debug(  253): Logging: 
D/VoiceDialerReceiver(  285): onReceive Intent { act=android.intent.action.BOOT_COMPLETED cmp=com.android.voicedialer/.VoiceDialerReceiver }
V/RecognizerEngine(  285): deleteCachedGrammarFiles /data/data/com.android.voicedialer/files/openentries.txt
D/EAS SyncManager(  253): !!! EAS SyncManager, onDestroy
I//system/bin/fsck_msdos(   29): Attempting to allocate 998 KB for FAT
D/dalvikvm(  248): GC_EXPLICIT freed 741 objects / 54624 bytes in 69ms
D/dalvikvm(   60): GREF has increased to 301
I//system/bin/fsck_msdos(   29): ** Phase 2 - Check Cluster Chains
I//system/bin/fsck_msdos(   29): ** Phase 3 - Checking Directories
I//system/bin/fsck_msdos(   29): ** Phase 4 - Checking for Lost Files
I//system/bin/fsck_msdos(   29): 3 files, 509980 free (254990 clusters)
I/logwrapper(   29): /system/bin/fsck_msdos terminated by exit(0)
I/Vold    (   29): Filesystem check completed OK
I/Vold    (   29): Device /dev/block/vold/179:0, target /mnt/sdcard mounted @ /mnt/secure/staging
D/Vold    (   29): Volume sdcard state changing 3 (Checking) -> 4 (Mounted)
I/PackageManager(   60): Updating external media status from unmounted to mounted
I/StorageNotification(   60): Media {/mnt/sdcard} state changed from {checking} -> {mounted}
D/Calendar(  225): missed alarms found: 0
D/MediaScanner(  215):  prescan time: 1006ms
D/MediaScanner(  215):     scan time: 5ms
D/MediaScanner(  215): postscan time: 0ms
D/MediaScanner(  215):    total time: 1011ms
D/MediaScannerService(  215): done scanning volume internal
I/ActivityManager(   60): Start proc com.cooliris.media for broadcast com.cooliris.media/com.cooliris.cache.BootReceiver: pid=296 uid=10018 gids={1015, 3003}
I/ActivityThread(  296): Publishing provider com.cooliris.picasa.contentprovider: com.cooliris.picasa.PicasaContentProvider
D/MediaScannerService(  215): start scanning volume external
I/BootReceiver(  296): Got intent with action android.intent.action.MEDIA_MOUNTED
I/BootReceiver(  296): Got intent with action android.intent.action.MEDIA_SCANNER_FINISHED
V/MediaProvider(  215): /mnt/sdcard volume ID: 266342417
V/MediaProvider(  215): Attached volume: external
D/dalvikvm(  129): GC_EXTERNAL_ALLOC freed 4830 objects / 275584 bytes in 77ms
V/MediaScanner(  215): pruneDeadThumbnailFiles... android.database.sqlite.SQLiteCursor@44ff6230
V/MediaScanner(  215): /pruneDeadThumbnailFiles... android.database.sqlite.SQLiteCursor@44ff6230
D/MediaScanner(  215):  prescan time: 188ms
D/MediaScanner(  215):     scan time: 2ms
D/MediaScanner(  215): postscan time: 36ms
D/MediaScanner(  215):    total time: 226ms
I/BootReceiver(  296): Got intent with action android.intent.action.MEDIA_SCANNER_FINISHED
D/MediaScannerService(  215): done scanning volume external
D/VoldCmdListener(   29): asec list
I/PackageManager(   60): No secure containers on sdcard
W/PackageManager(   60): Unknown permission com.google.android.googleapps.permission.GOOGLE_AUTH.mail in package com.android.contacts
W/PackageManager(   60): Unknown permission android.permission.ADD_SYSTEM_SERVICE in package com.android.phone
W/PackageManager(   60): Unknown permission com.google.android.googleapps.permission.GOOGLE_AUTH in package com.android.providers.calendar
W/PackageManager(   60): Unknown permission com.google.android.googleapps.permission.GOOGLE_AUTH.cl in package com.android.providers.calendar
W/PackageManager(   60): Unknown permission com.google.android.googleapps.permission.GOOGLE_AUTH.mail in package com.android.calendar
W/PackageManager(   60): Not granting permission android.permission.SEND_DOWNLOAD_COMPLETED_INTENTS to package com.android.browser (protectionLevel=2 flags=0x1be45)
W/PackageManager(   60): Unknown permission com.google.android.gm.permission.WRITE_GMAIL in package com.android.settings
W/PackageManager(   60): Unknown permission com.google.android.gm.permission.READ_GMAIL in package com.android.settings
W/PackageManager(   60): Unknown permission com.google.android.googleapps.permission.GOOGLE_AUTH in package com.android.settings
W/PackageManager(   60): Unknown permission com.google.android.googleapps.permission.GOOGLE_AUTH in package com.android.providers.contacts
W/PackageManager(   60): Unknown permission com.google.android.googleapps.permission.GOOGLE_AUTH.cp in package com.android.providers.contacts
W/PackageManager(   60): Unknown permission com.google.android.googleapps.permission.ACCESS_GOOGLE_PASSWORD in package com.android.development
W/PackageManager(   60): Unknown permission com.google.android.googleapps.permission.GOOGLE_AUTH in package com.android.development
W/PackageManager(   60): Unknown permission com.google.android.googleapps.permission.GOOGLE_AUTH.ALL_SERVICES in package com.android.development
W/PackageManager(   60): Unknown permission com.google.android.googleapps.permission.GOOGLE_AUTH.YouTubeUser in package com.android.development
I/Launcher.Model(  129): not binding apps: no Launcher activity
D/dalvikvm(  129): GC_EXPLICIT freed 1659 objects / 82568 bytes in 78ms
D/PackageParser(   60): Scanning package: /data/app/vmdl41503.tmp
D/dalvikvm(  129): GC_FOR_MALLOC freed 10150 objects / 507944 bytes in 158ms
D/dalvikvm(  129): GC_EXPLICIT freed 1195 objects / 57208 bytes in 47ms
D/dalvikvm(   60): GC_FOR_MALLOC freed 11652 objects / 779608 bytes in 111ms
D/PackageManager(   60): Scanning package com.rhomobile.mydailyrhodes
I/PackageManager(   60): /data/app/com.rhomobile.mydailyrhodes-1.apk changed; unpacking
D/PackageManager(   60): Caching shared lib lib/armeabi/librhodes.so
D/installd(   35): DexInv: --- BEGIN '/data/app/com.rhomobile.mydailyrhodes-1.apk' ---
D/dalvikvm(  305): DexOpt: load 89ms, verify 452ms, opt 16ms
D/installd(   35): DexInv: --- END '/data/app/com.rhomobile.mydailyrhodes-1.apk' (success) ---
D/PackageManager(   60): Registered content provider: com.rhomobile.mydailyrhodes, className = com.rhomobile.rhodes.LocalFileProvider, isSyncable = false
D/PackageManager(   60):   Providers: com.rhomobile.rhodes.LocalFileProvider
D/PackageManager(   60):   Services: com.rhomobile.rhodes.RhodesService
D/PackageManager(   60):   Activities: com.rhomobile.rhodes.RhodesActivity com.rhomobile.rhodes.alert.PopupActivity com.rhomobile.rhodes.camera.FileList com.rhomobile.rhodes.camera.ImageCapture com.rhomobile.rhodes.signature.ImageCapture com.rhomobile.rhodes.datetime.DateTimePickerScreen com.rhomobile.rhodes.mapview.MapView com.rhomobile.rhodes.mapview.GoogleMapView com.rhomobile.rhodes.bluetooth.RhoBluetoothDeviceListActivity
I/ActivityManager(   60): Force stopping package com.rhomobile.mydailyrhodes uid=10043
I/installd(   35): move /data/dalvik-cache/data@app@com.rhomobile.mydailyrhodes-1.apk@classes.dex -> /data/dalvik-cache/data@app@com.rhomobile.mydailyrhodes-1.apk@classes.dex
D/PackageManager(   60): New package installed in /data/app/com.rhomobile.mydailyrhodes-1.apk
I/ActivityManager(   60): Start proc com.svox.pico for broadcast com.svox.pico/.VoiceDataInstallerReceiver: pid=306 uid=10020 gids={}
D/dalvikvm(   33): GC_EXPLICIT freed 286 objects / 10864 bytes in 214ms
D/dalvikvm(   33): GC_EXPLICIT freed 47 objects / 2080 bytes in 127ms
D/dalvikvm(   60): GC_EXPLICIT freed 13904 objects / 693728 bytes in 330ms
D/AndroidRuntime(  210): Shutting down VM
W/RecognitionManagerService(   60): no available voice recognition services found
D/installd(   35): DexInv: --- BEGIN '/system/app/PicoTts.apk' ---
D/dalvikvm(  210): Debugger has detached; object registry had 1 entries
I/dalvikvm(  210): JNI: AttachCurrentThread (from ???.???)
I/AndroidRuntime(  210): NOTE: attach of thread 'Binder Thread #3' failed
D/dalvikvm(   33): GC_EXPLICIT freed 2 objects / 64 bytes in 176ms
D/dalvikvm(  312): DexOpt: load 37ms, verify 31ms, opt 1ms
D/installd(   35): DexInv: --- END '/system/app/PicoTts.apk' (success) ---
I/ActivityThread(  306): Publishing provider com.svox.pico.providers.SettingsProvider: com.svox.pico.providers.SettingsProvider
D/VoiceDialerReceiver(  285): onReceive Intent { act=android.intent.action.PACKAGE_ADDED dat=package:com.rhomobile.mydailyrhodes flg=0x10000000 cmp=com.android.voicedialer/.VoiceDialerReceiver (has extras) }
V/RecognizerEngine(  285): deleteCachedGrammarFiles /data/data/com.android.voicedialer/files/openentries.txt
D/dalvikvm(  166): GC_FOR_MALLOC freed 3858 objects / 234008 bytes in 66ms
D/AndroidRuntime(  317): 
D/AndroidRuntime(  317): >>>>>>>>>>>>>> AndroidRuntime START <<<<<<<<<<<<<<
D/AndroidRuntime(  317): CheckJNI is ON
D/AndroidRuntime(  317): --- registering native functions ---
I/ActivityManager(   60): Starting activity: Intent { act=android.intent.action.MAIN flg=0x10000000 cmp=com.rhomobile.mydailyrhodes/com.rhomobile.rhodes.RhodesActivity }
D/AndroidRuntime(  317): Shutting down VM
I/ActivityManager(   60): Start proc com.rhomobile.mydailyrhodes for activity com.rhomobile.mydailyrhodes/com.rhomobile.rhodes.RhodesActivity: pid=323 uid=10043 gids={3003}
D/dalvikvm(  317): Debugger has detached; object registry had 1 entries
I/dalvikvm(  317): JNI: AttachCurrentThread (from ???.???)
I/AndroidRuntime(  317): NOTE: attach of thread 'Binder Thread #3' failed
D/dalvikvm(  323): Trying to load lib /data/data/com.rhomobile.mydailyrhodes/lib/librhodes.so 0x44f52560
D/dalvikvm(  323): Added shared lib /data/data/com.rhomobile.mydailyrhodes/lib/librhodes.so 0x44f52560
I/ActivityThread(  323): Publishing provider com.rhomobile.mydailyrhodes: com.rhomobile.rhodes.LocalFileProvider
I/RhodesActivity(  323): >>>>>>>>>>>>>>> onCreate()
D/RhodesActivity(  323): RhodesActivity.onStart()
D/RhodesActivity(  323): RhodesActivity.onResume()
D/RhodesService(  323): Root path: /data/data/com.rhomobile.mydailyrhodes/rhodata/
D/RhodesService(  323): Sqlite journals path: /data/data/com.rhomobile.mydailyrhodes/sqlite_stmt_journals/
I/global  (  323): Default buffer size used in BufferedReader constructor. It would be better to be explicit if an 8k-char buffer is required.
I/RhodesService(  323): Application hash was changed
W/ActivityManager(   60): No content provider found for: 
D/RhodesService(  323): Root path: /data/data/com.rhomobile.mydailyrhodes/rhodata/
D/RhodesService(  323): Sqlite journals path: /data/data/com.rhomobile.mydailyrhodes/sqlite_stmt_journals/
I/global  (  323): Default buffer size used in BufferedReader constructor. It would be better to be explicit if an 8k-char buffer is required.
I/APP     (  323): I 08/17/2011 08:47:16:096 afd48828            RhodesApp| Trying to get free listening port.
I/APP     (  323): I 08/17/2011 08:47:16:104 afd48828            RhodesApp| Trying to bind of 0 port...
I/APP     (  323): I 08/17/2011 08:47:16:100 002464b0         AppCallbacks| Starting main routine...
I/APP     (  323): I 08/17/2011 08:47:16:106 002464b0         AppCallbacks| ThreadQueue blocked for 300 seconds...
I/APP     (  323): I 08/17/2011 08:47:16:107 afd48828            RhodesApp| Got port to bind on: 52961
I/APP     (  323): I 08/17/2011 08:47:16:109 afd48828            RhodesApp| Free listening port: 52961
D/dalvikvm(  323): GC_FOR_MALLOC freed 5498 objects / 340760 bytes in 77ms
I/APP     (  323): I 08/17/2011 08:47:16:288 afd48828               Rhodes| Loading...
I/APP     (  323): I 08/17/2011 08:47:16:494 afd48828            RhodesApp| callAppActiveCallback
I/APP     (  323): I 08/17/2011 08:47:16:495 afd48828         AppCallbacks| addCommand: APP-ACTIVATED
I/APP     (  323): I 08/17/2011 08:47:16:499 002464b0         AppCallbacks| Received command APP-ACTIVATED which is greater than expected (LOCAL-SERVER-STARTED) - postpone it
I/APP     (  323): I 08/17/2011 08:47:16:500 002464b0         AppCallbacks| ThreadQueue blocked for 300 seconds...
I/APP     (  323): I 08/17/2011 08:47:16:501 afd48828         AppActivated| Cannot commit now, application will be activated when started.
I/APP     (  323): I 08/17/2011 08:47:16:502 afd48828            Undefined| Handlers have completed.
I/APP     (  323): I 08/17/2011 08:47:16:503 afd48828    RhodesApplication| New AppState: Undefined
I/APP     (  323): I 08/17/2011 08:47:16:505 afd48828        RhodesService| handleCommand: startId=1, source=com.rhomobile.rhodes.BaseActivity
I/APP     (  323): I 08/17/2011 08:47:16:506 afd48828        RhodesService| New activity was created
I/APP     (  323): I 08/17/2011 08:47:16:527 afd48828         AppCallbacks| addCommand: UI-CREATED
I/APP     (  323): I 08/17/2011 08:47:16:546 002464b0         AppCallbacks| Received command UI-CREATED which is greater than expected (LOCAL-SERVER-STARTED) - postpone it
I/APP     (  323): I 08/17/2011 08:47:16:548 002464b0         AppCallbacks| ThreadQueue blocked for 300 seconds...
I/APP     (  323): I 08/17/2011 08:47:16:535 0027be78            RhodesApp| Starting RhodesApp main routine...
I/APP     (  323): I 08/17/2011 08:47:16:647 afd48828       RhodesActivity| onServiceConnected: {com.rhomobile.mydailyrhodes/com.rhomobile.rhodes.RhodesService}
I/APP     (  323): I 08/17/2011 08:47:17:108 0027be78              RhoRuby| Init_RhoBlobs: /data/data/com.rhomobile.mydailyrhodes/rhodata/db/db-files
I/APP     (  323): I 08/17/2011 08:47:17:156 0027be78              RhoRuby| require_compiled: rhoframework
I/APP     (  323): I 08/17/2011 08:47:17:210 0027be78              RhoRuby| require_compiled: rational
I/APP     (  323): I 08/17/2011 08:47:17:231 0027be78              RhoRuby| require_compiled: rhom/rhom_db_adapter
I/APP     (  323): I 08/17/2011 08:47:17:324 0027be78              RhoRuby| require_compiled: rhodes
I/APP     (  323): I 08/17/2011 08:47:17:340 0027be78              RhoRuby| require_compiled: rhom/rhom_object
I/APP     (  323): I 08/17/2011 08:47:17:380 0027be78              RhoRuby| require_compiled: rhofsconnector
I/APP     (  323): I 08/17/2011 08:47:17:384 0027be78              RhoRuby| require_compiled: rho/rhofsconnector
I/APP     (  323): I 08/17/2011 08:47:17:413 0027be78              RhoRuby| require_compiled: rhom/rhom_object_factory
I/ActivityManager(   60): Displayed activity com.rhomobile.mydailyrhodes/com.rhomobile.rhodes.RhodesActivity: 2581 ms (total 2581 ms)
I/APP     (  323): I 08/17/2011 08:47:18:412 0027be78              RhoRuby| require_compiled: rhom/rhom
I/APP     (  323): I 08/17/2011 08:47:18:448 0027be78              RhoRuby| require_compiled: rhom/rhom_model
I/APP     (  323): I 08/17/2011 08:47:18:479 0027be78              RhoRuby| require_compiled: rhom
I/APP     (  323): I 08/17/2011 08:47:18:483 0027be78              RhoRuby| require_compiled: rho/rhoapplication
I/APP     (  323): I 08/17/2011 08:47:18:531 0027be78              RhoRuby| require_compiled: rholang/localization_simplified
I/APP     (  323): I 08/17/2011 08:47:18:564 0027be78                  APP| Current locale: en; Country code: us
I/APP     (  323): I 08/17/2011 08:47:18:566 0027be78                  APP| file: /data/data/com.rhomobile.mydailyrhodes/rhodata/lib/rholang/lang_
I/APP     (  323): I 08/17/2011 08:47:18:569 0027be78              RhoRuby| require_compiled: /data/data/com.rhomobile.mydailyrhodes/rhodata/lib/rholang/lang_en
I/APP     (  323): I 08/17/2011 08:47:18:585 0027be78              RhoRuby| require_compiled: rho/rhomsg
I/APP     (  323): I 08/17/2011 08:47:18:590 0027be78                  APP| Current locale: en; Country code: us
I/APP     (  323): I 08/17/2011 08:47:18:598 0027be78                  APP| file: /data/data/com.rhomobile.mydailyrhodes/rhodata/lib/rholang/rhomsg_
I/APP     (  323): I 08/17/2011 08:47:18:601 0027be78              RhoRuby| require_compiled: /data/data/com.rhomobile.mydailyrhodes/rhodata/lib/rholang/rhomsg_en
I/APP     (  323): I 08/17/2011 08:47:18:610 0027be78              RhoRuby| require_compiled: rho/rhotabbar
I/APP     (  323): I 08/17/2011 08:47:18:621 0027be78              RhoRuby| require_compiled: rho/rhotoolbar
I/APP     (  323): I 08/17/2011 08:47:18:629 0027be78              RhoRuby| require_compiled: indifferent_access
I/APP     (  323): I 08/17/2011 08:47:18:655 0027be78              RhoRuby| require_compiled: rho/rhosupport
I/APP     (  323): I 08/17/2011 08:47:18:691 0027be78              RhoRuby| require_compiled: rho/rhocontroller
I/APP     (  323): I 08/17/2011 08:47:18:714 0027be78              RhoRuby| require_compiled: rho/render
I/APP     (  323): I 08/17/2011 08:47:18:767 0027be78              RhoRuby| require_compiled: rho/rho
I/APP     (  323): I 08/17/2011 08:47:18:953 0027be78              RhoRuby| require_compiled: rho/rhoerror
I/APP     (  323): I 08/17/2011 08:47:18:962 0027be78                  APP| Current locale: en; Country code: us
I/APP     (  323): I 08/17/2011 08:47:18:963 0027be78                  APP| file: /data/data/com.rhomobile.mydailyrhodes/rhodata/lib/rholang/rhoerror_
I/APP     (  323): I 08/17/2011 08:47:18:971 0027be78              RhoRuby| require_compiled: /data/data/com.rhomobile.mydailyrhodes/rhodata/lib/rholang/rhoerror_en
I/APP     (  323): I 08/17/2011 08:47:18:981 0027be78              RhoRuby| require_compiled: rhom/rhom_source
I/APP     (  323): I 08/17/2011 08:47:19:008 0027be78              RhoRuby| require_compiled: rho/rhoviewhelpers
I/APP     (  323): I 08/17/2011 08:47:19:029 0027be78              RhoRuby| require_compiled: rho
I/APP     (  323): I 08/17/2011 08:47:19:032 0027be78                  APP| RHO loaded
I/APP     (  323): I 08/17/2011 08:47:19:042 0027be78                  APP| Calling RHO.initialize
I/APP     (  323): I 08/17/2011 08:47:19:045 0027be78                  APP| model file: MyTask/my_task
I/APP     (  323): I 08/17/2011 08:47:19:048 0027be78                  APP| model file: MyDay/my_day
I/APP     (  323): I 08/17/2011 08:47:19:052 0027be78                   DB| Open DB: /data/data/com.rhomobile.mydailyrhodes/rhodata/db/syncdbuser.sqlite
I/APP     (  323): I 08/17/2011 08:47:19:186 0027be78            RhodesApp| Starting sync engine...
I/APP     (  323): I 08/17/2011 08:47:19:188 0027be78                 Sync| sync_poll_interval: 0
I/APP     (  323): I 08/17/2011 08:47:19:190 0027be78                 Sync| syncserver: 
I/APP     (  323): I 08/17/2011 08:47:19:191 0027be78                 Sync| bulksync_state: 0
I/APP     (  323): I 08/17/2011 08:47:19:191 0027be78            RhodesApp| RhoRubyInitApp...
I/APP     (  323): I 08/17/2011 08:47:19:192 0027be78                  APP| init_app
I/APP     (  323): I 08/17/2011 08:47:19:196 0027be78              RhoRuby| require_compiled: application
I/APP     (  323): I 08/17/2011 08:47:19:205 0027be78                  APP| Current locale: en; Country code: us
I/APP     (  323): I 08/17/2011 08:47:19:209 0027be78           HttpServer| Start HTTP server
I/APP     (  323): I 08/17/2011 08:47:19:212 0027be78         AppCallbacks| addCommand: LOCAL-SERVER-STARTED
I/APP     (  323): I 08/17/2011 08:47:19:213 002464b0         AppCallbacks| process command: LOCAL-SERVER-STARTED
I/APP     (  323): I 08/17/2011 08:47:19:214 002464b0           AppStarted| Handlers have completed.
I/APP     (  323): I 08/17/2011 08:47:19:215 002464b0         AppActivated| Handlers have completed.
I/APP     (  323): I 08/17/2011 08:47:19:215 002464b0    RhodesApplication| New AppState: AppActivated
I/APP     (  323): I 08/17/2011 08:47:19:215 002464b0         AppCallbacks| process command: UI-CREATED
I/APP     (  323): I 08/17/2011 08:47:19:250 0027be78           HttpServer| Process URI: '/system/uicreated'
I/APP     (  323): I 08/17/2011 08:47:19:251 0027be78                  APP| on_ui_created.navigate to start url: '/app'
I/APP     (  323): I 08/17/2011 08:47:19:315 002464b0         AppCallbacks| process command: APP-ACTIVATED
V/SimpleMainView(  323): ms[1313570839346] processForNativeView : [http://127.0.0.1:52961/app]
V/SimpleMainView.View(  323): ms[1313570839381]  Main Window :: onSizeChanged() old [ 600 x 986 ]  new [ 0 x 0 ]
I/APP     (  323): I 08/17/2011 08:47:19:471 0027be78           HttpServer| Process URI: '/system/activateapp'
I/APP     (  323): I 08/17/2011 08:47:19:477 002464b0         AppCallbacks| ThreadQueue blocked for 300 seconds...
I/APP     (  323): I 08/17/2011 08:47:19:650 0027be78           HttpServer| Process URI: '/app'
D/webviewglue(  323): nativeDestroy view: 0x344278
D/dalvikvm(  323): GC_FOR_MALLOC freed 2555 objects / 483208 bytes in 139ms
I/APP     (  323): I 08/17/2011 08:47:19:946 0027be78           HttpServer| Process URI: '/app/index_erb.iseq'
I/APP     (  323): I 08/17/2011 08:47:19:953 0027be78                  APP| RHO serve_index: /app/index_erb.iseq
I/APP     (  323): I 08/17/2011 08:47:19:957 0027be78 RHO Rho::RhoController| inst_render_index
I/APP     (  323): I 08/17/2011 08:47:19:978 0027be78 RHO Rho::RhoController| index layout
D/dalvikvm(  323): GC_EXTERNAL_ALLOC freed 481 objects / 74792 bytes in 135ms
I/APP     (  323): I 08/17/2011 08:47:20:332 0027be78           HttpServer| Process URI: '/public/jqtouch/jquery.1.3.2.min.js'
I/APP     (  323): I 08/17/2011 08:47:20:439 0027be78           HttpServer| Process URI: '/public/jqtouch/jqtouch.js'
I/APP     (  323): I 08/17/2011 08:47:20:593 0027be78           HttpServer| Process URI: '/public/jqtouch/jqtouch.css'
I/APP     (  323): I 08/17/2011 08:47:20:719 0027be78           HttpServer| Process URI: '/public/css/android.css'
I/APP     (  323): I 08/17/2011 08:47:22:256 0027be78           HttpServer| Process URI: '/public/images/android/disclosure.png'
I/APP     (  323): I 08/17/2011 08:47:24:714 0027be78           HttpServer| Process URI: '/app/Settings/login'
I/APP     (  323): I 08/17/2011 08:47:24:716 0027be78                  APP| RHO serve: /app/Settings/login
I/APP     (  323): I 08/17/2011 08:47:24:721 0027be78              RhoRuby| require_compiled: Settings/controller
I/APP     (  323): I 08/17/2011 08:47:24:754 0027be78              RhoRuby| require_compiled: helpers/browser_helper
D/dalvikvm(  323): GC_FOR_MALLOC freed 2090 objects / 454576 bytes in 110ms
D/dalvikvm(  123): GC_FOR_MALLOC freed 1339 objects / 213456 bytes in 63ms
D/dalvikvm(  123): GC_EXTERNAL_ALLOC freed 1949 objects / 135288 bytes in 62ms
W/KeyCharacterMap(  323): No keyboard for id 0
W/KeyCharacterMap(  323): Using default keymap: /system/usr/keychars/qwerty.kcm.bin
D/WindowManager(   60): I'm tired mEndcallBehavior=0x2
D/PhoneWindow(  323): couldn't save which view has focus because the focused view android.webkit.WebTextView@45017ee0 has no id.
I/APP     (  323): I 08/17/2011 08:47:39:593 afd48828         AppActivated| Handlers have completed.
I/APP     (  323): I 08/17/2011 08:47:39:616 afd48828    RhodesApplication| New UiState: MainActivityPaused
D/RhodesActivity(  323): RhodesActivity.onPause()
I/APP     (  323): I 08/17/2011 08:47:39:651 0027be78           HttpServer| Process URI: '/system/uidestroyed'
D/StatusBar(   60): DISABLE_EXPAND: yes
I/DEBUG   (   31): debuggerd: Oct  5 2010 00:26:13
D/qemud   (   38): entering main loop
I/Netd    (   30): Netd 1.0 starting
I/Vold    (   29): Vold 2.1 (the revenge) firing up
D/Vold    (   29): Volume sdcard state changing -1 (Initializing) -> 0 (No-Media)
D/Vold    (   29): Volume sdcard state changing 0 (No-Media) -> 1 (Idle-Unmounted)
W/Vold    (   29): No UMS switch available
D/qemud   (   38): fdhandler_accept_event: accepting on fd 10
D/qemud   (   38): created client 0xe078 listening on fd 8
D/qemud   (   38): client_fd_receive: attempting registration for service 'boot-properties'
D/qemud   (   38): client_fd_receive:    -> received channel id 1
D/qemud   (   38): client_registration: registration succeeded for client 1
I/qemu-props(   52): connected to 'boot-properties' qemud service.
I/qemu-props(   52): received: dalvik.vm.heapsize=24m
I/qemu-props(   52): received: qemu.sf.lcd_density=240
I/qemu-props(   52): received: 
I/qemu-props(   52): invalid format, ignored.
D/AndroidRuntime(   33): 
D/AndroidRuntime(   33): >>>>>>>>>>>>>> AndroidRuntime START <<<<<<<<<<<<<<
D/AndroidRuntime(   33): CheckJNI is ON
D/qemud   (   38): fdhandler_accept_event: accepting on fd 10
D/qemud   (   38): created client 0xe078 listening on fd 11
D/qemud   (   38): fdhandler_event: disconnect on fd 11
D/qemud   (   38): fdhandler_accept_event: accepting on fd 10
D/qemud   (   38): created client 0xe078 listening on fd 11
D/qemud   (   38): client_fd_receive: attempting registration for service 'gsm'
D/qemud   (   38): client_fd_receive:    -> received channel id 2
D/qemud   (   38): client_registration: registration succeeded for client 2
I/        (   34): ServiceManager: 0xacd0
D/AudioHardwareInterface(   34): setMode(NORMAL)
I/CameraService(   34): CameraService started: pid=34
I/AudioFlinger(   34): AudioFlinger's thread 0xb3f0 ready to run
D/AndroidRuntime(   33): --- registering native functions ---
I/SamplingProfilerIntegration(   33): Profiler is disabled.
I/Zygote  (   33): Preloading classes...
E/Zygote  (   33): setreuid() failed. errno: 2
D/dalvikvm(   33): GC_EXPLICIT freed 821 objects / 47496 bytes in 7ms
D/dalvikvm(   33): GC_EXPLICIT freed 219 objects / 13600 bytes in 28ms
D/dalvikvm(   33): GC_EXPLICIT freed 253 objects / 14360 bytes in 3ms
D/dalvikvm(   33): GC_EXPLICIT freed 466 objects / 28880 bytes in 4ms
D/dalvikvm(   33): GC_EXPLICIT freed 2090 objects / 108368 bytes in 6ms
W/MediaProfiles(   33): could not find media config xml file
D/dalvikvm(   33): GC_EXPLICIT freed 279 objects / 15976 bytes in 6ms
D/dalvikvm(   33): GC_FOR_MALLOC freed 5017 objects / 223680 bytes in 12ms
D/dalvikvm(   33): GC_EXPLICIT freed 871 objects / 34632 bytes in 11ms
D/dalvikvm(   33): GC_EXPLICIT freed 544 objects / 27080 bytes in 13ms
D/dalvikvm(   33): GC_EXPLICIT freed 402 objects / 22112 bytes in 15ms
D/dalvikvm(   33): GC_EXPLICIT freed 286 objects / 34168 bytes in 18ms
D/dalvikvm(   33): GC_EXPLICIT freed 277 objects / 18896 bytes in 19ms
D/dalvikvm(   33): GC_EXPLICIT freed 319 objects / 17704 bytes in 19ms
D/dalvikvm(   33): GC_EXPLICIT freed 452 objects / 27600 bytes in 23ms
D/dalvikvm(   33): GC_EXPLICIT freed 265 objects / 21768 bytes in 20ms
D/dalvikvm(   33): GC_EXPLICIT freed 507 objects / 59616 bytes in 23ms
D/dalvikvm(   33): GC_EXPLICIT freed 639 objects / 34760 bytes in 23ms
D/dalvikvm(   33): GC_EXPLICIT freed 842 objects / 45992 bytes in 23ms
D/dalvikvm(   33): GC_FOR_MALLOC freed 12427 objects / 449088 bytes in 35ms
D/dalvikvm(   33): GC_FOR_MALLOC freed 10011 objects / 464184 bytes in 35ms
D/dalvikvm(   33): GC_FOR_MALLOC freed 8197 objects / 412640 bytes in 37ms
D/dalvikvm(   33): GC_FOR_MALLOC freed 7345 objects / 475792 bytes in 34ms
D/dalvikvm(   33): GC_FOR_MALLOC freed 7793 objects / 472528 bytes in 35ms
D/dalvikvm(   33): GC_FOR_MALLOC freed 7895 objects / 470520 bytes in 36ms
D/dalvikvm(   33): GC_EXPLICIT freed 6770 objects / 401744 bytes in 39ms
D/dalvikvm(   33): GC_EXPLICIT freed 1539 objects / 72440 bytes in 41ms
D/dalvikvm(   33): GC_EXPLICIT freed 447 objects / 29328 bytes in 35ms
D/dalvikvm(   33): GC_EXPLICIT freed 315 objects / 20000 bytes in 32ms
I/Zygote  (   33): ...preloaded 1265 classes in 5797ms.
E/Zygote  (   33): setreuid() failed. errno: 17
D/dalvikvm(   33): GC_EXPLICIT freed 104 objects / 14200 bytes in 32ms
I/Zygote  (   33): Preloading resources...
W/Zygote  (   33): Preloaded drawable resource #0x1080093 (res/drawable-hdpi/sym_def_app_icon.png) that varies with configuration!!
W/Zygote  (   33): Preloaded drawable resource #0x1080002 (res/drawable-hdpi/arrow_down_float.png) that varies with configuration!!
W/Zygote  (   33): Preloaded drawable resource #0x10800b3 (res/drawable/btn_check.xml) that varies with configuration!!
W/Zygote  (   33): Preloaded drawable resource #0x10800b6 (res/drawable-hdpi/btn_check_label_background.9.png) that varies with configuration!!
W/Zygote  (   33): Preloaded drawable resource #0x10800b7 (res/drawable-hdpi/btn_check_off.png) that varies with configuration!!
W/Zygote  (   33): Preloaded drawable resource #0x10800bc (res/drawable-hdpi/btn_check_on.png) that varies with configuration!!
W/Zygote  (   33): Preloaded drawable resource #0x1080004 (res/drawable/btn_default.xml) that varies with configuration!!
W/Zygote  (   33): Preloaded drawable resource #0x1080005 (res/drawable/btn_default_small.xml) that varies with configuration!!
W/Zygote  (   33): Preloaded drawable resource #0x1080006 (res/drawable/btn_dropdown.xml) that varies with configuration!!
W/Zygote  (   33): Preloaded drawable resource #0x1080008 (res/drawable/btn_plus.xml) that varies with configuration!!
W/Zygote  (   33): Preloaded drawable resource #0x1080007 (res/drawable/btn_minus.xml) that varies with configuration!!
W/Zygote  (   33): Preloaded drawable resource #0x1080009 (res/drawable/btn_radio.xml) that varies with configuration!!
W/Zygote  (   33): Preloaded drawable resource #0x108000a (res/drawable/btn_star.xml) that varies with configuration!!
D/dalvikvm(   33): GC_EXPLICIT freed 421 objects / 26240 bytes in 37ms
W/Zygote  (   33): Preloaded drawable resource #0x1080131 (res/drawable/btn_toggle.xml) that varies with configuration!!
W/Zygote  (   33): Preloaded drawable resource #0x1080194 (res/drawable-hdpi/ic_emergency.png) that varies with configuration!!
W/Zygote  (   33): Preloaded drawable resource #0x1080012 (res/drawable-hdpi/divider_horizontal_bright.9.png) that varies with configuration!!
W/Zygote  (   33): Preloaded drawable resource #0x1080014 (res/drawable-hdpi/divider_horizontal_dark.9.png) that varies with configuration!!
W/Zygote  (   33): Preloaded drawable resource #0x1080016 (res/drawable/edit_text.xml) that varies with configuration!!
W/Zygote  (   33): Preloaded drawable resource #0x108016d (res/drawable/expander_group.xml) that varies with configuration!!
W/Zygote  (   33): Preloaded drawable resource #0x1080062 (res/drawable/list_selector_background.xml) that varies with configuration!!
W/Zygote  (   33): Preloaded drawable resource #0x1080227 (res/drawable-hdpi/menu_background.9.png) that varies with configuration!!
W/Zygote  (   33): Preloaded drawable resource #0x1080228 (res/drawable-hdpi/menu_background_fill_parent_width.9.png) that varies with configuration!!
W/Zygote  (   33): Preloaded drawable resource #0x1080229 (res/drawable/menu_selector.xml) that varies with configuration!!
W/Zygote  (   33): Preloaded drawable resource #0x1080234 (res/drawable-hdpi/panel_background.9.png) that varies with configuration!!
W/Zygote  (   33): Preloaded drawable resource #0x108023b (res/drawable-hdpi/popup_bottom_bright.9.png) that varies with configuration!!
W/Zygote  (   33): Preloaded drawable resource #0x108023c (res/drawable-hdpi/popup_bottom_dark.9.png) that varies with configuration!!
W/Zygote  (   33): Preloaded drawable resource #0x108023d (res/drawable-hdpi/popup_bottom_medium.9.png) that varies with configuration!!
W/Zygote  (   33): Preloaded drawable resource #0x108023e (res/drawable-hdpi/popup_center_bright.9.png) that varies with configuration!!
W/Zygote  (   33): Preloaded drawable resource #0x108023f (res/drawable-hdpi/popup_center_dark.9.png) that varies with configuration!!
W/Zygote  (   33): Preloaded drawable resource #0x1080242 (res/drawable-hdpi/popup_full_dark.9.png) that varies with configuration!!
W/Zygote  (   33): Preloaded drawable resource #0x1080245 (res/drawable-hdpi/popup_top_bright.9.png) that varies with configuration!!
