D/AndroidRuntime(  209): >>>>>>>>>>>>>> AndroidRuntime START <<<<<<<<<<<<<<
D/AndroidRuntime(  209): CheckJNI is ON
D/dalvikvm(   60): GC_EXPLICIT freed 5887 objects / 281048 bytes in 126ms
D/OtaStartupReceiver(  112): Not a CDMA phone, no need to process OTA
D/KeyguardViewMediator(   60): pokeWakelock(5000)
I/RecoverySystem(   60): No recovery log file
I/ActivityManager(   60): Displayed activity com.android.launcher/com.android.launcher2.Launcher: 13120 ms (total 13120 ms)
I/ActivityManager(   60): Start proc com.android.mms for broadcast com.android.mms/.transaction.MmsSystemEventReceiver: pid=221 uid=10015 gids={3003, 1015}
D/AndroidRuntime(  209): --- registering native functions ---
I//system/bin/fsck_msdos(   29): ** Phase 1 - Read and Compare FATs
I/ActivityThread(  221): Publishing provider com.android.mms.SuggestionsProvider: com.android.mms.SuggestionsProvider
I//system/bin/fsck_msdos(   29): Attempting to allocate 998 KB for FAT
D/MediaScannerService(  210): start scanning volume internal
I/ActivityManager(   60): Start proc com.android.email for broadcast com.android.email/com.android.exchange.BootReceiver: pid=240 uid=10030 gids={3003, 1015}
I/ActivityThread(  240): Publishing provider com.android.email.provider: com.android.email.provider.EmailProvider
I/ActivityThread(  240): Publishing provider com.android.email.attachmentprovider: com.android.email.provider.AttachmentProvider
I/ActivityThread(  240): Publishing provider com.android.exchange.provider: com.android.exchange.provider.ExchangeProvider
I/ActivityManager(   60): Start proc com.android.defcontainer for service com.android.defcontainer/.DefaultContainerService: pid=249 uid=10010 gids={1015, 2001}
D/Exchange(  240): BootReceiver onReceive
D/EAS SyncManager(  240): !!! EAS SyncManager, onCreate
D/EAS SyncManager(  240): !!! EAS SyncManager, onStartCommand
D/EAS SyncManager(  240): !!! EAS SyncManager, stopping self
D/Eas Debug(  240): Logging: 
D/EAS SyncManager(  240): !!! EAS SyncManager, onDestroy
D/dalvikvm(  249): GC_EXPLICIT freed 716 objects / 53680 bytes in 187ms
I//system/bin/fsck_msdos(   29): Attempting to allocate 998 KB for FAT
D/MediaScanner(  210):  prescan time: 1599ms
D/MediaScanner(  210):     scan time: 150ms
D/MediaScanner(  210): postscan time: 166ms
D/MediaScanner(  210):    total time: 1915ms
D/MediaScannerService(  210): done scanning volume internal
I//system/bin/fsck_msdos(   29): ** Phase 2 - Check Cluster Chains
I//system/bin/fsck_msdos(   29): ** Phase 3 - Checking Directories
I//system/bin/fsck_msdos(   29): ** Phase 4 - Checking for Lost Files
I//system/bin/fsck_msdos(   29): 3 files, 509980 free (254990 clusters)
I/logwrapper(   29): /system/bin/fsck_msdos terminated by exit(0)
I/Vold    (   29): Filesystem check completed OK
I/Vold    (   29): Device /dev/block/vold/179:0, target /mnt/sdcard mounted @ /mnt/secure/staging
D/Vold    (   29): Volume sdcard state changing 3 (Checking) -> 4 (Mounted)
I/PackageManager(   60): Updating external media status from unmounted to mounted
I/StorageNotification(   60): Media {/mnt/sdcard} state changed from {checking} -> {mounted}
D/MediaScannerService(  210): start scanning volume external
V/MediaProvider(  210): /mnt/sdcard volume ID: 269566224
V/MediaProvider(  210): Attached volume: external
V/MediaScanner(  210): pruneDeadThumbnailFiles... android.database.sqlite.SQLiteCursor@44f1f920
V/MediaScanner(  210): /pruneDeadThumbnailFiles... android.database.sqlite.SQLiteCursor@44f1f920
D/MediaScanner(  210):  prescan time: 78ms
D/MediaScanner(  210):     scan time: 2ms
D/MediaScanner(  210): postscan time: 21ms
D/MediaScanner(  210):    total time: 101ms
D/MediaScannerService(  210): done scanning volume external
I/Launcher.Model(  123): not binding apps: no Launcher activity
D/dalvikvm(  123): GC_EXPLICIT freed 4772 objects / 263736 bytes in 91ms
D/VoldCmdListener(   29): asec list
I/PackageManager(   60): No secure containers on sdcard
W/PackageManager(   60): Unknown permission com.google.android.googleapps.permission.GOOGLE_AUTH.mail in package com.android.contacts
D/dalvikvm(  123): GC_EXPLICIT freed 11148 objects / 546536 bytes in 77ms
W/PackageManager(   60): Unknown permission android.permission.ADD_SYSTEM_SERVICE in package com.android.phone
W/PackageManager(   60): Not granting permission android.permission.SEND_DOWNLOAD_COMPLETED_INTENTS to package com.android.browser (protectionLevel=2 flags=0x1be45)
W/PackageManager(   60): Unknown permission com.google.android.gm.permission.WRITE_GMAIL in package com.android.settings
W/PackageManager(   60): Unknown permission com.google.android.gm.permission.READ_GMAIL in package com.android.settings
W/PackageManager(   60): Unknown permission com.google.android.googleapps.permission.GOOGLE_AUTH in package com.android.settings
W/PackageManager(   60): Unknown permission com.google.android.googleapps.permission.GOOGLE_AUTH in package com.android.providers.contacts
W/PackageManager(   60): Unknown permission com.google.android.googleapps.permission.GOOGLE_AUTH.cp in package com.android.providers.contacts
W/PackageManager(   60): Unknown permission com.google.android.googleapps.permission.ACCESS_GOOGLE_PASSWORD in package com.android.development
W/PackageManager(   60): Unknown permission com.google.android.googleapps.permission.GOOGLE_AUTH in package com.android.development
W/PackageManager(   60): Unknown permission com.google.android.googleapps.permission.GOOGLE_AUTH.ALL_SERVICES in package com.android.development
W/PackageManager(   60): Unknown permission com.google.android.googleapps.permission.GOOGLE_AUTH.YouTubeUser in package com.android.development
D/PackageParser(   60): Scanning package: /data/app/vmdl26445.tmp
D/dalvikvm(   60): GC_FOR_MALLOC freed 6969 objects / 431872 bytes in 90ms
D/dalvikvm(   60): GC_FOR_MALLOC freed 10990 objects / 615144 bytes in 81ms
I/PackageManager(   60): Removing non-system package:com.rhomobile.mydailyrhodes
I/ActivityManager(   60): Force stopping package com.rhomobile.mydailyrhodes uid=10037
D/PackageManager(   60): Scanning package com.rhomobile.mydailyrhodes
I/PackageManager(   60): Package com.rhomobile.mydailyrhodes codePath changed from /data/app/com.rhomobile.mydailyrhodes-1.apk to /data/app/com.rhomobile.mydailyrhodes-2.apk; Retaining data and using new
I/PackageManager(   60): /data/app/com.rhomobile.mydailyrhodes-2.apk changed; unpacking
D/PackageManager(   60): Caching shared lib lib/armeabi/librhodes.so
D/installd(   35): DexInv: --- BEGIN '/data/app/com.rhomobile.mydailyrhodes-2.apk' ---
D/dalvikvm(  263): DexOpt: load 419ms, verify 574ms, opt 14ms
D/installd(   35): DexInv: --- END '/data/app/com.rhomobile.mydailyrhodes-2.apk' (success) ---
W/PackageManager(   60): Code path for pkg : com.rhomobile.mydailyrhodes changing from /data/app/com.rhomobile.mydailyrhodes-1.apk to /data/app/com.rhomobile.mydailyrhodes-2.apk
W/PackageManager(   60): Resource path for pkg : com.rhomobile.mydailyrhodes changing from /data/app/com.rhomobile.mydailyrhodes-1.apk to /data/app/com.rhomobile.mydailyrhodes-2.apk
D/PackageManager(   60): Registered content provider: com.rhomobile.mydailyrhodes, className = com.rhomobile.rhodes.LocalFileProvider, isSyncable = false
D/PackageManager(   60):   Providers: com.rhomobile.rhodes.LocalFileProvider
D/PackageManager(   60):   Services: com.rhomobile.rhodes.RhodesService
D/PackageManager(   60):   Activities: com.rhomobile.rhodes.RhodesActivity com.rhomobile.rhodes.alert.PopupActivity com.rhomobile.rhodes.camera.FileList com.rhomobile.rhodes.camera.ImageCapture com.rhomobile.rhodes.signature.ImageCapture com.rhomobile.rhodes.datetime.DateTimePickerScreen com.rhomobile.rhodes.mapview.MapView com.rhomobile.rhodes.mapview.GoogleMapView com.rhomobile.rhodes.bluetooth.RhoBluetoothDeviceListActivity
I/ActivityManager(   60): Force stopping package com.rhomobile.mydailyrhodes uid=10037
I/installd(   35): move /data/dalvik-cache/data@app@com.rhomobile.mydailyrhodes-2.apk@classes.dex -> /data/dalvik-cache/data@app@com.rhomobile.mydailyrhodes-2.apk@classes.dex
D/PackageManager(   60): New package installed in /data/app/com.rhomobile.mydailyrhodes-2.apk
I/ActivityManager(   60): Force stopping package com.rhomobile.mydailyrhodes uid=10037
D/dalvikvm(  123): GC_EXPLICIT freed 173 objects / 7280 bytes in 63ms
D/dalvikvm(   60): GC_FOR_MALLOC freed 9212 objects / 525536 bytes in 95ms
I/ActivityManager(   60): Start proc com.svox.pico for broadcast com.svox.pico/.VoiceDataInstallerReceiver: pid=265 uid=10028 gids={}
W/RecognitionManagerService(   60): no available voice recognition services found
D/dalvikvm(   60): GC_EXPLICIT freed 10286 objects / 553296 bytes in 1250ms
D/dalvikvm(  160): GC_EXPLICIT freed 4195 objects / 254648 bytes in 1907ms
I/installd(   35): unlink /data/dalvik-cache/data@app@com.rhomobile.mydailyrhodes-1.apk@classes.dex
D/AndroidRuntime(  209): Shutting down VM
D/dalvikvm(  209): Debugger has detached; object registry had 1 entries
I/AndroidRuntime(  209): NOTE: attach of thread 'Binder Thread #3' failed
I/ActivityThread(  265): Publishing provider com.svox.pico.providers.SettingsProvider: com.svox.pico.providers.SettingsProvider
D/AndroidRuntime(  275): 
D/AndroidRuntime(  275): >>>>>>>>>>>>>> AndroidRuntime START <<<<<<<<<<<<<<
D/AndroidRuntime(  275): CheckJNI is ON
D/AndroidRuntime(  275): --- registering native functions ---
I/ActivityManager(   60): Starting activity: Intent { act=android.intent.action.MAIN flg=0x10000000 cmp=com.rhomobile.mydailyrhodes/com.rhomobile.rhodes.RhodesActivity }
D/AndroidRuntime(  275): Shutting down VM
D/jdwp    (  275): Got wake-up signal, bailing out of select
D/dalvikvm(  275): Debugger has detached; object registry had 1 entries
I/ActivityManager(   60): Start proc com.rhomobile.mydailyrhodes for activity com.rhomobile.mydailyrhodes/com.rhomobile.rhodes.RhodesActivity: pid=282 uid=10037 gids={3003}
D/dalvikvm(  282): Trying to load lib /data/data/com.rhomobile.mydailyrhodes/lib/librhodes.so 0x44edf560
D/dalvikvm(  282): Added shared lib /data/data/com.rhomobile.mydailyrhodes/lib/librhodes.so 0x44edf560
I/ActivityThread(  282): Publishing provider com.rhomobile.mydailyrhodes: com.rhomobile.rhodes.LocalFileProvider
I/RhodesActivity(  282): >>>>>>>>>>>>>>> onCreate()
D/RhodesActivity(  282): RhodesActivity.onStart()
D/RhodesActivity(  282): RhodesActivity.onResume()
D/RhodesService(  282): Root path: /data/data/com.rhomobile.mydailyrhodes/rhodata/
D/RhodesService(  282): Sqlite journals path: /data/data/com.rhomobile.mydailyrhodes/sqlite_stmt_journals/
I/global  (  282): Default buffer size used in BufferedReader constructor. It would be better to be explicit if an 8k-char buffer is required.
I/RhodesService(  282): Application hash was changed
W/ActivityManager(   60): No content provider found for: 
D/RhodesService(  282): Root path: /data/data/com.rhomobile.mydailyrhodes/rhodata/
D/RhodesService(  282): Sqlite journals path: /data/data/com.rhomobile.mydailyrhodes/sqlite_stmt_journals/
I/global  (  282): Default buffer size used in BufferedReader constructor. It would be better to be explicit if an 8k-char buffer is required.
I/APP     (  282): I 08/16/2011 17:14:26:919 afd48828            RhodesApp| Trying to get free listening port.
I/APP     (  282): I 08/16/2011 17:14:26:939 afd48828            RhodesApp| Trying to bind of 0 port...
I/APP     (  282): I 08/16/2011 17:14:26:950 afd48828            RhodesApp| Got port to bind on: 60590
I/APP     (  282): I 08/16/2011 17:14:26:949 0022f108         AppCallbacks| Starting main routine...
I/APP     (  282): I 08/16/2011 17:14:26:954 0022f108         AppCallbacks| ThreadQueue blocked for 300 seconds...
I/APP     (  282): I 08/16/2011 17:14:26:957 afd48828            RhodesApp| Free listening port: 60590
D/dalvikvm(  282): GC_FOR_MALLOC freed 5447 objects / 347368 bytes in 64ms
I/APP     (  282): I 08/16/2011 17:14:27:083 afd48828               Rhodes| Loading...
I/APP     (  282): I 08/16/2011 17:14:28:250 afd48828            RhodesApp| callAppActiveCallback
I/APP     (  282): I 08/16/2011 17:14:28:251 afd48828         AppCallbacks| addCommand: APP-ACTIVATED
I/APP     (  282): I 08/16/2011 17:14:28:254 0022f108         AppCallbacks| Received command APP-ACTIVATED which is greater than expected (LOCAL-SERVER-STARTED) - postpone it
I/APP     (  282): I 08/16/2011 17:14:28:254 0022f108         AppCallbacks| ThreadQueue blocked for 300 seconds...
I/APP     (  282): I 08/16/2011 17:14:28:255 afd48828         AppActivated| Cannot commit now, application will be activated when started.
I/APP     (  282): I 08/16/2011 17:14:28:256 afd48828            Undefined| Handlers have completed.
I/APP     (  282): I 08/16/2011 17:14:28:258 afd48828    RhodesApplication| New AppState: Undefined
I/APP     (  282): I 08/16/2011 17:14:28:263 afd48828        RhodesService| handleCommand: startId=1, source=com.rhomobile.rhodes.BaseActivity
I/APP     (  282): I 08/16/2011 17:14:28:265 0025cec8            RhodesApp| Starting RhodesApp main routine...
I/APP     (  282): I 08/16/2011 17:14:28:266 afd48828        RhodesService| New activity was created
I/APP     (  282): I 08/16/2011 17:14:28:433 afd48828         AppCallbacks| addCommand: UI-CREATED
I/APP     (  282): I 08/16/2011 17:14:28:447 0022f108         AppCallbacks| Received command UI-CREATED which is greater than expected (LOCAL-SERVER-STARTED) - postpone it
I/APP     (  282): I 08/16/2011 17:14:28:448 0022f108         AppCallbacks| ThreadQueue blocked for 300 seconds...
I/APP     (  282): I 08/16/2011 17:14:29:148 afd48828       RhodesActivity| onServiceConnected: {com.rhomobile.mydailyrhodes/com.rhomobile.rhodes.RhodesService}
I/APP     (  282): I 08/16/2011 17:14:30:141 0025cec8              RhoRuby| Init_RhoBlobs: /data/data/com.rhomobile.mydailyrhodes/rhodata/db/db-files
I/APP     (  282): I 08/16/2011 17:14:30:169 0025cec8              RhoRuby| require_compiled: rhoframework
I/APP     (  282): I 08/16/2011 17:14:30:361 0025cec8              RhoRuby| require_compiled: rational
I/APP     (  282): I 08/16/2011 17:14:30:368 0025cec8              RhoRuby| require_compiled: rhom/rhom_db_adapter
I/APP     (  282): I 08/16/2011 17:14:30:607 0025cec8              RhoRuby| require_compiled: rhodes
I/ActivityManager(   60): Displayed activity com.rhomobile.mydailyrhodes/com.rhomobile.rhodes.RhodesActivity: 5919 ms (total 5919 ms)
I/APP     (  282): I 08/16/2011 17:14:30:646 0025cec8              RhoRuby| require_compiled: rhom/rhom_object
I/APP     (  282): I 08/16/2011 17:14:30:685 0025cec8              RhoRuby| require_compiled: rhofsconnector
I/APP     (  282): I 08/16/2011 17:14:30:688 0025cec8              RhoRuby| require_compiled: rho/rhofsconnector
I/APP     (  282): I 08/16/2011 17:14:30:704 0025cec8              RhoRuby| require_compiled: rhom/rhom_object_factory
I/APP     (  282): I 08/16/2011 17:14:31:282 0025cec8              RhoRuby| require_compiled: rhom/rhom
I/APP     (  282): I 08/16/2011 17:14:31:322 0025cec8              RhoRuby| require_compiled: rhom/rhom_model
I/APP     (  282): I 08/16/2011 17:14:31:355 0025cec8              RhoRuby| require_compiled: rhom
I/APP     (  282): I 08/16/2011 17:14:31:364 0025cec8              RhoRuby| require_compiled: rho/rhoapplication
I/APP     (  282): I 08/16/2011 17:14:31:418 0025cec8              RhoRuby| require_compiled: rholang/localization_simplified
I/APP     (  282): I 08/16/2011 17:14:31:470 0025cec8                  APP| Current locale: en; Country code: us
I/APP     (  282): I 08/16/2011 17:14:31:473 0025cec8                  APP| file: /data/data/com.rhomobile.mydailyrhodes/rhodata/lib/rholang/lang_
I/APP     (  282): I 08/16/2011 17:14:31:478 0025cec8              RhoRuby| require_compiled: /data/data/com.rhomobile.mydailyrhodes/rhodata/lib/rholang/lang_en
I/APP     (  282): I 08/16/2011 17:14:31:504 0025cec8              RhoRuby| require_compiled: rho/rhomsg
I/APP     (  282): I 08/16/2011 17:14:31:515 0025cec8                  APP| Current locale: en; Country code: us
I/APP     (  282): I 08/16/2011 17:14:31:517 0025cec8                  APP| file: /data/data/com.rhomobile.mydailyrhodes/rhodata/lib/rholang/rhomsg_
I/APP     (  282): I 08/16/2011 17:14:31:522 0025cec8              RhoRuby| require_compiled: /data/data/com.rhomobile.mydailyrhodes/rhodata/lib/rholang/rhomsg_en
I/APP     (  282): I 08/16/2011 17:14:31:537 0025cec8              RhoRuby| require_compiled: rho/rhotabbar
I/APP     (  282): I 08/16/2011 17:14:31:554 0025cec8              RhoRuby| require_compiled: rho/rhotoolbar
I/APP     (  282): I 08/16/2011 17:14:31:571 0025cec8              RhoRuby| require_compiled: indifferent_access
I/APP     (  282): I 08/16/2011 17:14:31:608 0025cec8              RhoRuby| require_compiled: rho/rhosupport
I/APP     (  282): I 08/16/2011 17:14:31:656 0025cec8              RhoRuby| require_compiled: rho/rhocontroller
I/APP     (  282): I 08/16/2011 17:14:31:688 0025cec8              RhoRuby| require_compiled: rho/render
I/APP     (  282): I 08/16/2011 17:14:31:756 0025cec8              RhoRuby| require_compiled: rho/rho
I/APP     (  282): I 08/16/2011 17:14:31:960 0025cec8              RhoRuby| require_compiled: rho/rhoerror
I/APP     (  282): I 08/16/2011 17:14:31:976 0025cec8                  APP| Current locale: en; Country code: us
I/APP     (  282): I 08/16/2011 17:14:31:977 0025cec8                  APP| file: /data/data/com.rhomobile.mydailyrhodes/rhodata/lib/rholang/rhoerror_
I/APP     (  282): I 08/16/2011 17:14:31:986 0025cec8              RhoRuby| require_compiled: /data/data/com.rhomobile.mydailyrhodes/rhodata/lib/rholang/rhoerror_en
I/APP     (  282): I 08/16/2011 17:14:32:004 0025cec8              RhoRuby| require_compiled: rhom/rhom_source
I/APP     (  282): I 08/16/2011 17:14:32:028 0025cec8              RhoRuby| require_compiled: rho/rhoviewhelpers
I/APP     (  282): I 08/16/2011 17:14:32:049 0025cec8              RhoRuby| require_compiled: rho
I/APP     (  282): I 08/16/2011 17:14:32:052 0025cec8                  APP| RHO loaded
I/APP     (  282): I 08/16/2011 17:14:32:053 0025cec8                  APP| Calling RHO.initialize
I/APP     (  282): I 08/16/2011 17:14:32:070 0025cec8                  APP| model file: MyTask/my_task
I/APP     (  282): I 08/16/2011 17:14:32:214 0025cec8                   DB| Open DB: /data/data/com.rhomobile.mydailyrhodes/rhodata/db/syncdbuser.sqlite
I/APP     (  282): I 08/16/2011 17:14:32:260 0025cec8            RhodesApp| Starting sync engine...
I/APP     (  282): I 08/16/2011 17:14:32:261 0025cec8                 Sync| sync_poll_interval: 0
I/APP     (  282): I 08/16/2011 17:14:32:262 0025cec8                 Sync| syncserver: 
I/APP     (  282): I 08/16/2011 17:14:32:264 0025cec8                 Sync| bulksync_state: 0
I/APP     (  282): I 08/16/2011 17:14:32:266 0025cec8            RhodesApp| RhoRubyInitApp...
I/APP     (  282): I 08/16/2011 17:14:32:267 0025cec8                  APP| init_app
I/APP     (  282): I 08/16/2011 17:14:32:270 0025cec8              RhoRuby| require_compiled: application
I/APP     (  282): I 08/16/2011 17:14:32:281 0025cec8                  APP| Current locale: en; Country code: us
I/APP     (  282): I 08/16/2011 17:14:32:285 0025cec8                  APP| on_reinstall_config_update: {"LogToOutput"=>["0", "1"]}
I/APP     (  282): I 08/16/2011 17:14:32:293 0025cec8           HttpServer| Start HTTP server
I/APP     (  282): I 08/16/2011 17:14:32:296 0025cec8         AppCallbacks| addCommand: LOCAL-SERVER-STARTED
I/APP     (  282): I 08/16/2011 17:14:32:299 0022f108         AppCallbacks| process command: LOCAL-SERVER-STARTED
I/APP     (  282): I 08/16/2011 17:14:32:301 0022f108           AppStarted| Handlers have completed.
I/APP     (  282): I 08/16/2011 17:14:32:304 0022f108         AppActivated| Handlers have completed.
I/APP     (  282): I 08/16/2011 17:14:32:305 0022f108    RhodesApplication| New AppState: AppActivated
I/APP     (  282): I 08/16/2011 17:14:32:308 0022f108         AppCallbacks| process command: UI-CREATED
I/APP     (  282): I 08/16/2011 17:14:32:341 0025cec8           HttpServer| Process URI: '/system/uicreated'
I/APP     (  282): I 08/16/2011 17:14:32:343 0025cec8                  APP| on_ui_created.navigate to start url: '/app'
I/APP     (  282): I 08/16/2011 17:14:32:386 0022f108         AppCallbacks| process command: APP-ACTIVATED
V/SimpleMainView(  282): ms[1313514872457] processForNativeView : [http://127.0.0.1:60590/app]
I/APP     (  282): I 08/16/2011 17:14:32:471 0025cec8           HttpServer| Process URI: '/system/activateapp'
I/APP     (  282): I 08/16/2011 17:14:32:475 0022f108         AppCallbacks| ThreadQueue blocked for 300 seconds...
V/SimpleMainView.View(  282): ms[1313514872575]  Main Window :: onSizeChanged() old [ 320 x 455 ]  new [ 0 x 0 ]
I/APP     (  282): I 08/16/2011 17:14:32:982 0025cec8           HttpServer| Process URI: '/app'
D/webviewglue(  282): nativeDestroy view: 0x310368
D/dalvikvm(  282): GC_FOR_MALLOC freed 3013 objects / 501376 bytes in 61ms
I/APP     (  282): I 08/16/2011 17:14:33:222 0025cec8           HttpServer| Process URI: '/app/index_erb.iseq'
I/APP     (  282): I 08/16/2011 17:14:33:227 0025cec8                  APP| RHO serve_index: /app/index_erb.iseq
I/APP     (  282): I 08/16/2011 17:14:33:232 0025cec8 RHO Rho::RhoController| inst_render_index
I/APP     (  282): I 08/16/2011 17:14:33:251 0025cec8 RHO Rho::RhoController| index layout
I/APP     (  282): I 08/16/2011 17:14:33:455 0025cec8           HttpServer| Process URI: '/public/jqtouch/jquery.1.3.2.min.js'
I/APP     (  282): I 08/16/2011 17:14:33:561 0025cec8           HttpServer| Process URI: '/public/jqtouch/jqtouch.js'
I/APP     (  282): I 08/16/2011 17:14:33:693 0025cec8           HttpServer| Process URI: '/public/jqtouch/jqtouch.css'
I/APP     (  282): I 08/16/2011 17:14:33:821 0025cec8           HttpServer| Process URI: '/public/css/android.css'
I/APP     (  282): I 08/16/2011 17:14:35:467 0025cec8           HttpServer| Process URI: '/public/images/android/disclosure.png'
D/dalvikvm(  282): GC_FOR_MALLOC freed 1938 objects / 422496 bytes in 143ms
I/APP     (  282): I 08/16/2011 17:14:38:192 afd48828      ChromeClientNew| ReferenceError: Can't find variable: $referrer -- From line 581 of http://127.0.0.1:60590/public/jqtouch/jqtouch.js
E/Web Console(  282): ReferenceError: Can't find variable: $referrer at http://127.0.0.1:60590/public/jqtouch/jqtouch.js:581
I/APP     (  282): I 08/16/2011 17:14:38:698 afd48828      ChromeClientNew| ReferenceError: Can't find variable: $referrer -- From line 581 of http://127.0.0.1:60590/public/jqtouch/jqtouch.js
E/Web Console(  282): ReferenceError: Can't find variable: $referrer at http://127.0.0.1:60590/public/jqtouch/jqtouch.js:581
I/APP     (  282): I 08/16/2011 17:14:40:125 0025cec8           HttpServer| Process URI: '/app/index_erb.iseq'
I/APP     (  282): I 08/16/2011 17:14:40:132 0025cec8                  APP| RHO serve_index: /app/index_erb.iseq
I/APP     (  282): I 08/16/2011 17:14:40:147 0025cec8 RHO Rho::RhoController| inst_render_index
I/APP     (  282): I 08/16/2011 17:14:40:180 0025cec8 RHO Rho::RhoController| index layout
V/SimpleMainView(  282): ms[1313514880763] processForNativeView : [http://127.0.0.1:60590/app/Settings]
I/ActivityManager(   60): Process android.process.acore (pid 160) has died.
I/APP     (  282): I 08/16/2011 17:14:41:921 0025cec8           HttpServer| Process URI: '/app/Settings'
I/APP     (  282): I 08/16/2011 17:14:41:946 0025cec8                  APP| RHO serve: /app/Settings
I/APP     (  282): I 08/16/2011 17:14:41:973 0025cec8              RhoRuby| require_compiled: Settings/controller
I/APP     (  282): I 08/16/2011 17:14:42:030 0025cec8              RhoRuby| require_compiled: helpers/browser_helper
I/APP     (  282): I 08/16/2011 17:14:42:149 0025cec8 RHO SettingsController| Layout file: /data/data/com.rhomobile.mydailyrhodes/rhodata/apps/app/layout_erb.iseq. Content size: 1326
I/APP     (  282): I 08/16/2011 17:14:44:729 0025cec8           HttpServer| Process URI: '/app/Settings'
I/APP     (  282): I 08/16/2011 17:14:44:731 0025cec8                  APP| RHO serve: /app/Settings
I/APP     (  282): I 08/16/2011 17:14:44:835 0025cec8 RHO SettingsController| Layout file: /data/data/com.rhomobile.mydailyrhodes/rhodata/apps/app/layout_erb.iseq. Content size: 1326
V/SimpleMainView(  282): ms[1313514887919] processForNativeView : [http://127.0.0.1:60590/app]
I/APP     (  282): I 08/16/2011 17:14:47:938 0025cec8           HttpServer| Process URI: '/app'
I/APP     (  282): I 08/16/2011 17:14:48:068 0025cec8           HttpServer| Process URI: '/app/index_erb.iseq'
I/APP     (  282): I 08/16/2011 17:14:48:224 0025cec8                  APP| RHO serve_index: /app/index_erb.iseq
I/APP     (  282): I 08/16/2011 17:14:48:234 0025cec8 RHO Rho::RhoController| inst_render_index
D/dalvikvm(  282): GC_FOR_MALLOC freed 4068 objects / 534304 bytes in 194ms
I/APP     (  282): I 08/16/2011 17:14:48:287 0025cec8 RHO Rho::RhoController| index layout
V/SimpleMainView(  282): ms[1313514892207] processForNativeView : [http://127.0.0.1:60590/app/Settings]
I/APP     (  282): I 08/16/2011 17:14:52:229 0025cec8           HttpServer| Process URI: '/app/Settings'
I/APP     (  282): I 08/16/2011 17:14:52:231 0025cec8                  APP| RHO serve: /app/Settings
I/APP     (  282): I 08/16/2011 17:14:52:306 0025cec8 RHO SettingsController| Layout file: /data/data/com.rhomobile.mydailyrhodes/rhodata/apps/app/layout_erb.iseq. Content size: 1326
V/SimpleMainView(  282): ms[1313514895791] processForNativeView : [http://127.0.0.1:60590/app]
I/APP     (  282): I 08/16/2011 17:14:55:823 0025cec8           HttpServer| Process URI: '/app'
I/APP     (  282): I 08/16/2011 17:14:55:925 0025cec8           HttpServer| Process URI: '/app/index_erb.iseq'
I/APP     (  282): I 08/16/2011 17:14:55:928 0025cec8                  APP| RHO serve_index: /app/index_erb.iseq
I/APP     (  282): I 08/16/2011 17:14:55:931 0025cec8 RHO Rho::RhoController| inst_render_index
I/APP     (  282): I 08/16/2011 17:14:55:956 0025cec8 RHO Rho::RhoController| index layout
I/APP     (  282): I 08/16/2011 17:14:58:785 afd48828      ChromeClientNew| ReferenceError: Can't find variable: $referrer -- From line 581 of http://127.0.0.1:60590/public/jqtouch/jqtouch.js
D/dalvikvm(  282): GC_FOR_MALLOC freed 4255 objects / 523904 bytes in 141ms
E/Web Console(  282): ReferenceError: Can't find variable: $referrer at http://127.0.0.1:60590/public/jqtouch/jqtouch.js:581
I/APP     (  282): I 08/16/2011 17:15:00:515 afd48828      ChromeClientNew| ReferenceError: Can't find variable: $referrer -- From line 581 of http://127.0.0.1:60590/public/jqtouch/jqtouch.js
E/Web Console(  282): ReferenceError: Can't find variable: $referrer at http://127.0.0.1:60590/public/jqtouch/jqtouch.js:581
I/APP     (  282): I 08/16/2011 17:15:02:585 afd48828      ChromeClientNew| ReferenceError: Can't find variable: $referrer -- From line 581 of http://127.0.0.1:60590/public/jqtouch/jqtouch.js
E/Web Console(  282): ReferenceError: Can't find variable: $referrer at http://127.0.0.1:60590/public/jqtouch/jqtouch.js:581
I/ActivityManager(   60): moveTaskToBack: 3
D/PhoneWindow(  282): couldn't save which view has focus because the focused view android.webkit.WebView@44f37bc8 has no id.
I/APP     (  282): I 08/16/2011 17:15:05:850 afd48828         AppActivated| Handlers have completed.
I/APP     (  282): I 08/16/2011 17:15:05:857 afd48828    RhodesApplication| New UiState: MainActivityPaused
D/RhodesActivity(  282): RhodesActivity.onPause()
I/APP     (  282): I 08/16/2011 17:15:05:893 0025cec8           HttpServer| Process URI: '/system/uidestroyed'
I/APP     (  282): I 08/16/2011 17:15:06:368 afd48828       AppDeactivated| Handlers have completed.
I/APP     (  282): I 08/16/2011 17:15:06:369 afd48828    RhodesApplication| New AppState: AppDeactivated
I/APP     (  282): I 08/16/2011 17:15:06:369 afd48828        RhodesService| activityStopped() temporary release wakeLock object
I/APP     (  282): I 08/16/2011 17:15:06:371 afd48828            RhodesApp| callAppActiveCallback
I/APP     (  282): I 08/16/2011 17:15:06:371 afd48828         AppCallbacks| addCommand: APP-DEACTIVATED
I/APP     (  282): I 08/16/2011 17:15:06:372 0022f108         AppCallbacks| process command: APP-DEACTIVATED
I/APP     (  282): I 08/16/2011 17:15:06:373 0022f108         AppCallbacks| ThreadQueue blocked for 300 seconds...
I/APP     (  282): I 08/16/2011 17:15:06:392 0025cec8           HttpServer| Process URI: '/system/deactivateapp'
D/RhodesActivity(  282): RhodesActivity.onStop()
I/DEBUG   (   31): debuggerd: Jun 30 2010 13:59:20
I/Netd    (   30): Netd 1.0 starting
D/qemud   (   38): entering main loop
I/Vold    (   29): Vold 2.1 (the revenge) firing up
D/Vold    (   29): Volume sdcard state changing -1 (Initializing) -> 0 (No-Media)
D/Vold    (   29): Volume sdcard state changing 0 (No-Media) -> 1 (Idle-Unmounted)
W/Vold    (   29): No UMS switch available
D/qemud   (   38): fdhandler_accept_event: accepting on fd 10
D/qemud   (   38): created client 0xe078 listening on fd 8
D/qemud   (   38): client_fd_receive: attempting registration for service 'boot-properties'
D/qemud   (   38): client_fd_receive:    -> received channel id 1
D/qemud   (   38): client_registration: registration succeeded for client 1
I/qemu-props(   52): connected to 'boot-properties' qemud service.
I/qemu-props(   52): received: dalvik.vm.heapsize=24m
I/qemu-props(   52): received: qemu.sf.lcd_density=160
I/qemu-props(   52): received: 
I/qemu-props(   52): invalid format, ignored.
D/AndroidRuntime(   33): 
D/AndroidRuntime(   33): >>>>>>>>>>>>>> AndroidRuntime START <<<<<<<<<<<<<<
D/AndroidRuntime(   33): CheckJNI is ON
D/qemud   (   38): fdhandler_accept_event: accepting on fd 10
D/qemud   (   38): created client 0xe078 listening on fd 11
D/qemud   (   38): fdhandler_event: disconnect on fd 11
D/qemud   (   38): fdhandler_accept_event: accepting on fd 10
D/qemud   (   38): created client 0xe078 listening on fd 11
D/qemud   (   38): client_fd_receive: attempting registration for service 'gsm'
D/qemud   (   38): client_fd_receive:    -> received channel id 2
I/        (   34): ServiceManager: 0xacd0
D/AudioHardwareInterface(   34): setMode(NORMAL)
D/qemud   (   38): client_registration: registration succeeded for client 2
I/CameraService(   34): CameraService started: pid=34
I/AudioFlinger(   34): AudioFlinger's thread 0xb3f0 ready to run
D/AndroidRuntime(   33): --- registering native functions ---
I/SamplingProfilerIntegration(   33): Profiler is disabled.
I/Zygote  (   33): Preloading classes...
E/Zygote  (   33): setreuid() failed. errno: 2
D/dalvikvm(   33): GC_EXPLICIT freed 821 objects / 47496 bytes in 6ms
D/dalvikvm(   33): GC_EXPLICIT freed 219 objects / 13600 bytes in 3ms
D/dalvikvm(   33): GC_EXPLICIT freed 253 objects / 14360 bytes in 4ms
D/dalvikvm(   33): GC_EXPLICIT freed 468 objects / 28984 bytes in 6ms
D/dalvikvm(   33): GC_EXPLICIT freed 2088 objects / 108280 bytes in 11ms
W/MediaProfiles(   33): could not find media config xml file
D/dalvikvm(   33): GC_EXPLICIT freed 279 objects / 15984 bytes in 8ms
D/dalvikvm(   33): GC_FOR_MALLOC freed 5052 objects / 223992 bytes in 13ms
D/dalvikvm(   33): GC_FOR_MALLOC freed 11253 objects / 381344 bytes in 17ms
D/dalvikvm(   33): GC_FOR_MALLOC freed 9798 objects / 461152 bytes in 18ms
D/dalvikvm(   33): GC_FOR_MALLOC freed 8690 objects / 422872 bytes in 19ms
D/dalvikvm(   33): GC_FOR_MALLOC freed 7835 objects / 458864 bytes in 20ms
D/dalvikvm(   33): GC_FOR_MALLOC freed 7626 objects / 457776 bytes in 21ms
D/dalvikvm(   33): GC_FOR_MALLOC freed 8231 objects / 513296 bytes in 20ms
D/dalvikvm(   33): GC_FOR_MALLOC freed 7558 objects / 487104 bytes in 21ms
D/dalvikvm(   33): GC_EXPLICIT freed 175 objects / 9248 bytes in 16ms
D/dalvikvm(   33): GC_EXPLICIT freed 594 objects / 29024 bytes in 18ms
D/dalvikvm(   33): GC_EXPLICIT freed 449 objects / 25280 bytes in 18ms
D/dalvikvm(   33): GC_EXPLICIT freed 308 objects / 35136 bytes in 23ms
D/dalvikvm(   33): GC_EXPLICIT freed 279 objects / 18896 bytes in 24ms
D/dalvikvm(   33): GC_EXPLICIT freed 341 objects / 18472 bytes in 25ms
D/dalvikvm(   33): GC_EXPLICIT freed 449 objects / 28352 bytes in 25ms
D/dalvikvm(   33): GC_EXPLICIT freed 528 objects / 53264 bytes in 26ms
D/dalvikvm(   33): GC_EXPLICIT freed 623 objects / 34008 bytes in 28ms
D/dalvikvm(   33): GC_EXPLICIT freed 861 objects / 46864 bytes in 29ms
D/dalvikvm(   33): GC_EXPLICIT freed 1747 objects / 85512 bytes in 29ms
D/dalvikvm(   33): GC_EXPLICIT freed 447 objects / 29448 bytes in 32ms
D/dalvikvm(   33): GC_EXPLICIT freed 315 objects / 20192 bytes in 33ms
I/Zygote  (   33): ...preloaded 1265 classes in 5319ms.
E/Zygote  (   33): setreuid() failed. errno: 17
D/dalvikvm(   33): GC_EXPLICIT freed 104 objects / 14208 bytes in 28ms
I/Zygote  (   33): Preloading resources...
W/Zygote  (   33): Preloaded drawable resource #0x1080093 (res/drawable-mdpi/sym_def_app_icon.png) that varies with configuration!!
W/Zygote  (   33): Preloaded drawable resource #0x1080002 (res/drawable-mdpi/arrow_down_float.png) that varies with configuration!!
W/Zygote  (   33): Preloaded drawable resource #0x10800b3 (res/drawable/btn_check.xml) that varies with configuration!!
W/Zygote  (   33): Preloaded drawable resource #0x10800b6 (res/drawable-mdpi/btn_check_label_background.9.png) that varies with configuration!!
W/Zygote  (   33): Preloaded drawable resource #0x10800b7 (res/drawable-mdpi/btn_check_off.png) that varies with configuration!!
W/Zygote  (   33): Preloaded drawable resource #0x10800bc (res/drawable-mdpi/btn_check_on.png) that varies with configuration!!
W/Zygote  (   33): Preloaded drawable resource #0x1080004 (res/drawable/btn_default.xml) that varies with configuration!!
W/Zygote  (   33): Preloaded drawable resource #0x1080005 (res/drawable/btn_default_small.xml) that varies with configuration!!
W/Zygote  (   33): Preloaded drawable resource #0x1080006 (res/drawable/btn_dropdown.xml) that varies with configuration!!
W/Zygote  (   33): Preloaded drawable resource #0x1080008 (res/drawable/btn_plus.xml) that varies with configuration!!
W/Zygote  (   33): Preloaded drawable resource #0x1080007 (res/drawable/btn_minus.xml) that varies with configuration!!
W/Zygote  (   33): Preloaded drawable resource #0x1080009 (res/drawable/btn_radio.xml) that varies with configuration!!
W/Zygote  (   33): Preloaded drawable resource #0x108000a (res/drawable/btn_star.xml) that varies with configuration!!
D/dalvikvm(   33): GC_EXPLICIT freed 421 objects / 25888 bytes in 38ms
W/Zygote  (   33): Preloaded drawable resource #0x1080131 (res/drawable/btn_toggle.xml) that varies with configuration!!
W/Zygote  (   33): Preloaded drawable resource #0x1080194 (res/drawable-mdpi/ic_emergency.png) that varies with configuration!!
W/Zygote  (   33): Preloaded drawable resource #0x1080012 (res/drawable-mdpi/divider_horizontal_bright.9.png) that varies with configuration!!
W/Zygote  (   33): Preloaded drawable resource #0x1080014 (res/drawable-mdpi/divider_horizontal_dark.9.png) that varies with configuration!!
W/Zygote  (   33): Preloaded drawable resource #0x1080016 (res/drawable/edit_text.xml) that varies with configuration!!
W/Zygote  (   33): Preloaded drawable resource #0x108016d (res/drawable/expander_group.xml) that varies with configuration!!
W/Zygote  (   33): Preloaded drawable resource #0x1080062 (res/drawable/list_selector_background.xml) that varies with configuration!!
W/Zygote  (   33): Preloaded drawable resource #0x1080227 (res/drawable-mdpi/menu_background.9.png) that varies with configuration!!
W/Zygote  (   33): Preloaded drawable resource #0x1080228 (res/drawable-mdpi/menu_background_fill_parent_width.9.png) that varies with configuration!!
W/Zygote  (   33): Preloaded drawable resource #0x1080229 (res/drawable/menu_selector.xml) that varies with configuration!!
W/Zygote  (   33): Preloaded drawable resource #0x1080234 (res/drawable-mdpi/panel_background.9.png) that varies with configuration!!
W/Zygote  (   33): Preloaded drawable resource #0x108023b (res/drawable-mdpi/popup_bottom_bright.9.png) that varies with configuration!!
W/Zygote  (   33): Preloaded drawable resource #0x108023c (res/drawable-mdpi/popup_bottom_dark.9.png) that varies with configuration!!
W/Zygote  (   33): Preloaded drawable resource #0x108023d (res/drawable-mdpi/popup_bottom_medium.9.png) that varies with configuration!!
W/Zygote  (   33): Preloaded drawable resource #0x108023e (res/drawable-mdpi/popup_center_bright.9.png) that varies with configuration!!
W/Zygote  (   33): Preloaded drawable resource #0x108023f (res/drawable-mdpi/popup_center_dark.9.png) that varies with configuration!!
W/Zygote  (   33): Preloaded drawable resource #0x1080242 (res/drawable-mdpi/popup_full_dark.9.png) that varies with configuration!!
W/Zygote  (   33): Preloaded drawable resource #0x1080245 (res/drawable-mdpi/popup_top_bright.9.png) that varies with configuration!!
W/Zygote  (   33): Preloaded drawable resource #0x1080246 (res/drawable-mdpi/popup_top_dark.9.png) that varies with configuration!!
W/Zygote  (   33): Preloaded drawable resource #0x108006d (res/drawable/progress_indeterminate_horizontal.xml) that varies with configuration!!
W/Zygote  (   33): Preloaded drawable resource #0x108024c (res/drawable/progress_small.xml) that varies with configuration!!
W/Zygote  (   33): Preloaded drawable resource #0x108024d (res/drawable/progress_small_titlebar.xml) that varies with configuration!!
W/Zygote  (   33): Preloaded drawable resource #0x1080270 (res/drawable-mdpi/scrollbar_handle_horizontal.9.png) that varies with configuration!!
W/Zygote  (   33): Preloaded drawable resource #0x1080271 (res/drawable-mdpi/scrollbar_handle_vertical.9.png) that varies with configuration!!
D/dalvikvm(   33): GC_EXPLICIT freed 477 objects / 32656 bytes in 30ms
W/Zygote  (   33): Preloaded drawable resource #0x1080071 (res/drawable/spinner_dropdown_background.xml) that varies with configuration!!
W/Zygote  (   33): Preloaded drawable resource #0x1080354 (res/drawable-mdpi/title_bar_shadow.9.png) that varies with configuration!!
W/Zygote  (   33): Preloaded drawable resource #0x10801d6 (res/drawable-mdpi/indicator_code_lock_drag_direction_green_up.png) that varies with configuration!!
W/Zygote  (   33): Preloaded drawable resource #0x10801d7 (res/drawable-mdpi/indicator_code_lock_drag_direction_red_up.png) that varies with configuration!!
W/Zygote  (   33): Preloaded drawable resource #0x10801d8 (res/drawable-mdpi/indicator_code_lock_point_area_default.png) that varies with configuration!!
W/Zygote  (   33): Preloaded drawable resource #0x10801d9 (res/drawable-mdpi/indicator_code_lock_point_area_green.png) that varies with configuration!!
W/Zygote  (   33): Preloaded drawable resource #0x10801da (res/drawable-mdpi/indicator_code_lock_point_area_red.png) that varies with configuration!!
W/Zygote  (   33): Preloaded drawable resource #0x10801e8 (res/drawable-mdpi/jog_tab_bar_left_end_confirm_gray.9.png) that varies with configuration!!
W/Zygote  (   33): Preloaded drawable resource #0x10801ec (res/drawable-mdpi/jog_tab_bar_left_end_normal.9.png) that varies with configuration!!
W/Zygote  (   33): Preloaded drawable resource #0x10801ed (res/drawable-mdpi/jog_tab_bar_left_end_pressed.9.png) that varies with configuration!!
W/Zygote  (   33): Preloaded drawable resource #0x10801f1 (res/drawable-mdpi/jog_tab_bar_right_end_confirm_gray.9.png) that varies with configuration!!
W/Zygote  (   33): Preloaded drawable resource #0x10801f5 (res/drawable-mdpi/jog_tab_bar_right_end_normal.9.png) that varies with configuration!!
W/Zygote  (   33): Preloaded drawable resource #0x10801f6 (res/drawable-mdpi/jog_tab_bar_right_end_pressed.9.png) that varies with configuration!!
W/Zygote  (   33): Preloaded drawable resource #0x10801fb (res/drawable-mdpi/jog_tab_left_confirm_gray.png) that varies with configuration!!
W/Zygote  (   33): Preloaded drawable resource #0x1080200 (res/drawable-mdpi/jog_tab_left_normal.png) that varies with configuration!!
W/Zygote  (   33): Preloaded drawable resource #0x1080201 (res/drawable-mdpi/jog_tab_left_pressed.png) that varies with configuration!!
W/Zygote  (   33): Preloaded drawable resource #0x1080203 (res/drawable-mdpi/jog_tab_right_confirm_gray.png) that varies with configuration!!
W/Zygote  (   33): Preloaded drawable resource #0x1080209 (res/drawable-mdpi/jog_tab_right_normal.png) that varies with configuration!!
W/Zygote  (   33): Preloaded drawable resource #0x108020a (res/drawable-mdpi/jog_tab_right_pressed.png) that varies with configuration!!
W/Zygote  (   33): Preloaded drawable resource #0x108020d (res/drawable-mdpi/jog_tab_target_gray.png) that varies with configuration!!
I/Zygote  (   33): ...preloaded 61 resources in 444ms.
I/Zygote  (   33): ...preloaded 15 resources in 11ms.
D/dalvikvm(   33): GC_EXPLICIT freed 503 objects / 37800 bytes in 61ms
D/dalvikvm(   33): GC_EXPLICIT freed 150 objects / 5784 bytes in 47ms
D/dalvikvm(   33): GC_EXPLICIT freed 2 objects / 48 bytes in 42ms
I/dalvikvm(   33): System server process 60 has been created
I/Zygote  (   33): Accepting command socket connections
E/BatteryService(   60): usbOnlinePath not found
E/BatteryService(   60): batteryVoltagePath not found
E/BatteryService(   60): batteryTemperaturePath not found
I/sysproc (   60): Entered system_init()
I/sysproc (   60): ServiceManager: 0x11d680
I/SurfaceFlinger(   60): SurfaceFlinger is starting
I/SurfaceFlinger(   60): SurfaceFlinger's main thread ready to run. Initializing graphics H/W...
E/SurfaceFlinger(   60): Couldn't open /sys/power/wait_for_fb_sleep or /sys/power/wait_for_fb_wake
I/gralloc (   60): using (fd=24)
I/gralloc (   60): id           = 
I/gralloc (   60): xres         = 320 px
I/gralloc (   60): yres         = 480 px
I/gralloc (   60): xres_virtual = 320 px
I/gralloc (   60): yres_virtual = 960 px
I/gralloc (   60): bpp          = 16
I/gralloc (   60): r            = 11:5
I/gralloc (   60): g            =  5:6
I/gralloc (   60): b            =  0:5
I/gralloc (   60): width        = 49 mm (165.877548 dpi)
I/gralloc (   60): height       = 74 mm (164.756760 dpi)
I/gralloc (   60): refresh rate = 60.00 Hz
D/libEGL  (   60): egl.cfg not found, using default config
D/libEGL  (   60): loaded /system/lib/egl/libGLES_android.so
I/SurfaceFlinger(   60): EGL informations:
I/SurfaceFlinger(   60): # of configs : 8
I/SurfaceFlinger(   60): vendor    : Android
I/SurfaceFlinger(   60): version   : 1.4 Android META-EGL
I/SurfaceFlinger(   60): extensions: EGL_KHR_image EGL_KHR_image_base EGL_KHR_image_pixmap EGL_ANDROID_image_native_buffer EGL_ANDROID_swap_rectangle EGL_ANDROID_get_render_buffer 
I/SurfaceFlinger(   60): Client API: OpenGL ES
I/SurfaceFlinger(   60): EGLSurface: 5-6-5-0, config=0x1000000
I/SurfaceFlinger(   60): flags     : 001c0000
I/SurfaceFlinger(   60): OpenGL informations:
I/SurfaceFlinger(   60): vendor    : Android
I/SurfaceFlinger(   60): renderer  : Android PixelFlinger 1.3
I/SurfaceFlinger(   60): version   : OpenGL ES-CM 1.0
I/SurfaceFlinger(   60): extensions: GL_OES_byte_coordinates GL_OES_fixed_point GL_OES_single_precision GL_OES_read_format GL_OES_compressed_paletted_texture GL_OES_draw_texture GL_OES_matrix_get GL_OES_query_matrix GL_OES_EGL_image GL_OES_compressed_ETC1_RGB8_texture GL_ARB_texture_compression GL_ARB_texture_non_power_of_two GL_ANDROID_user_clip_plane GL_ANDROID_vertex_buffer_object GL_ANDROID_generate_mipmap 
I/SurfaceFlinger(   60): GL_MAX_TEXTURE_SIZE = 4096
I/SurfaceFlinger(   60): GL_MAX_VIEWPORT_DIMS = 4096
I/sysproc (   60): System server: starting Android runtime.
I/sysproc (   60): System server: starting Android services.
I/SystemServer(   60): Entered the Android system server!
I/sysproc (   60): System server: entering thread pool.
I/SystemServer(   60): Entropy Service
I/SystemServer(   60): Power Manager
I/SystemServer(   60): Activity Manager
I/ActivityManager(   60): Memory class: 24
I/BootAnimation(   70): boot animation disabled
I/SystemServer(   60): Telephony Registry
I/SystemServer(   60): Package Manager
I/Installer(   60): connecting...
I/installd(   35): new connection
I/PackageManager(   60): Libs: android.test.runner:/system/framework/android.test.runner.jar javax.obex:/system/framework/javax.obex.jar
I/PackageManager(   60): Features: android.hardware.camera android.hardware.camera.autofocus
D/dalvikvm(   60): GC_FOR_MALLOC freed 5983 objects / 246792 bytes in 71ms
W/PackageManager(   60): Running ENG build: no pre-dexopt!
D/PackageManager(   60): Scanning app dir /system/framework
D/PackageManager(   60): Scanning app dir /system/app
D/dalvikvm(   60): GC_FOR_MALLOC freed 7230 objects / 369288 bytes in 58ms
D/dalvikvm(   60): GC_FOR_MALLOC freed 5782 objects / 315976 bytes in 60ms
D/PackageManager(   60): Scanning app dir /data/app
W/PackageParser(   60): No actions in intent filter at /data/app/ApiDemos.apk Binary XML file line #1841
W/PackageParser(   60): No actions in intent filter at /data/app/ApiDemos.apk Binary XML file line #1847
D/dalvikvm(   60): GC_FOR_MALLOC freed 6345 objects / 334304 bytes in 66ms
W/PackageManager(   60): Package com.example.android.apis desires unavailable shared library com.example.will.never.exist; ignoring!
D/PackageManager(   60): Scanning app dir /data/app-private
I/PackageManager(   60): Time to scan packages: 2.031 seconds
W/PackageManager(   60): Unknown permission com.google.android.googleapps.permission.GOOGLE_AUTH.mail in package com.android.contacts
W/PackageManager(   60): Unknown permission android.permission.ADD_SYSTEM_SERVICE in package com.android.phone
W/PackageManager(   60): Not granting permission android.permission.SEND_DOWNLOAD_COMPLETED_INTENTS to package com.android.browser (protectionLevel=2 flags=0x1be45)
W/PackageManager(   60): Unknown permission com.google.android.gm.permission.WRITE_GMAIL in package com.android.settings
W/PackageManager(   60): Unknown permission com.google.android.gm.permission.READ_GMAIL in package com.android.settings
W/PackageManager(   60): Unknown permission com.google.android.googleapps.permission.GOOGLE_AUTH in package com.android.settings
W/PackageManager(   60): Unknown permission com.google.android.googleapps.permission.GOOGLE_AUTH in package com.android.providers.contacts
W/PackageManager(   60): Unknown permission com.google.android.googleapps.permission.GOOGLE_AUTH.cp in package com.android.providers.contacts
W/PackageManager(   60): Unknown permission com.google.android.googleapps.permission.ACCESS_GOOGLE_PASSWORD in package com.android.development
W/PackageManager(   60): Unknown permission com.google.android.googleapps.permission.GOOGLE_AUTH in package com.android.development
W/PackageManager(   60): Unknown permission com.google.android.googleapps.permission.GOOGLE_AUTH.ALL_SERVICES in package com.android.development
W/PackageManager(   60): Unknown permission com.google.android.googleapps.permission.GOOGLE_AUTH.YouTubeUser in package com.android.development
D/dalvikvm(   60): GC_EXPLICIT freed 3831 objects / 246920 bytes in 57ms
I/SystemServer(   60): Account Manager
I/SystemServer(   60): Content Manager
I/SystemServer(   60): System Content Providers
I/ActivityThread(   60): Publishing provider settings: com.android.providers.settings.SettingsProvider
I/SystemServer(   60): Battery Service
I/SystemServer(   60): Lights Service
I/SystemServer(   60): Vibrator Service
D/qemud   (   38): fdhandler_accept_event: accepting on fd 10
D/qemud   (   38): created client 0x11008 listening on fd 12
D/qemud   (   38): client_fd_receive: attempting registration for service 'hw-control'
D/qemud   (   38): client_fd_receive:    -> received channel id 3
D/qemud   (   38): client_registration: registration succeeded for client 3
I/SystemServer(   60): Alarm Manager
I/SystemServer(   60): Init Watchdog
I/SystemServer(   60): Sensor Service
D/qemud   (   38): fdhandler_accept_event: accepting on fd 10
D/qemud   (   38): created client 0xc038 listening on fd 13
D/qemud   (   38): client_fd_receive: attempting registration for service 'sensors'
D/qemud   (   38): client_fd_receive:    -> received channel id 4
D/qemud   (   38): client_registration: registration succeeded for client 4
D/qemud   (   38): fdhandler_event: disconnect on fd 13
I/SystemServer(   60): Window Manager
I/EventHub(   60): New keyboard: device->id=0x10000 devname='qwerty2' propName='hw.keyboards.65536.devname' keylayout='/system/usr/keylayout/qwerty.kl'
I/EventHub(   60): New device: path=/dev/input/event0 name=qwerty2 id=0x10000 (of 0x1) index=1 fd=48 classes=0x2f
E/EventHub(   60): could not get driver version for /dev/input/mouse0, Not a typewriter
E/EventHub(   60): could not get driver version for /dev/input/mice, Not a typewriter
I/KeyInputQueue(   60): Device added: id=0x0, name=qwerty2, classes=2f
I/KeyInputQueue(   60):   X: min=0 max=319 flat=0 fuzz=0
I/KeyInputQueue(   60):   Y: min=0 max=479 flat=0 fuzz=0
I/KeyInputQueue(   60):   Pressure: unknown values
I/KeyInputQueue(   60):   Size: unknown values
I/KeyInputQueue(   60): No virtual keys found
D/qemud   (   38): fdhandler_accept_event: accepting on fd 10
D/qemud   (   38): created client 0xc038 listening on fd 13
D/qemud   (   38): client_fd_receive: attempting registration for service 'sensors'
D/qemud   (   38): client_fd_receive:    -> received channel id 5
