W/Zygote  (   33): Preloaded drawable resource #0x1080246 (res/drawable-hdpi/popup_top_dark.9.png) that varies with configuration!!
W/Zygote  (   33): Preloaded drawable resource #0x108006d (res/drawable/progress_indeterminate_horizontal.xml) that varies with configuration!!
W/Zygote  (   33): Preloaded drawable resource #0x108024c (res/drawable/progress_small.xml) that varies with configuration!!
W/Zygote  (   33): Preloaded drawable resource #0x108024d (res/drawable/progress_small_titlebar.xml) that varies with configuration!!
W/Zygote  (   33): Preloaded drawable resource #0x1080270 (res/drawable-hdpi/scrollbar_handle_horizontal.9.png) that varies with configuration!!
W/Zygote  (   33): Preloaded drawable resource #0x1080271 (res/drawable-hdpi/scrollbar_handle_vertical.9.png) that varies with configuration!!
D/dalvikvm(   33): GC_EXPLICIT freed 477 objects / 32952 bytes in 36ms
W/Zygote  (   33): Preloaded drawable resource #0x1080071 (res/drawable/spinner_dropdown_background.xml) that varies with configuration!!
W/Zygote  (   33): Preloaded drawable resource #0x1080354 (res/drawable-hdpi/title_bar_shadow.9.png) that varies with configuration!!
W/Zygote  (   33): Preloaded drawable resource #0x10801d6 (res/drawable-hdpi/indicator_code_lock_drag_direction_green_up.png) that varies with configuration!!
W/Zygote  (   33): Preloaded drawable resource #0x10801d7 (res/drawable-hdpi/indicator_code_lock_drag_direction_red_up.png) that varies with configuration!!
W/Zygote  (   33): Preloaded drawable resource #0x10801d8 (res/drawable-hdpi/indicator_code_lock_point_area_default.png) that varies with configuration!!
W/Zygote  (   33): Preloaded drawable resource #0x10801d9 (res/drawable-hdpi/indicator_code_lock_point_area_green.png) that varies with configuration!!
W/Zygote  (   33): Preloaded drawable resource #0x10801da (res/drawable-hdpi/indicator_code_lock_point_area_red.png) that varies with configuration!!
W/Zygote  (   33): Preloaded drawable resource #0x10801e8 (res/drawable-hdpi/jog_tab_bar_left_end_confirm_gray.9.png) that varies with configuration!!
W/Zygote  (   33): Preloaded drawable resource #0x10801ec (res/drawable-hdpi/jog_tab_bar_left_end_normal.9.png) that varies with configuration!!
W/Zygote  (   33): Preloaded drawable resource #0x10801ed (res/drawable-hdpi/jog_tab_bar_left_end_pressed.9.png) that varies with configuration!!
W/Zygote  (   33): Preloaded drawable resource #0x10801f1 (res/drawable-hdpi/jog_tab_bar_right_end_confirm_gray.9.png) that varies with configuration!!
W/Zygote  (   33): Preloaded drawable resource #0x10801f5 (res/drawable-hdpi/jog_tab_bar_right_end_normal.9.png) that varies with configuration!!
W/Zygote  (   33): Preloaded drawable resource #0x10801f6 (res/drawable-hdpi/jog_tab_bar_right_end_pressed.9.png) that varies with configuration!!
W/Zygote  (   33): Preloaded drawable resource #0x10801fb (res/drawable-hdpi/jog_tab_left_confirm_gray.png) that varies with configuration!!
W/Zygote  (   33): Preloaded drawable resource #0x1080200 (res/drawable-hdpi/jog_tab_left_normal.png) that varies with configuration!!
W/Zygote  (   33): Preloaded drawable resource #0x1080201 (res/drawable-hdpi/jog_tab_left_pressed.png) that varies with configuration!!
W/Zygote  (   33): Preloaded drawable resource #0x1080203 (res/drawable-hdpi/jog_tab_right_confirm_gray.png) that varies with configuration!!
W/Zygote  (   33): Preloaded drawable resource #0x1080209 (res/drawable-hdpi/jog_tab_right_normal.png) that varies with configuration!!
W/Zygote  (   33): Preloaded drawable resource #0x108020a (res/drawable-hdpi/jog_tab_right_pressed.png) that varies with configuration!!
W/Zygote  (   33): Preloaded drawable resource #0x108020d (res/drawable-hdpi/jog_tab_target_gray.png) that varies with configuration!!
I/Zygote  (   33): ...preloaded 61 resources in 408ms.
I/Zygote  (   33): ...preloaded 15 resources in 15ms.
D/dalvikvm(   33): GC_EXPLICIT freed 503 objects / 38096 bytes in 35ms
D/dalvikvm(   33): GC_EXPLICIT freed 150 objects / 5840 bytes in 34ms
D/dalvikvm(   33): GC_EXPLICIT freed 2 objects / 48 bytes in 34ms
I/dalvikvm(   33): System server process 61 has been created
I/Zygote  (   33): Accepting command socket connections
E/BatteryService(   61): usbOnlinePath not found
E/BatteryService(   61): batteryVoltagePath not found
E/BatteryService(   61): batteryTemperaturePath not found
I/sysproc (   61): Entered system_init()
I/sysproc (   61): ServiceManager: 0x114530
I/SurfaceFlinger(   61): SurfaceFlinger is starting
I/SurfaceFlinger(   61): SurfaceFlinger's main thread ready to run. Initializing graphics H/W...
E/SurfaceFlinger(   61): Couldn't open /sys/power/wait_for_fb_sleep or /sys/power/wait_for_fb_wake
I/gralloc (   61): using (fd=24)
I/gralloc (   61): id           = 
I/gralloc (   61): xres         = 600 px
I/gralloc (   61): yres         = 1024 px
I/gralloc (   61): xres_virtual = 600 px
I/gralloc (   61): yres_virtual = 2048 px
I/gralloc (   61): bpp          = 16
I/gralloc (   61): r            = 11:5
I/gralloc (   61): g            =  5:6
I/gralloc (   61): b            =  0:5
I/gralloc (   61): width        = 92 mm (165.652176 dpi)
I/gralloc (   61): height       = 158 mm (164.617722 dpi)
I/gralloc (   61): refresh rate = 60.00 Hz
D/libEGL  (   61): egl.cfg not found, using default config
D/libEGL  (   61): loaded /system/lib/egl/libGLES_android.so
I/SurfaceFlinger(   61): EGL informations:
I/SurfaceFlinger(   61): # of configs : 8
I/SurfaceFlinger(   61): vendor    : Android
I/SurfaceFlinger(   61): version   : 1.4 Android META-EGL
I/SurfaceFlinger(   61): extensions: EGL_KHR_image EGL_KHR_image_base EGL_KHR_image_pixmap EGL_ANDROID_image_native_buffer EGL_ANDROID_swap_rectangle EGL_ANDROID_get_render_buffer 
I/SurfaceFlinger(   61): Client API: OpenGL ES
I/SurfaceFlinger(   61): EGLSurface: 5-6-5-0, config=0x1000000
I/SurfaceFlinger(   61): flags     : 001c0000
I/SurfaceFlinger(   61): OpenGL informations:
I/SurfaceFlinger(   61): vendor    : Android
I/SurfaceFlinger(   61): renderer  : Android PixelFlinger 1.3
I/SurfaceFlinger(   61): version   : OpenGL ES-CM 1.0
I/SurfaceFlinger(   61): extensions: GL_OES_byte_coordinates GL_OES_fixed_point GL_OES_single_precision GL_OES_read_format GL_OES_compressed_paletted_texture GL_OES_draw_texture GL_OES_matrix_get GL_OES_query_matrix GL_OES_EGL_image GL_OES_compressed_ETC1_RGB8_texture GL_ARB_texture_compression GL_ARB_texture_non_power_of_two GL_ANDROID_user_clip_plane GL_ANDROID_vertex_buffer_object GL_ANDROID_generate_mipmap 
I/SurfaceFlinger(   61): GL_MAX_TEXTURE_SIZE = 4096
I/SurfaceFlinger(   61): GL_MAX_VIEWPORT_DIMS = 4096
I/sysproc (   61): System server: starting Android runtime.
I/sysproc (   61): System server: starting Android services.
I/SystemServer(   61): Entered the Android system server!
I/sysproc (   61): System server: entering thread pool.
I/SystemServer(   61): Entropy Service
I/SystemServer(   61): Power Manager
I/SystemServer(   61): Activity Manager
I/ActivityManager(   61): Memory class: 24
W/UsageStats(   61): Usage stats version changed; dropping
I/BootAnimation(   71): boot animation disabled
I/SystemServer(   61): Telephony Registry
I/SystemServer(   61): Package Manager
I/Installer(   61): connecting...
I/installd(   35): new connection
I/PackageManager(   61): Libs: android.test.runner:/system/framework/android.test.runner.jar javax.obex:/system/framework/javax.obex.jar
I/PackageManager(   61): Features: android.hardware.camera android.hardware.camera.autofocus
D/dalvikvm(   61): GC_FOR_MALLOC freed 5956 objects / 246016 bytes in 71ms
W/PackageManager(   61): Running ENG build: no pre-dexopt!
D/PackageManager(   61): Scanning app dir /system/framework
D/PackageManager(   61): Scanning app dir /system/app
D/dalvikvm(   61): GC_FOR_MALLOC freed 7490 objects / 371792 bytes in 70ms
W/PackageParser(   61): No actions in intent filter at /system/app/Bluetooth.apk Binary XML file line #124
D/dalvikvm(   61): GC_FOR_MALLOC freed 5741 objects / 317224 bytes in 69ms
D/PackageManager(   61): Scanning app dir /data/app
D/dalvikvm(   61): GC_FOR_MALLOC freed 6437 objects / 339040 bytes in 70ms
W/PackageParser(   61): No actions in intent filter at /data/app/ApiDemos.apk Binary XML file line #1841
W/PackageParser(   61): No actions in intent filter at /data/app/ApiDemos.apk Binary XML file line #1847
W/PackageManager(   61): Package com.example.android.apis desires unavailable shared library com.example.will.never.exist; ignoring!
D/PackageManager(   61): Scanning app dir /data/app-private
I/PackageManager(   61): Time to scan packages: 2.281 seconds
W/PackageManager(   61): Unknown permission com.google.android.googleapps.permission.GOOGLE_AUTH.mail in package com.android.contacts
W/PackageManager(   61): Unknown permission android.permission.ADD_SYSTEM_SERVICE in package com.android.phone
W/PackageManager(   61): Unknown permission com.google.android.googleapps.permission.GOOGLE_AUTH in package com.android.providers.calendar
W/PackageManager(   61): Unknown permission com.google.android.googleapps.permission.GOOGLE_AUTH.cl in package com.android.providers.calendar
W/PackageManager(   61): Unknown permission com.google.android.googleapps.permission.GOOGLE_AUTH.mail in package com.android.calendar
W/PackageManager(   61): Not granting permission android.permission.SEND_DOWNLOAD_COMPLETED_INTENTS to package com.android.browser (protectionLevel=2 flags=0x1be45)
W/PackageManager(   61): Unknown permission com.google.android.gm.permission.WRITE_GMAIL in package com.android.settings
W/PackageManager(   61): Unknown permission com.google.android.gm.permission.READ_GMAIL in package com.android.settings
W/PackageManager(   61): Unknown permission com.google.android.googleapps.permission.GOOGLE_AUTH in package com.android.settings
W/PackageManager(   61): Unknown permission com.google.android.googleapps.permission.GOOGLE_AUTH in package com.android.providers.contacts
W/PackageManager(   61): Unknown permission com.google.android.googleapps.permission.GOOGLE_AUTH.cp in package com.android.providers.contacts
W/PackageManager(   61): Unknown permission com.google.android.googleapps.permission.ACCESS_GOOGLE_PASSWORD in package com.android.development
W/PackageManager(   61): Unknown permission com.google.android.googleapps.permission.GOOGLE_AUTH in package com.android.development
W/PackageManager(   61): Unknown permission com.google.android.googleapps.permission.GOOGLE_AUTH.ALL_SERVICES in package com.android.development
W/PackageManager(   61): Unknown permission com.google.android.googleapps.permission.GOOGLE_AUTH.YouTubeUser in package com.android.development
D/dalvikvm(   61): GC_EXPLICIT freed 5654 objects / 340576 bytes in 75ms
I/SystemServer(   61): Account Manager
I/SystemServer(   61): Content Manager
I/SystemServer(   61): System Content Providers
I/ActivityThread(   61): Publishing provider settings: com.android.providers.settings.SettingsProvider
I/SystemServer(   61): Battery Service
I/SystemServer(   61): Lights Service
I/SystemServer(   61): Vibrator Service
D/qemud   (   38): fdhandler_accept_event: accepting on fd 10
D/qemud   (   38): created client 0x11008 listening on fd 12
D/qemud   (   38): client_fd_receive: attempting registration for service 'hw-control'
D/qemud   (   38): client_fd_receive:    -> received channel id 3
D/qemud   (   38): client_registration: registration succeeded for client 3
I/SystemServer(   61): Alarm Manager
I/SystemServer(   61): Init Watchdog
I/SystemServer(   61): Sensor Service
D/qemud   (   38): fdhandler_accept_event: accepting on fd 10
D/qemud   (   38): created client 0xc038 listening on fd 13
D/qemud   (   38): client_fd_receive: attempting registration for service 'sensors'
D/qemud   (   38): client_fd_receive:    -> received channel id 4
D/qemud   (   38): client_registration: registration succeeded for client 4
D/qemud   (   38): fdhandler_event: disconnect on fd 13
I/SystemServer(   61): Window Manager
I/EventHub(   61): New keyboard: device->id=0x10000 devname='qwerty2' propName='hw.keyboards.65536.devname' keylayout='/system/usr/keylayout/qwerty.kl'
I/EventHub(   61): New device: path=/dev/input/event0 name=qwerty2 id=0x10000 (of 0x1) index=1 fd=48 classes=0x2f
E/EventHub(   61): could not get driver version for /dev/input/mouse0, Not a typewriter
E/EventHub(   61): could not get driver version for /dev/input/mice, Not a typewriter
I/KeyInputQueue(   61): Device added: id=0x0, name=qwerty2, classes=2f
I/KeyInputQueue(   61):   X: min=0 max=599 flat=0 fuzz=0
I/KeyInputQueue(   61):   Y: min=0 max=1023 flat=0 fuzz=0
I/KeyInputQueue(   61):   Pressure: unknown values
I/KeyInputQueue(   61):   Size: unknown values
I/KeyInputQueue(   61): No virtual keys found
D/qemud   (   38): fdhandler_accept_event: accepting on fd 10
D/qemud   (   38): created client 0xc038 listening on fd 13
D/qemud   (   38): client_fd_receive: attempting registration for service 'sensors'
D/qemud   (   38): client_fd_receive:    -> received channel id 5
D/qemud   (   38): client_registration: registration succeeded for client 5
D/qemud   (   38): fdhandler_event: disconnect on fd 13
D/qemud   (   38): fdhandler_accept_event: accepting on fd 10
D/qemud   (   38): created client 0xc038 listening on fd 13
D/qemud   (   38): client_fd_receive: attempting registration for service 'sensors'
D/qemud   (   38): client_fd_receive:    -> received channel id 6
D/qemud   (   38): client_registration: registration succeeded for client 6
D/qemud   (   38): fdhandler_event: disconnect on fd 13
I/SystemServer(   61): Registering null Bluetooth Service (emulator)
E/System  (   61): Failure starting core service
E/System  (   61): java.lang.SecurityException
E/System  (   61): 	at android.os.BinderProxy.transact(Native Method)
E/System  (   61): 	at android.os.ServiceManagerProxy.addService(ServiceManagerNative.java:146)
E/System  (   61): 	at android.os.ServiceManager.addService(ServiceManager.java:72)
E/System  (   61): 	at com.android.server.ServerThread.run(SystemServer.java:184)
I/SystemServer(   61): Device Policy
I/SystemServer(   61): Status Bar
I/SystemServer(   61): Clipboard Service
I/SystemServer(   61): Input Method Service
I/InputManagerService(   61): Enabled input methods: com.android.inputmethod.latin/.LatinIME:com.android.inputmethod.pinyin/.PinyinIME:jp.co.omronsoft.openwnn/.OpenWnnJAJP
I/SystemServer(   61): NetStat Service
I/SystemServer(   61): NetworkManagement Service
I/SystemServer(   61): Connectivity Service
V/ConnectivityService(   61): ConnectivityService starting up
D/ConnectivityService(   61): getMobileDataEnabled returning true
V/ConnectivityService(   61): Starting Wifi Service.
I/WifiService(   61): WifiService starting up with Wi-Fi disabled
D/Tethering(   61): Tethering starting
D/NetworkManagmentService(   61): Registering observer
I/SystemServer(   61): Throttle Service
I/SystemServer(   61): Accessibility Manager
I/SystemServer(   61): Mount Service
I/SystemServer(   61): Notification Manager
D/VoldCmdListener(   29): volume list
I/SystemServer(   61): Device Storage Monitor
I/PackageManager(   61): Updating external media status from unmounted to unmounted
D/VoldCmdListener(   29): share status ums
D/dalvikvm(   61): GC_FOR_MALLOC freed 4497 objects / 269648 bytes in 100ms
I/SystemServer(   61): Location Manager
I/SystemServer(   61): Search Service
I/SystemServer(   61): DropBox Service
I/SystemServer(   61): Wallpaper Service
I/SystemServer(   61): Audio Service
D/AudioHardwareInterface(   34): setMode(NORMAL)
W/AudioPolicyManagerBase(   34): setPhoneState() setting same state 0
E/SoundPool(   61): error loading /system/media/audio/ui/Effect_Tick.ogg
W/AudioService(   61): Soundpool could not load file: /system/media/audio/ui/Effect_Tick.ogg
E/SoundPool(   61): error loading /system/media/audio/ui/KeypressStandard.ogg
W/AudioService(   61): Soundpool could not load file: /system/media/audio/ui/KeypressStandard.ogg
E/SoundPool(   61): error loading /system/media/audio/ui/KeypressSpacebar.ogg
W/AudioService(   61): Soundpool could not load file: /system/media/audio/ui/KeypressSpacebar.ogg
E/SoundPool(   61): error loading /system/media/audio/ui/KeypressDelete.ogg
W/AudioService(   61): Soundpool could not load file: /system/media/audio/ui/KeypressDelete.ogg
E/SoundPool(   61): error loading /system/media/audio/ui/KeypressReturn.ogg
W/AudioService(   61): Soundpool could not load file: /system/media/audio/ui/KeypressReturn.ogg
I/SystemServer(   61): Headset Observer
W/HeadsetObserver(   61): This kernel does not have wired headset support
I/SystemServer(   61): Dock Observer
W/DockObserver(   61): This kernel does not have dock station support
I/SystemServer(   61): UI Mode Manager Service
I/SystemServer(   61): Backup Service
V/BackupManagerService(   61): No ancestral data
I/BackupManagerService(   61): Found stale backup journal, scheduling:
I/BackupManagerService(   61):     + com.android.inputmethod.latin
I/BackupManagerService(   61):     + com.android.browser
I/BackupManagerService(   61):     + com.android.providers.userdictionary
I/BackupManagerService(   61):     + android
I/BackupManagerService(   61):     + com.android.providers.settings
I/BackupManagerService(   61): Backup enabled => false
I/SystemServer(   61): AppWidget Service
I/SystemServer(   61): Recognition Service
D/VoldCmdListener(   29): share status ums
D/StorageNotification(   61): Startup with UMS connection false (media state unmounted)
I/SystemServer(   61): DiskStats Service
I/WindowManager(   61): SAFE MODE not enabled
W/DevicePolicyManagerService(   61): failed parsing /data/system/device_policies.xml java.io.FileNotFoundException: /data/system/device_policies.xml (No such file or directory)
I/ActivityManager(   61): Config changed: { scale=1.0 imsi=0/0 loc=en_US touch=3 keys=2/1/2 nav=3/1 orien=1 layout=35 uiMode=0 seq=1}
D/PowerManagerService(   61): system ready!
I/ActivityManager(   61): Sending system update to: ComponentInfo{com.android.providers.calendar/com.android.providers.calendar.CalendarUpgradeReceiver}
I/ActivityManager(   61): Sending system update to: ComponentInfo{com.android.providers.contacts/com.android.providers.contacts.ContactsUpgradeReceiver}
I/Zygote  (   61): Process: zygote socket opened
I/ActivityManager(   61): Start proc com.android.providers.calendar for broadcast com.android.providers.calendar/.CalendarUpgradeReceiver: pid=99 uid=10004 gids={3003}
W/StatusBar(   61): No icon ID for slot ime
I/ActivityManager(   61): Launching preboot mode app: ProcessRecord{450cb540 99:com.android.providers.calendar/10004}
D/qemud   (   38): fdhandler_accept_event: accepting on fd 10
D/qemud   (   38): created client 0xc038 listening on fd 13
D/qemud   (   38): client_fd_receive: attempting registration for service 'sensors'
D/qemud   (   38): client_fd_receive:    -> received channel id 7
D/qemud   (   38): client_registration: registration succeeded for client 7
I/ActivityManager(   61): Starting activity: Intent { act=android.intent.action.MAIN cat=[android.intent.category.HOME] flg=0x10000000 cmp=com.android.launcher/com.android.launcher2.Launcher }
I/ActivityManager(   61): Start proc android.process.acore for broadcast com.android.providers.contacts/.ContactsUpgradeReceiver: pid=106 uid=10009 gids={3003, 1015}
D/StatusBar(   61): DISABLE_EXPAND: yes
D/dalvikvm(   61): GC_FOR_MALLOC freed 4718 objects / 269952 bytes in 142ms
I/ActivityManager(   61): Launching preboot mode app: ProcessRecord{450fd3f8 106:android.process.acore/10009}
I/ARMAssembler(   61): generated scanline__00000177:03515104_00001001_00000000 [ 91 ipp] (114 ins) at [0x298eb0:0x299078] in 5216528 ns
I/ActivityManager(   61): Removing system update proc: ProcessRecord{450cb540 99:com.android.providers.calendar/10004}
I/Process (   61): Sending signal. PID: 99 SIG: 9
I/ActivityManager(   61): Removing system update proc: ProcessRecord{450fd3f8 106:android.process.acore/10009}
I/Process (   61): Sending signal. PID: 106 SIG: 9
I/ActivityManager(   61): System now ready
I/SystemServer(   61): Making services ready
I/ActivityManager(   61): Config changed: { scale=1.0 imsi=0/0 loc=en_US touch=3 keys=2/1/2 nav=3/1 orien=1 layout=35 uiMode=17 seq=2}
I/ARMAssembler(   61): generated scanline__00000177:03515104_00000001_00000000 [ 73 ipp] (95 ins) at [0x250ec0:0x25103c] in 441928 ns
W/RecognitionManagerService(   61): no available voice recognition services found
I/ActivityManager(   61): Start proc jp.co.omronsoft.openwnn for service jp.co.omronsoft.openwnn/.OpenWnnJAJP: pid=122 uid=10031 gids={}
D/libhardware_legacy(   61): using QEMU GPS Hardware emulation
D/NetworkManagmentService(   61): Registering observer
E/ThrottleService(   61): Could not open GPS configuration file /etc/gps.conf
I/ActivityManager(   61): Start proc com.android.phone for added application com.android.phone: pid=126 uid=1001 gids={3002, 3001, 3003, 1015}
I/ActivityManager(   61): Start proc com.android.launcher for activity com.android.launcher/com.android.launcher2.Launcher: pid=128 uid=10022 gids={}
I/ActivityManager(   61): Start proc com.android.settings for broadcast com.android.settings/.widget.SettingsAppWidgetProvider: pid=133 uid=1000 gids={3002, 3001, 3003}
W/GpsLocationProvider(   61): Could not open GPS configuration file /etc/gps.conf
E/logwrapper(  147): executing /system/bin/tc failed: No such file or directory
I/logwrapper(   30): /system/bin/tc terminated by exit(255)
E/logwrapper(  150): executing /system/bin/tc failed: No such file or directory
I/logwrapper(   30): /system/bin/tc terminated by exit(255)
E/logwrapper(  151): executing /system/bin/tc failed: No such file or directory
I/logwrapper(   30): /system/bin/tc terminated by exit(255)
W/ActivityManager(   61): Unable to start service Intent { act=@0 }: not found
W/ActivityManager(   61): Unable to start service Intent { act=@0 }: not found
I/ActivityThread(  128): Publishing provider com.android.launcher2.settings: com.android.launcher2.LauncherProvider
D/dalvikvm(   61): GC_EXTERNAL_ALLOC freed 4120 objects / 261232 bytes in 499ms
I/ActivityThread(  126): Publishing provider mms: com.android.providers.telephony.MmsProvider
D/dalvikvm(  122): No JNI_OnLoad found in /system/lib/libwnndict.so 0x44f51d00, skipping init
I/ActivityThread(  126): Publishing provider sms: com.android.providers.telephony.SmsProvider
D/dalvikvm(  128): GC_EXTERNAL_ALLOC freed 1030 objects / 75112 bytes in 395ms
I/ActivityThread(  126): Publishing provider telephony: com.android.providers.telephony.TelephonyProvider
I/ActivityThread(  126): Publishing provider icc: com.android.phone.IccProvider
I/ActivityThread(  126): Publishing provider mms-sms: com.android.providers.telephony.MmsSmsProvider
D/dalvikvm(  122): GC_FOR_MALLOC freed 1435 objects / 243688 bytes in 272ms
D/qemud   (   38): fdhandler_accept_event: accepting on fd 10
D/qemud   (   38): created client 0xc088 listening on fd 14
D/qemud   (   38): client_fd_receive: attempting registration for service 'gps'
D/qemud   (   38): client_fd_receive:    -> received channel id 8
D/qemud   (   38): client_registration: registration succeeded for client 8
I/ARMAssembler(   61): generated scanline__00000077:03545404_00000004_00000000 [ 47 ipp] (67 ins) at [0x2b4c58:0x2b4d64] in 626322 ns
D/ConnectivityService(   61): getMobileDataEnabled returning true
D/dalvikvm(  122): GC_FOR_MALLOC freed 393 objects / 393704 bytes in 439ms
I/ARMAssembler(   61): generated scanline__00000077:03010104_00000004_00000000 [ 22 ipp] (41 ins) at [0x328148:0x3281ec] in 435769 ns
I/ActivityManager(   61): Start proc android.process.acore for content provider com.android.providers.contacts/.CallLogProvider: pid=165 uid=10009 gids={3003, 1015}
D/PhoneApp(  126): onCreate: mProximityWakeLock: null
W/ActivityManager(   61): Unable to start service Intent { act=com.android.ussd.IExtendedNetworkService }: not found
D/PhoneApp(  126): Resetting audio state/mode: IDLE
D/AlarmManagerService(   61): Kernel timezone updated to 0 minutes west of GMT
D/SystemClock(  126): Setting time of day to sec=1313570973
I/ActivityManager(   61): Start proc com.android.alarmclock for broadcast com.android.alarmclock/.AlarmInitReceiver: pid=171 uid=10000 gids={}
W/SystemClock(  126): Unable to set rtc to 1313570973: Invalid argument
D/MobileDataStateTracker(   61): default Received state= DISCONNECTED, old= DISCONNECTED, reason= radioTurnedOff, apnTypeList= default
D/MobileDataStateTracker(   61): default Received state= DISCONNECTED, old= DISCONNECTED, reason= gprsDetached, apnTypeList= default
I/ActivityThread(  165): Publishing provider com.android.social: com.android.providers.contacts.SocialProvider
I/ActivityThread(  165): Publishing provider applications: com.android.providers.applications.ApplicationsProvider
D/dalvikvm(   61): GREF has increased to 201
I/ActivityThread(  171): Publishing provider com.android.alarmclock: com.android.alarmclock.AlarmProvider
I/WindowManager(   61): Timeout waiting for wallpaper to offset: Window{450c9058 com.android.internal.service.wallpaper.ImageWallpaper paused=false}
D/dalvikvm(  126): GC_FOR_MALLOC freed 3638 objects / 221584 bytes in 636ms
I/ActivityThread(  165): Publishing provider contacts;com.android.contacts: com.android.providers.contacts.ContactsProvider2
D/MobileDataStateTracker(   61): default Received state= DISCONNECTED, old= DISCONNECTED, reason= (unspecified), apnTypeList= default
D/MccTable(  126): updateMccMncConfiguration: mcc=310, mnc=260
D/MccTable(  126): locale set to en_us
D/MccTable(  126): WIFI_NUM_ALLOWED_CHANNELS set to 11
I/WifiService(   61): WifiService trying to setNumAllowed to 11 with persist set to true
I/ActivityManager(   61): Config changed: { scale=1.0 imsi=310/260 loc=en_US touch=3 keys=2/1/2 nav=3/1 orien=1 layout=35 uiMode=17 seq=3}
I/UsageStats(   61): Unexpected resume of com.android.launcher while already resumed in com.android.launcher
W/ActivityManager(   61): Activity idle timeout for HistoryRecord{450f8ae8 com.android.launcher/com.android.launcher2.Launcher}
D/PowerManagerService(   61): bootCompleted
D/VoldCmdListener(   29): volume mount /mnt/sdcard
I/Vold    (   29): /dev/block/vold/179:0 being considered for volume sdcard
D/Vold    (   29): Volume sdcard state changing 1 (Idle-Unmounted) -> 3 (Checking)
I//system/bin/fsck_msdos(   29): ** /dev/block/vold/179:0
I/StorageNotification(   61): Media {/mnt/sdcard} state changed from {unmounted} -> {checking}
I//system/bin/fsck_msdos(   29): ** Phase 1 - Read and Compare FATs
I//system/bin/fsck_msdos(   29): Attempting to allocate 998 KB for FAT
D/dalvikvm(   61): GC_FOR_MALLOC freed 7675 objects / 389440 bytes in 396ms
I/ActivityThread(  165): Publishing provider call_log: com.android.providers.contacts.CallLogProvider
I/ActivityThread(  165): Publishing provider user_dictionary: com.android.providers.userdictionary.UserDictionaryProvider
I/SearchManagerService(   61): Building list of searchable activities
I/ActivityManager(   61): Start proc com.android.quicksearchbox for broadcast com.android.quicksearchbox/.SearchWidgetProvider: pid=191 uid=10016 gids={3003}
D/dalvikvm(   33): GC_EXPLICIT freed 262 objects / 9928 bytes in 122ms
W/WindowManager(   61): App freeze timeout expired.
W/WindowManager(   61): Force clearing freeze: AppWindowToken{450fc080 token=HistoryRecord{450f8ae8 com.android.launcher/com.android.launcher2.Launcher}}
D/dalvikvm(   33): GC_EXPLICIT freed 40 objects / 1736 bytes in 138ms
D/dalvikvm(   33): GC_EXPLICIT freed 2 objects / 48 bytes in 127ms
D/TelephonyProvider(  126): Setting numeric '310260' to be the current operator
D/MobileDataStateTracker(   61): default Received state= CONNECTING, old= DISCONNECTED, reason= simLoaded, apnTypeList= *
D/NetworkStateTracker(   61): setDetailed state, old =IDLE and new state=CONNECTING
D/ConnectivityService(   61): ConnectivityChange for mobile: CONNECTING/CONNECTING
D/MobileDataStateTracker(   61): replacing old mInterfaceName (null) with /dev/omap_csmi_tty1 for hipri
D/MobileDataStateTracker(   61): replacing old mInterfaceName (null) with /dev/omap_csmi_tty1 for supl
D/MobileDataStateTracker(   61): replacing old mInterfaceName (null) with /dev/omap_csmi_tty1 for mms
D/MobileDataStateTracker(   61): default Received state= CONNECTED, old= CONNECTING, reason= simLoaded, apnTypeList= *
D/NetworkStateTracker(   61): setDetailed state, old =CONNECTING and new state=CONNECTED
D/ConnectivityService(   61): ConnectivityChange for mobile: CONNECTED/CONNECTED
V/NetworkStateTracker(   61): Setting TCP values: [4094,87380,110208,4096,16384,110208] which comes from [net.tcp.buffersize.umts]
I/ActivityThread(  191): Publishing provider com.android.quicksearchbox.google: com.android.quicksearchbox.google.GoogleSuggestionProvider
D/ConnectivityService(   61): adding dns 10.0.2.3 for mobile
D/Tethering(   61): Tethering got CONNECTIVITY_ACTION
D/Tethering(   61): MasterInitialState.processMessage what=3
E/HierarchicalStateMachine(   61): TetherMaster - unhandledMessage: msg.what=3
D/SntpClient(   61): request time failed: java.net.SocketException: Address family not supported by protocol
I/ActivityManager(   61): Start proc com.android.music for broadcast com.android.music/.MediaAppWidgetProvider: pid=198 uid=10012 gids={3003, 1015}
I/ActivityManager(   61): Start proc com.android.protips for broadcast com.android.protips/.ProtipWidget: pid=204 uid=10008 gids={}
D/OtaStartupReceiver(  126): Not a CDMA phone, no need to process OTA
I/RecoverySystem(   61): No recovery log file
I/ActivityManager(   61): Start proc android.process.media for broadcast com.android.providers.downloads/.DownloadReceiver: pid=211 uid=10001 gids={1015, 2001, 3003}
I/ActivityThread(  211): Publishing provider media: com.android.providers.media.MediaProvider
V/MediaProvider(  211): Attached volume: internal
I/ActivityThread(  211): Publishing provider downloads: com.android.providers.downloads.DownloadProvider
I/ActivityThread(  211): Publishing provider drm: com.android.providers.drm.DrmProvider
D/dalvikvm(   61): GC_EXPLICIT freed 6161 objects / 345800 bytes in 290ms
I/ActivityManager(   61): Start proc com.android.providers.calendar for broadcast com.android.providers.calendar/.CalendarReceiver: pid=219 uid=10004 gids={3003}
I/ActivityThread(  219): Publishing provider com.android.calendar: com.android.providers.calendar.CalendarProvider2
D/AndroidRuntime(  227): 
D/AndroidRuntime(  227): >>>>>>>>>>>>>> AndroidRuntime START <<<<<<<<<<<<<<
D/AndroidRuntime(  227): CheckJNI is ON
D/AndroidRuntime(  227): --- registering native functions ---
I/SurfaceFlinger(   61): Boot is finished (25187 ms)
I/ActivityManager(   61): Start proc com.android.defcontainer for service com.android.defcontainer/.DefaultContainerService: pid=238 uid=10035 gids={1015, 2001}
I/ActivityManager(   61): Start proc com.android.bluetooth for broadcast com.android.bluetooth/.opp.BluetoothOppReceiver: pid=245 uid=10015 gids={3003, 3002, 3001, 1015}
I/ActivityThread(  245): Publishing provider com.android.bluetooth.opp: com.android.bluetooth.opp.BluetoothOppProvider
I/ActivityManager(   61): Start proc com.android.email for broadcast com.android.email/com.android.exchange.BootReceiver: pid=252 uid=10027 gids={3003, 1015}
W/BtOpp Service(  245): Local BT device is not enabled
W/BtOpp Service(  245): Local BT device is not enabled
I/ActivityThread(  252): Publishing provider com.android.email.provider: com.android.email.provider.EmailProvider
I/ActivityThread(  252): Publishing provider com.android.email.attachmentprovider: com.android.email.provider.AttachmentProvider
I/ActivityThread(  252): Publishing provider com.android.exchange.provider: com.android.exchange.provider.ExchangeProvider
D/Exchange(  252): BootReceiver onReceive
I/ActivityManager(   61): Start proc com.android.mms for broadcast com.android.mms/.transaction.MmsSystemEventReceiver: pid=264 uid=10029 gids={3003, 1015}
D/EAS SyncManager(  252): !!! EAS SyncManager, onCreate
D/EAS SyncManager(  252): !!! EAS SyncManager, onStartCommand
D/EAS SyncManager(  252): !!! EAS SyncManager, stopping self
I/ActivityThread(  264): Publishing provider com.android.mms.SuggestionsProvider: com.android.mms.SuggestionsProvider
I/ActivityManager(   61): Start proc com.android.voicedialer for broadcast com.android.voicedialer/.VoiceDialerReceiver: pid=280 uid=10032 gids={3002}
D/VoiceDialerReceiver(  280): onReceive Intent { act=android.intent.action.BOOT_COMPLETED cmp=com.android.voicedialer/.VoiceDialerReceiver }
V/RecognizerEngine(  280): deleteCachedGrammarFiles /data/data/com.android.voicedialer/files/openentries.txt
D/dalvikvm(   61): GREF has increased to 301
D/MediaScannerService(  211): start scanning volume internal
D/Eas Debug(  252): Logging: 
D/EAS SyncManager(  252): !!! EAS SyncManager, onDestroy
I//system/bin/fsck_msdos(   29): Attempting to allocate 998 KB for FAT
D/dalvikvm(  238): GC_EXPLICIT freed 712 objects / 53520 bytes in 65ms
I//system/bin/fsck_msdos(   29): ** Phase 2 - Check Cluster Chains
I//system/bin/fsck_msdos(   29): ** Phase 3 - Checking Directories
I//system/bin/fsck_msdos(   29): ** Phase 4 - Checking for Lost Files
I//system/bin/fsck_msdos(   29): 3 files, 509980 free (254990 clusters)
I/logwrapper(   29): /system/bin/fsck_msdos terminated by exit(0)
I/Vold    (   29): Filesystem check completed OK
I/Vold    (   29): Device /dev/block/vold/179:0, target /mnt/sdcard mounted @ /mnt/secure/staging
D/Vold    (   29): Volume sdcard state changing 3 (Checking) -> 4 (Mounted)
I/PackageManager(   61): Updating external media status from unmounted to mounted
I/StorageNotification(   61): Media {/mnt/sdcard} state changed from {checking} -> {mounted}
D/Calendar(  219): missed alarms found: 0
D/MediaScanner(  211):  prescan time: 860ms
D/MediaScanner(  211):     scan time: 3ms
D/MediaScanner(  211): postscan time: 0ms
D/MediaScanner(  211):    total time: 863ms
D/MediaScannerService(  211): done scanning volume internal
I/ActivityManager(   61): Start proc com.cooliris.media for broadcast com.cooliris.media/com.cooliris.cache.BootReceiver: pid=292 uid=10018 gids={1015, 3003}
I/ActivityThread(  292): Publishing provider com.cooliris.picasa.contentprovider: com.cooliris.picasa.PicasaContentProvider
I/BootReceiver(  292): Got intent with action android.intent.action.MEDIA_MOUNTED
I/BootReceiver(  292): Got intent with action android.intent.action.MEDIA_SCANNER_FINISHED
D/MediaScannerService(  211): start scanning volume external
V/MediaProvider(  211): /mnt/sdcard volume ID: 266342417
V/MediaProvider(  211): Attached volume: external
D/dalvikvm(  128): GC_EXTERNAL_ALLOC freed 3715 objects / 203680 bytes in 82ms
V/MediaScanner(  211): pruneDeadThumbnailFiles... android.database.sqlite.SQLiteCursor@44ffa0d8
V/MediaScanner(  211): /pruneDeadThumbnailFiles... android.database.sqlite.SQLiteCursor@44ffa0d8
D/MediaScanner(  211):  prescan time: 71ms
D/MediaScanner(  211):     scan time: 2ms
D/MediaScanner(  211): postscan time: 111ms
D/MediaScanner(  211):    total time: 184ms
I/BootReceiver(  292): Got intent with action android.intent.action.MEDIA_SCANNER_FINISHED
D/MediaScannerService(  211): done scanning volume external
I/Launcher.Model(  128): not binding apps: no Launcher activity
D/dalvikvm(  128): GC_EXPLICIT freed 1511 objects / 75768 bytes in 74ms
D/VoldCmdListener(   29): asec list
I/PackageManager(   61): No secure containers on sdcard
W/PackageManager(   61): Unknown permission com.google.android.googleapps.permission.GOOGLE_AUTH.mail in package com.android.contacts
W/PackageManager(   61): Unknown permission android.permission.ADD_SYSTEM_SERVICE in package com.android.phone
W/PackageManager(   61): Unknown permission com.google.android.googleapps.permission.GOOGLE_AUTH in package com.android.providers.calendar
W/PackageManager(   61): Unknown permission com.google.android.googleapps.permission.GOOGLE_AUTH.cl in package com.android.providers.calendar
W/PackageManager(   61): Unknown permission com.google.android.googleapps.permission.GOOGLE_AUTH.mail in package com.android.calendar
W/PackageManager(   61): Not granting permission android.permission.SEND_DOWNLOAD_COMPLETED_INTENTS to package com.android.browser (protectionLevel=2 flags=0x1be45)
W/PackageManager(   61): Unknown permission com.google.android.gm.permission.WRITE_GMAIL in package com.android.settings
W/PackageManager(   61): Unknown permission com.google.android.gm.permission.READ_GMAIL in package com.android.settings
W/PackageManager(   61): Unknown permission com.google.android.googleapps.permission.GOOGLE_AUTH in package com.android.settings
W/PackageManager(   61): Unknown permission com.google.android.googleapps.permission.GOOGLE_AUTH in package com.android.providers.contacts
W/PackageManager(   61): Unknown permission com.google.android.googleapps.permission.GOOGLE_AUTH.cp in package com.android.providers.contacts
W/PackageManager(   61): Unknown permission com.google.android.googleapps.permission.ACCESS_GOOGLE_PASSWORD in package com.android.development
W/PackageManager(   61): Unknown permission com.google.android.googleapps.permission.GOOGLE_AUTH in package com.android.development
W/PackageManager(   61): Unknown permission com.google.android.googleapps.permission.GOOGLE_AUTH.ALL_SERVICES in package com.android.development
W/PackageManager(   61): Unknown permission com.google.android.googleapps.permission.GOOGLE_AUTH.YouTubeUser in package com.android.development
D/PackageParser(   61): Scanning package: /data/app/vmdl34296.tmp
D/dalvikvm(  128): GC_FOR_MALLOC freed 8024 objects / 382280 bytes in 79ms
D/dalvikvm(  128): GC_EXPLICIT freed 4409 objects / 218136 bytes in 74ms
D/dalvikvm(   61): GC_FOR_MALLOC freed 11911 objects / 754216 bytes in 101ms
I/PackageManager(   61): Removing non-system package:com.rhomobile.mydailyrhodes
I/ActivityManager(   61): Force stopping package com.rhomobile.mydailyrhodes uid=10043
D/PackageManager(   61): Scanning package com.rhomobile.mydailyrhodes
I/PackageManager(   61): Package com.rhomobile.mydailyrhodes codePath changed from /data/app/com.rhomobile.mydailyrhodes-1.apk to /data/app/com.rhomobile.mydailyrhodes-2.apk; Retaining data and using new
I/PackageManager(   61): /data/app/com.rhomobile.mydailyrhodes-2.apk changed; unpacking
D/PackageManager(   61): Caching shared lib lib/armeabi/librhodes.so
D/installd(   35): DexInv: --- BEGIN '/data/app/com.rhomobile.mydailyrhodes-2.apk' ---
D/dalvikvm(  301): DexOpt: load 104ms, verify 439ms, opt 15ms
D/installd(   35): DexInv: --- END '/data/app/com.rhomobile.mydailyrhodes-2.apk' (success) ---
W/PackageManager(   61): Code path for pkg : com.rhomobile.mydailyrhodes changing from /data/app/com.rhomobile.mydailyrhodes-1.apk to /data/app/com.rhomobile.mydailyrhodes-2.apk
W/PackageManager(   61): Resource path for pkg : com.rhomobile.mydailyrhodes changing from /data/app/com.rhomobile.mydailyrhodes-1.apk to /data/app/com.rhomobile.mydailyrhodes-2.apk
D/PackageManager(   61): Registered content provider: com.rhomobile.mydailyrhodes, className = com.rhomobile.rhodes.LocalFileProvider, isSyncable = false
D/PackageManager(   61):   Providers: com.rhomobile.rhodes.LocalFileProvider
D/PackageManager(   61):   Services: com.rhomobile.rhodes.RhodesService
D/PackageManager(   61):   Activities: com.rhomobile.rhodes.RhodesActivity com.rhomobile.rhodes.alert.PopupActivity com.rhomobile.rhodes.camera.FileList com.rhomobile.rhodes.camera.ImageCapture com.rhomobile.rhodes.signature.ImageCapture com.rhomobile.rhodes.datetime.DateTimePickerScreen com.rhomobile.rhodes.mapview.MapView com.rhomobile.rhodes.mapview.GoogleMapView com.rhomobile.rhodes.bluetooth.RhoBluetoothDeviceListActivity
I/ActivityManager(   61): Force stopping package com.rhomobile.mydailyrhodes uid=10043
I/installd(   35): move /data/dalvik-cache/data@app@com.rhomobile.mydailyrhodes-2.apk@classes.dex -> /data/dalvik-cache/data@app@com.rhomobile.mydailyrhodes-2.apk@classes.dex
D/PackageManager(   61): New package installed in /data/app/com.rhomobile.mydailyrhodes-2.apk
I/ActivityManager(   61): Force stopping package com.rhomobile.mydailyrhodes uid=10043
D/VoiceDialerReceiver(  280): onReceive Intent { act=android.intent.action.PACKAGE_REMOVED dat=package:com.rhomobile.mydailyrhodes flg=0x10000000 cmp=com.android.voicedialer/.VoiceDialerReceiver (has extras) }
V/RecognizerEngine(  280): deleteCachedGrammarFiles /data/data/com.android.voicedialer/files/openentries.txt
I/ActivityManager(   61): Start proc com.svox.pico for broadcast com.svox.pico/.VoiceDataInstallerReceiver: pid=303 uid=10020 gids={}
W/RecognitionManagerService(   61): no available voice recognition services found
D/dalvikvm(   33): GC_EXPLICIT freed 286 objects / 10864 bytes in 185ms
D/dalvikvm(   33): GC_EXPLICIT freed 47 objects / 2080 bytes in 184ms
D/dalvikvm(   33): GC_EXPLICIT freed 2 objects / 64 bytes in 69ms
D/dalvikvm(   61): GC_EXPLICIT freed 17722 objects / 952176 bytes in 189ms
I/ActivityThread(  303): Publishing provider com.svox.pico.providers.SettingsProvider: com.svox.pico.providers.SettingsProvider
D/dalvikvm(  165): GC_EXPLICIT freed 4315 objects / 260432 bytes in 955ms
I/installd(   35): unlink /data/dalvik-cache/data@app@com.rhomobile.mydailyrhodes-1.apk@classes.dex
D/VoiceDialerReceiver(  280): onReceive Intent { act=android.intent.action.PACKAGE_ADDED dat=package:com.rhomobile.mydailyrhodes flg=0x10000000 cmp=com.android.voicedialer/.VoiceDialerReceiver (has extras) }
V/RecognizerEngine(  280): deleteCachedGrammarFiles /data/data/com.android.voicedialer/files/openentries.txt
D/AndroidRuntime(  227): Shutting down VM
D/dalvikvm(  227): Debugger has detached; object registry had 1 entries
I/dalvikvm(  227): JNI: AttachCurrentThread (from ???.???)
I/AndroidRuntime(  227): NOTE: attach of thread 'Binder Thread #3' failed
D/AndroidRuntime(  313): 
D/AndroidRuntime(  313): >>>>>>>>>>>>>> AndroidRuntime START <<<<<<<<<<<<<<
D/AndroidRuntime(  313): CheckJNI is ON
D/AndroidRuntime(  313): --- registering native functions ---
I/ActivityManager(   61): Starting activity: Intent { act=android.intent.action.MAIN flg=0x10000000 cmp=com.rhomobile.mydailyrhodes/com.rhomobile.rhodes.RhodesActivity }
D/AndroidRuntime(  313): Shutting down VM
I/ActivityManager(   61): Start proc com.rhomobile.mydailyrhodes for activity com.rhomobile.mydailyrhodes/com.rhomobile.rhodes.RhodesActivity: pid=319 uid=10043 gids={3003}
D/jdwp    (  313): Got wake-up signal, bailing out of select
D/dalvikvm(  313): Debugger has detached; object registry had 1 entries
D/dalvikvm(  319): Trying to load lib /data/data/com.rhomobile.mydailyrhodes/lib/librhodes.so 0x44f52560
D/dalvikvm(  319): Added shared lib /data/data/com.rhomobile.mydailyrhodes/lib/librhodes.so 0x44f52560
I/ActivityThread(  319): Publishing provider com.rhomobile.mydailyrhodes: com.rhomobile.rhodes.LocalFileProvider
I/RhodesActivity(  319): >>>>>>>>>>>>>>> onCreate()
D/RhodesActivity(  319): RhodesActivity.onStart()
D/RhodesActivity(  319): RhodesActivity.onResume()
D/RhodesService(  319): Root path: /data/data/com.rhomobile.mydailyrhodes/rhodata/
D/RhodesService(  319): Sqlite journals path: /data/data/com.rhomobile.mydailyrhodes/sqlite_stmt_journals/
I/global  (  319): Default buffer size used in BufferedReader constructor. It would be better to be explicit if an 8k-char buffer is required.
I/RhodesService(  319): Application hash was changed
W/ActivityManager(   61): No content provider found for: 
D/RhodesService(  319): Root path: /data/data/com.rhomobile.mydailyrhodes/rhodata/
D/RhodesService(  319): Sqlite journals path: /data/data/com.rhomobile.mydailyrhodes/sqlite_stmt_journals/
I/global  (  319): Default buffer size used in BufferedReader constructor. It would be better to be explicit if an 8k-char buffer is required.
I/APP     (  319): I 08/17/2011 08:50:02:456 afd48828            RhodesApp| Trying to get free listening port.
I/APP     (  319): I 08/17/2011 08:50:02:463 afd48828            RhodesApp| Trying to bind of 0 port...
I/APP     (  319): I 08/17/2011 08:50:02:465 afd48828            RhodesApp| Got port to bind on: 60121
I/APP     (  319): I 08/17/2011 08:50:02:466 afd48828            RhodesApp| Free listening port: 60121
I/APP     (  319): I 08/17/2011 08:50:02:461 00249ed0         AppCallbacks| Starting main routine...
I/APP     (  319): I 08/17/2011 08:50:02:471 00249ed0         AppCallbacks| ThreadQueue blocked for 300 seconds...
D/dalvikvm(  319): GC_FOR_MALLOC freed 5369 objects / 344392 bytes in 70ms
I/APP     (  319): I 08/17/2011 08:50:02:602 afd48828               Rhodes| Loading...
I/APP     (  319): I 08/17/2011 08:50:02:697 afd48828            RhodesApp| callAppActiveCallback
I/APP     (  319): I 08/17/2011 08:50:02:698 afd48828         AppCallbacks| addCommand: APP-ACTIVATED
I/APP     (  319): I 08/17/2011 08:50:02:709 00249ed0         AppCallbacks| Received command APP-ACTIVATED which is greater than expected (LOCAL-SERVER-STARTED) - postpone it
I/APP     (  319): I 08/17/2011 08:50:02:710 00249ed0         AppCallbacks| ThreadQueue blocked for 300 seconds...
I/APP     (  319): I 08/17/2011 08:50:02:711 afd48828         AppActivated| Cannot commit now, application will be activated when started.
I/APP     (  319): I 08/17/2011 08:50:02:712 afd48828            Undefined| Handlers have completed.
I/APP     (  319): I 08/17/2011 08:50:02:713 afd48828    RhodesApplication| New AppState: Undefined
I/APP     (  319): I 08/17/2011 08:50:02:715 afd48828        RhodesService| handleCommand: startId=1, source=com.rhomobile.rhodes.BaseActivity
I/APP     (  319): I 08/17/2011 08:50:02:721 afd48828        RhodesService| New activity was created
I/APP     (  319): I 08/17/2011 08:50:02:738 afd48828         AppCallbacks| addCommand: UI-CREATED
I/APP     (  319): I 08/17/2011 08:50:02:747 00249ed0         AppCallbacks| Received command UI-CREATED which is greater than expected (LOCAL-SERVER-STARTED) - postpone it
I/APP     (  319): I 08/17/2011 08:50:02:747 00249ed0         AppCallbacks| ThreadQueue blocked for 300 seconds...
I/APP     (  319): I 08/17/2011 08:50:02:746 00272d20            RhodesApp| Starting RhodesApp main routine...
I/APP     (  319): I 08/17/2011 08:50:02:852 afd48828       RhodesActivity| onServiceConnected: {com.rhomobile.mydailyrhodes/com.rhomobile.rhodes.RhodesService}
I/APP     (  319): I 08/17/2011 08:50:03:323 00272d20              RhoRuby| Init_RhoBlobs: /data/data/com.rhomobile.mydailyrhodes/rhodata/db/db-files
I/APP     (  319): I 08/17/2011 08:50:03:382 00272d20              RhoRuby| require_compiled: rhoframework
I/APP     (  319): I 08/17/2011 08:50:03:435 00272d20              RhoRuby| require_compiled: rational
I/APP     (  319): I 08/17/2011 08:50:03:464 00272d20              RhoRuby| require_compiled: rhom/rhom_db_adapter
I/APP     (  319): I 08/17/2011 08:50:03:560 00272d20              RhoRuby| require_compiled: rhodes
I/APP     (  319): I 08/17/2011 08:50:03:566 00272d20              RhoRuby| require_compiled: rhom/rhom_object
I/APP     (  319): I 08/17/2011 08:50:03:619 00272d20              RhoRuby| require_compiled: rhofsconnector
I/APP     (  319): I 08/17/2011 08:50:03:624 00272d20              RhoRuby| require_compiled: rho/rhofsconnector
I/APP     (  319): I 08/17/2011 08:50:03:678 00272d20              RhoRuby| require_compiled: rhom/rhom_object_factory
I/ActivityManager(   61): Displayed activity com.rhomobile.mydailyrhodes/com.rhomobile.rhodes.RhodesActivity: 2172 ms (total 35675 ms)
I/ActivityManager(   61): Displayed activity com.android.launcher/com.android.launcher2.Launcher: 35676 ms (total 35676 ms)
I/APP     (  319): I 08/17/2011 08:50:04:241 00272d20              RhoRuby| require_compiled: rhom/rhom
I/APP     (  319): I 08/17/2011 08:50:04:267 00272d20              RhoRuby| require_compiled: rhom/rhom_model
I/APP     (  319): I 08/17/2011 08:50:04:292 00272d20              RhoRuby| require_compiled: rhom
I/APP     (  319): I 08/17/2011 08:50:04:295 00272d20              RhoRuby| require_compiled: rho/rhoapplication
I/APP     (  319): I 08/17/2011 08:50:04:343 00272d20              RhoRuby| require_compiled: rholang/localization_simplified
I/APP     (  319): I 08/17/2011 08:50:04:375 00272d20                  APP| Current locale: en; Country code: us
I/APP     (  319): I 08/17/2011 08:50:04:376 00272d20                  APP| file: /data/data/com.rhomobile.mydailyrhodes/rhodata/lib/rholang/lang_
I/APP     (  319): I 08/17/2011 08:50:04:380 00272d20              RhoRuby| require_compiled: /data/data/com.rhomobile.mydailyrhodes/rhodata/lib/rholang/lang_en
I/APP     (  319): I 08/17/2011 08:50:04:398 00272d20              RhoRuby| require_compiled: rho/rhomsg
I/APP     (  319): I 08/17/2011 08:50:04:409 00272d20                  APP| Current locale: en; Country code: us
I/APP     (  319): I 08/17/2011 08:50:04:410 00272d20                  APP| file: /data/data/com.rhomobile.mydailyrhodes/rhodata/lib/rholang/rhomsg_
I/APP     (  319): I 08/17/2011 08:50:04:412 00272d20              RhoRuby| require_compiled: /data/data/com.rhomobile.mydailyrhodes/rhodata/lib/rholang/rhomsg_en
I/APP     (  319): I 08/17/2011 08:50:04:420 00272d20              RhoRuby| require_compiled: rho/rhotabbar
I/APP     (  319): I 08/17/2011 08:50:04:432 00272d20              RhoRuby| require_compiled: rho/rhotoolbar
