D/dalvikvm(   33): GC_FOR_MALLOC freed 7558 objects / 487104 bytes in 21ms
D/dalvikvm(   33): GC_EXPLICIT freed 175 objects / 9248 bytes in 17ms
D/dalvikvm(   33): GC_EXPLICIT freed 594 objects / 29024 bytes in 18ms
D/dalvikvm(   33): GC_EXPLICIT freed 449 objects / 25280 bytes in 19ms
D/dalvikvm(   33): GC_EXPLICIT freed 308 objects / 35136 bytes in 28ms
D/dalvikvm(   33): GC_EXPLICIT freed 279 objects / 18896 bytes in 27ms
D/dalvikvm(   33): GC_EXPLICIT freed 341 objects / 18472 bytes in 24ms
D/dalvikvm(   33): GC_EXPLICIT freed 449 objects / 28352 bytes in 25ms
D/dalvikvm(   33): GC_EXPLICIT freed 528 objects / 53264 bytes in 28ms
D/dalvikvm(   33): GC_EXPLICIT freed 623 objects / 34008 bytes in 28ms
D/dalvikvm(   33): GC_EXPLICIT freed 861 objects / 46864 bytes in 31ms
D/dalvikvm(   33): GC_EXPLICIT freed 1747 objects / 85512 bytes in 35ms
D/dalvikvm(   33): GC_EXPLICIT freed 447 objects / 29448 bytes in 33ms
D/dalvikvm(   33): GC_EXPLICIT freed 315 objects / 20192 bytes in 36ms
I/Zygote  (   33): ...preloaded 1265 classes in 5358ms.
E/Zygote  (   33): setreuid() failed. errno: 17
D/dalvikvm(   33): GC_EXPLICIT freed 104 objects / 14208 bytes in 30ms
I/Zygote  (   33): Preloading resources...
W/Zygote  (   33): Preloaded drawable resource #0x1080093 (res/drawable-mdpi/sym_def_app_icon.png) that varies with configuration!!
W/Zygote  (   33): Preloaded drawable resource #0x1080002 (res/drawable-mdpi/arrow_down_float.png) that varies with configuration!!
W/Zygote  (   33): Preloaded drawable resource #0x10800b3 (res/drawable/btn_check.xml) that varies with configuration!!
W/Zygote  (   33): Preloaded drawable resource #0x10800b6 (res/drawable-mdpi/btn_check_label_background.9.png) that varies with configuration!!
W/Zygote  (   33): Preloaded drawable resource #0x10800b7 (res/drawable-mdpi/btn_check_off.png) that varies with configuration!!
W/Zygote  (   33): Preloaded drawable resource #0x10800bc (res/drawable-mdpi/btn_check_on.png) that varies with configuration!!
W/Zygote  (   33): Preloaded drawable resource #0x1080004 (res/drawable/btn_default.xml) that varies with configuration!!
W/Zygote  (   33): Preloaded drawable resource #0x1080005 (res/drawable/btn_default_small.xml) that varies with configuration!!
W/Zygote  (   33): Preloaded drawable resource #0x1080006 (res/drawable/btn_dropdown.xml) that varies with configuration!!
W/Zygote  (   33): Preloaded drawable resource #0x1080008 (res/drawable/btn_plus.xml) that varies with configuration!!
W/Zygote  (   33): Preloaded drawable resource #0x1080007 (res/drawable/btn_minus.xml) that varies with configuration!!
W/Zygote  (   33): Preloaded drawable resource #0x1080009 (res/drawable/btn_radio.xml) that varies with configuration!!
W/Zygote  (   33): Preloaded drawable resource #0x108000a (res/drawable/btn_star.xml) that varies with configuration!!
D/dalvikvm(   33): GC_EXPLICIT freed 421 objects / 25888 bytes in 30ms
W/Zygote  (   33): Preloaded drawable resource #0x1080131 (res/drawable/btn_toggle.xml) that varies with configuration!!
W/Zygote  (   33): Preloaded drawable resource #0x1080194 (res/drawable-mdpi/ic_emergency.png) that varies with configuration!!
W/Zygote  (   33): Preloaded drawable resource #0x1080012 (res/drawable-mdpi/divider_horizontal_bright.9.png) that varies with configuration!!
W/Zygote  (   33): Preloaded drawable resource #0x1080014 (res/drawable-mdpi/divider_horizontal_dark.9.png) that varies with configuration!!
W/Zygote  (   33): Preloaded drawable resource #0x1080016 (res/drawable/edit_text.xml) that varies with configuration!!
W/Zygote  (   33): Preloaded drawable resource #0x108016d (res/drawable/expander_group.xml) that varies with configuration!!
W/Zygote  (   33): Preloaded drawable resource #0x1080062 (res/drawable/list_selector_background.xml) that varies with configuration!!
W/Zygote  (   33): Preloaded drawable resource #0x1080227 (res/drawable-mdpi/menu_background.9.png) that varies with configuration!!
W/Zygote  (   33): Preloaded drawable resource #0x1080228 (res/drawable-mdpi/menu_background_fill_parent_width.9.png) that varies with configuration!!
W/Zygote  (   33): Preloaded drawable resource #0x1080229 (res/drawable/menu_selector.xml) that varies with configuration!!
W/Zygote  (   33): Preloaded drawable resource #0x1080234 (res/drawable-mdpi/panel_background.9.png) that varies with configuration!!
W/Zygote  (   33): Preloaded drawable resource #0x108023b (res/drawable-mdpi/popup_bottom_bright.9.png) that varies with configuration!!
W/Zygote  (   33): Preloaded drawable resource #0x108023c (res/drawable-mdpi/popup_bottom_dark.9.png) that varies with configuration!!
W/Zygote  (   33): Preloaded drawable resource #0x108023d (res/drawable-mdpi/popup_bottom_medium.9.png) that varies with configuration!!
W/Zygote  (   33): Preloaded drawable resource #0x108023e (res/drawable-mdpi/popup_center_bright.9.png) that varies with configuration!!
W/Zygote  (   33): Preloaded drawable resource #0x108023f (res/drawable-mdpi/popup_center_dark.9.png) that varies with configuration!!
W/Zygote  (   33): Preloaded drawable resource #0x1080242 (res/drawable-mdpi/popup_full_dark.9.png) that varies with configuration!!
W/Zygote  (   33): Preloaded drawable resource #0x1080245 (res/drawable-mdpi/popup_top_bright.9.png) that varies with configuration!!
W/Zygote  (   33): Preloaded drawable resource #0x1080246 (res/drawable-mdpi/popup_top_dark.9.png) that varies with configuration!!
W/Zygote  (   33): Preloaded drawable resource #0x108006d (res/drawable/progress_indeterminate_horizontal.xml) that varies with configuration!!
W/Zygote  (   33): Preloaded drawable resource #0x108024c (res/drawable/progress_small.xml) that varies with configuration!!
W/Zygote  (   33): Preloaded drawable resource #0x108024d (res/drawable/progress_small_titlebar.xml) that varies with configuration!!
W/Zygote  (   33): Preloaded drawable resource #0x1080270 (res/drawable-mdpi/scrollbar_handle_horizontal.9.png) that varies with configuration!!
W/Zygote  (   33): Preloaded drawable resource #0x1080271 (res/drawable-mdpi/scrollbar_handle_vertical.9.png) that varies with configuration!!
D/dalvikvm(   33): GC_EXPLICIT freed 477 objects / 32656 bytes in 31ms
W/Zygote  (   33): Preloaded drawable resource #0x1080071 (res/drawable/spinner_dropdown_background.xml) that varies with configuration!!
W/Zygote  (   33): Preloaded drawable resource #0x1080354 (res/drawable-mdpi/title_bar_shadow.9.png) that varies with configuration!!
W/Zygote  (   33): Preloaded drawable resource #0x10801d6 (res/drawable-mdpi/indicator_code_lock_drag_direction_green_up.png) that varies with configuration!!
W/Zygote  (   33): Preloaded drawable resource #0x10801d7 (res/drawable-mdpi/indicator_code_lock_drag_direction_red_up.png) that varies with configuration!!
W/Zygote  (   33): Preloaded drawable resource #0x10801d8 (res/drawable-mdpi/indicator_code_lock_point_area_default.png) that varies with configuration!!
W/Zygote  (   33): Preloaded drawable resource #0x10801d9 (res/drawable-mdpi/indicator_code_lock_point_area_green.png) that varies with configuration!!
W/Zygote  (   33): Preloaded drawable resource #0x10801da (res/drawable-mdpi/indicator_code_lock_point_area_red.png) that varies with configuration!!
W/Zygote  (   33): Preloaded drawable resource #0x10801e8 (res/drawable-mdpi/jog_tab_bar_left_end_confirm_gray.9.png) that varies with configuration!!
W/Zygote  (   33): Preloaded drawable resource #0x10801ec (res/drawable-mdpi/jog_tab_bar_left_end_normal.9.png) that varies with configuration!!
W/Zygote  (   33): Preloaded drawable resource #0x10801ed (res/drawable-mdpi/jog_tab_bar_left_end_pressed.9.png) that varies with configuration!!
W/Zygote  (   33): Preloaded drawable resource #0x10801f1 (res/drawable-mdpi/jog_tab_bar_right_end_confirm_gray.9.png) that varies with configuration!!
W/Zygote  (   33): Preloaded drawable resource #0x10801f5 (res/drawable-mdpi/jog_tab_bar_right_end_normal.9.png) that varies with configuration!!
W/Zygote  (   33): Preloaded drawable resource #0x10801f6 (res/drawable-mdpi/jog_tab_bar_right_end_pressed.9.png) that varies with configuration!!
W/Zygote  (   33): Preloaded drawable resource #0x10801fb (res/drawable-mdpi/jog_tab_left_confirm_gray.png) that varies with configuration!!
W/Zygote  (   33): Preloaded drawable resource #0x1080200 (res/drawable-mdpi/jog_tab_left_normal.png) that varies with configuration!!
W/Zygote  (   33): Preloaded drawable resource #0x1080201 (res/drawable-mdpi/jog_tab_left_pressed.png) that varies with configuration!!
W/Zygote  (   33): Preloaded drawable resource #0x1080203 (res/drawable-mdpi/jog_tab_right_confirm_gray.png) that varies with configuration!!
W/Zygote  (   33): Preloaded drawable resource #0x1080209 (res/drawable-mdpi/jog_tab_right_normal.png) that varies with configuration!!
W/Zygote  (   33): Preloaded drawable resource #0x108020a (res/drawable-mdpi/jog_tab_right_pressed.png) that varies with configuration!!
W/Zygote  (   33): Preloaded drawable resource #0x108020d (res/drawable-mdpi/jog_tab_target_gray.png) that varies with configuration!!
I/Zygote  (   33): ...preloaded 61 resources in 348ms.
I/Zygote  (   33): ...preloaded 15 resources in 13ms.
D/dalvikvm(   33): GC_EXPLICIT freed 503 objects / 37800 bytes in 30ms
D/dalvikvm(   33): GC_EXPLICIT freed 150 objects / 5784 bytes in 32ms
D/dalvikvm(   33): GC_EXPLICIT freed 2 objects / 48 bytes in 33ms
I/dalvikvm(   33): System server process 60 has been created
I/Zygote  (   33): Accepting command socket connections
E/BatteryService(   60): usbOnlinePath not found
E/BatteryService(   60): batteryVoltagePath not found
E/BatteryService(   60): batteryTemperaturePath not found
I/sysproc (   60): Entered system_init()
I/sysproc (   60): ServiceManager: 0x11d680
I/SurfaceFlinger(   60): SurfaceFlinger is starting
I/SurfaceFlinger(   60): SurfaceFlinger's main thread ready to run. Initializing graphics H/W...
E/SurfaceFlinger(   60): Couldn't open /sys/power/wait_for_fb_sleep or /sys/power/wait_for_fb_wake
I/gralloc (   60): using (fd=24)
I/gralloc (   60): id           = 
I/gralloc (   60): xres         = 320 px
I/gralloc (   60): yres         = 480 px
I/gralloc (   60): xres_virtual = 320 px
I/gralloc (   60): yres_virtual = 960 px
I/gralloc (   60): bpp          = 16
I/gralloc (   60): r            = 11:5
I/gralloc (   60): g            =  5:6
I/gralloc (   60): b            =  0:5
I/gralloc (   60): width        = 49 mm (165.877548 dpi)
I/gralloc (   60): height       = 74 mm (164.756760 dpi)
I/gralloc (   60): refresh rate = 60.00 Hz
D/libEGL  (   60): egl.cfg not found, using default config
D/libEGL  (   60): loaded /system/lib/egl/libGLES_android.so
I/SurfaceFlinger(   60): EGL informations:
I/SurfaceFlinger(   60): # of configs : 8
I/SurfaceFlinger(   60): vendor    : Android
I/SurfaceFlinger(   60): version   : 1.4 Android META-EGL
I/SurfaceFlinger(   60): extensions: EGL_KHR_image EGL_KHR_image_base EGL_KHR_image_pixmap EGL_ANDROID_image_native_buffer EGL_ANDROID_swap_rectangle EGL_ANDROID_get_render_buffer 
I/SurfaceFlinger(   60): Client API: OpenGL ES
I/SurfaceFlinger(   60): EGLSurface: 5-6-5-0, config=0x1000000
I/SurfaceFlinger(   60): flags     : 001c0000
I/SurfaceFlinger(   60): OpenGL informations:
I/SurfaceFlinger(   60): vendor    : Android
I/SurfaceFlinger(   60): renderer  : Android PixelFlinger 1.3
I/SurfaceFlinger(   60): version   : OpenGL ES-CM 1.0
I/SurfaceFlinger(   60): extensions: GL_OES_byte_coordinates GL_OES_fixed_point GL_OES_single_precision GL_OES_read_format GL_OES_compressed_paletted_texture GL_OES_draw_texture GL_OES_matrix_get GL_OES_query_matrix GL_OES_EGL_image GL_OES_compressed_ETC1_RGB8_texture GL_ARB_texture_compression GL_ARB_texture_non_power_of_two GL_ANDROID_user_clip_plane GL_ANDROID_vertex_buffer_object GL_ANDROID_generate_mipmap 
I/SurfaceFlinger(   60): GL_MAX_TEXTURE_SIZE = 4096
I/SurfaceFlinger(   60): GL_MAX_VIEWPORT_DIMS = 4096
I/sysproc (   60): System server: starting Android runtime.
I/sysproc (   60): System server: starting Android services.
I/SystemServer(   60): Entered the Android system server!
I/sysproc (   60): System server: entering thread pool.
I/SystemServer(   60): Entropy Service
I/SystemServer(   60): Power Manager
I/SystemServer(   60): Activity Manager
I/ActivityManager(   60): Memory class: 24
W/UsageStats(   60): Usage stats version changed; dropping
I/BootAnimation(   70): boot animation disabled
I/SystemServer(   60): Telephony Registry
I/SystemServer(   60): Package Manager
I/Installer(   60): connecting...
I/installd(   35): new connection
I/PackageManager(   60): Libs: android.test.runner:/system/framework/android.test.runner.jar javax.obex:/system/framework/javax.obex.jar
I/PackageManager(   60): Features: android.hardware.camera android.hardware.camera.autofocus
D/dalvikvm(   60): GC_FOR_MALLOC freed 5976 objects / 246520 bytes in 70ms
W/PackageManager(   60): Running ENG build: no pre-dexopt!
D/PackageManager(   60): Scanning app dir /system/framework
D/PackageManager(   60): Scanning app dir /system/app
D/dalvikvm(   60): GC_FOR_MALLOC freed 7243 objects / 368592 bytes in 62ms
D/dalvikvm(   60): GC_FOR_MALLOC freed 5775 objects / 315984 bytes in 58ms
D/PackageManager(   60): Scanning app dir /data/app
W/PackageParser(   60): No actions in intent filter at /data/app/ApiDemos.apk Binary XML file line #1841
W/PackageParser(   60): No actions in intent filter at /data/app/ApiDemos.apk Binary XML file line #1847
D/dalvikvm(   60): GC_FOR_MALLOC freed 6210 objects / 326928 bytes in 66ms
W/PackageManager(   60): Package com.example.android.apis desires unavailable shared library com.example.will.never.exist; ignoring!
D/PackageManager(   60): Scanning app dir /data/app-private
I/PackageManager(   60): Time to scan packages: 1.945 seconds
W/PackageManager(   60): Unknown permission com.google.android.googleapps.permission.GOOGLE_AUTH.mail in package com.android.contacts
W/PackageManager(   60): Unknown permission android.permission.ADD_SYSTEM_SERVICE in package com.android.phone
W/PackageManager(   60): Not granting permission android.permission.SEND_DOWNLOAD_COMPLETED_INTENTS to package com.android.browser (protectionLevel=2 flags=0x1be45)
W/PackageManager(   60): Unknown permission com.google.android.gm.permission.WRITE_GMAIL in package com.android.settings
W/PackageManager(   60): Unknown permission com.google.android.gm.permission.READ_GMAIL in package com.android.settings
W/PackageManager(   60): Unknown permission com.google.android.googleapps.permission.GOOGLE_AUTH in package com.android.settings
W/PackageManager(   60): Unknown permission com.google.android.googleapps.permission.GOOGLE_AUTH in package com.android.providers.contacts
W/PackageManager(   60): Unknown permission com.google.android.googleapps.permission.GOOGLE_AUTH.cp in package com.android.providers.contacts
W/PackageManager(   60): Unknown permission com.google.android.googleapps.permission.ACCESS_GOOGLE_PASSWORD in package com.android.development
W/PackageManager(   60): Unknown permission com.google.android.googleapps.permission.GOOGLE_AUTH in package com.android.development
W/PackageManager(   60): Unknown permission com.google.android.googleapps.permission.GOOGLE_AUTH.ALL_SERVICES in package com.android.development
W/PackageManager(   60): Unknown permission com.google.android.googleapps.permission.GOOGLE_AUTH.YouTubeUser in package com.android.development
D/dalvikvm(   60): GC_EXPLICIT freed 4005 objects / 255616 bytes in 75ms
I/SystemServer(   60): Account Manager
I/SystemServer(   60): Content Manager
I/SystemServer(   60): System Content Providers
I/ActivityThread(   60): Publishing provider settings: com.android.providers.settings.SettingsProvider
I/SystemServer(   60): Battery Service
I/SystemServer(   60): Lights Service
I/SystemServer(   60): Vibrator Service
D/qemud   (   38): fdhandler_accept_event: accepting on fd 10
D/qemud   (   38): created client 0x11008 listening on fd 12
D/qemud   (   38): client_fd_receive: attempting registration for service 'hw-control'
D/qemud   (   38): client_fd_receive:    -> received channel id 3
D/qemud   (   38): client_registration: registration succeeded for client 3
I/SystemServer(   60): Alarm Manager
I/SystemServer(   60): Init Watchdog
I/SystemServer(   60): Sensor Service
D/qemud   (   38): fdhandler_accept_event: accepting on fd 10
D/qemud   (   38): created client 0xc038 listening on fd 13
D/qemud   (   38): client_fd_receive: attempting registration for service 'sensors'
D/qemud   (   38): client_fd_receive:    -> received channel id 4
D/qemud   (   38): client_registration: registration succeeded for client 4
D/qemud   (   38): fdhandler_event: disconnect on fd 13
I/SystemServer(   60): Window Manager
I/EventHub(   60): New keyboard: device->id=0x10000 devname='qwerty2' propName='hw.keyboards.65536.devname' keylayout='/system/usr/keylayout/qwerty.kl'
I/EventHub(   60): New device: path=/dev/input/event0 name=qwerty2 id=0x10000 (of 0x1) index=1 fd=47 classes=0x2f
E/EventHub(   60): could not get driver version for /dev/input/mouse0, Not a typewriter
E/EventHub(   60): could not get driver version for /dev/input/mice, Not a typewriter
I/KeyInputQueue(   60): Device added: id=0x0, name=qwerty2, classes=2f
I/KeyInputQueue(   60):   X: min=0 max=319 flat=0 fuzz=0
I/KeyInputQueue(   60):   Y: min=0 max=479 flat=0 fuzz=0
I/KeyInputQueue(   60):   Pressure: unknown values
I/KeyInputQueue(   60):   Size: unknown values
I/KeyInputQueue(   60): No virtual keys found
D/qemud   (   38): fdhandler_accept_event: accepting on fd 10
D/qemud   (   38): created client 0xc038 listening on fd 13
D/qemud   (   38): client_fd_receive: attempting registration for service 'sensors'
D/qemud   (   38): client_fd_receive:    -> received channel id 5
D/qemud   (   38): client_registration: registration succeeded for client 5
D/qemud   (   38): fdhandler_event: disconnect on fd 13
I/SystemServer(   60): Registering null Bluetooth Service (emulator)
E/System  (   60): Failure starting core service
E/System  (   60): java.lang.SecurityException
E/System  (   60): 	at android.os.BinderProxy.transact(Native Method)
E/System  (   60): 	at android.os.ServiceManagerProxy.addService(ServiceManagerNative.java:146)
E/System  (   60): 	at android.os.ServiceManager.addService(ServiceManager.java:72)
E/System  (   60): 	at com.android.server.ServerThread.run(SystemServer.java:184)
I/SystemServer(   60): Device Policy
I/SystemServer(   60): Status Bar
I/SystemServer(   60): Clipboard Service
I/SystemServer(   60): Input Method Service
I/InputManagerService(   60): Enabled input methods: com.android.inputmethod.latin/.LatinIME:com.android.inputmethod.pinyin/.PinyinIME:jp.co.omronsoft.openwnn/.OpenWnnJAJP
I/SystemServer(   60): NetStat Service
I/SystemServer(   60): NetworkManagement Service
I/SystemServer(   60): Connectivity Service
V/ConnectivityService(   60): ConnectivityService starting up
D/ConnectivityService(   60): getMobileDataEnabled returning true
V/ConnectivityService(   60): Starting Wifi Service.
I/WifiService(   60): WifiService starting up with Wi-Fi disabled
D/Tethering(   60): Tethering starting
D/NetworkManagmentService(   60): Registering observer
I/SystemServer(   60): Throttle Service
I/SystemServer(   60): Accessibility Manager
I/SystemServer(   60): Mount Service
I/SystemServer(   60): Notification Manager
I/SystemServer(   60): Device Storage Monitor
D/VoldCmdListener(   29): volume list
I/SystemServer(   60): Location Manager
I/PackageManager(   60): Updating external media status from unmounted to unmounted
I/SystemServer(   60): Search Service
I/SystemServer(   60): DropBox Service
I/SystemServer(   60): Wallpaper Service
D/VoldCmdListener(   29): share status ums
D/dalvikvm(   60): GC_FOR_MALLOC freed 4137 objects / 247688 bytes in 73ms
I/SystemServer(   60): Audio Service
D/AudioHardwareInterface(   34): setMode(NORMAL)
W/AudioPolicyManagerBase(   34): setPhoneState() setting same state 0
E/SoundPool(   60): error loading /system/media/audio/ui/Effect_Tick.ogg
W/AudioService(   60): Soundpool could not load file: /system/media/audio/ui/Effect_Tick.ogg
E/SoundPool(   60): error loading /system/media/audio/ui/KeypressStandard.ogg
W/AudioService(   60): Soundpool could not load file: /system/media/audio/ui/KeypressStandard.ogg
E/SoundPool(   60): error loading /system/media/audio/ui/KeypressSpacebar.ogg
W/AudioService(   60): Soundpool could not load file: /system/media/audio/ui/KeypressSpacebar.ogg
E/SoundPool(   60): error loading /system/media/audio/ui/KeypressDelete.ogg
W/AudioService(   60): Soundpool could not load file: /system/media/audio/ui/KeypressDelete.ogg
E/SoundPool(   60): error loading /system/media/audio/ui/KeypressReturn.ogg
W/AudioService(   60): Soundpool could not load file: /system/media/audio/ui/KeypressReturn.ogg
I/SystemServer(   60): Headset Observer
W/HeadsetObserver(   60): This kernel does not have wired headset support
I/SystemServer(   60): Dock Observer
W/DockObserver(   60): This kernel does not have dock station support
I/SystemServer(   60): UI Mode Manager Service
I/SystemServer(   60): Backup Service
V/BackupManagerService(   60): No ancestral data
I/BackupManagerService(   60): Found stale backup journal, scheduling:
I/BackupManagerService(   60):     + com.android.inputmethod.latin
I/BackupManagerService(   60):     + com.android.browser
I/BackupManagerService(   60):     + com.android.providers.userdictionary
I/BackupManagerService(   60):     + android
I/BackupManagerService(   60):     + com.android.providers.settings
I/BackupManagerService(   60): Backup enabled => false
I/SystemServer(   60): AppWidget Service
I/SystemServer(   60): Recognition Service
D/VoldCmdListener(   29): share status ums
D/StorageNotification(   60): Startup with UMS connection false (media state unmounted)
I/SystemServer(   60): DiskStats Service
I/WindowManager(   60): SAFE MODE not enabled
W/DevicePolicyManagerService(   60): failed parsing /data/system/device_policies.xml java.io.FileNotFoundException: /data/system/device_policies.xml (No such file or directory)
I/ActivityManager(   60): Config changed: { scale=1.0 imsi=0/0 loc=en_US touch=3 keys=2/1/2 nav=3/1 orien=1 layout=18 uiMode=0 seq=1}
D/PowerManagerService(   60): system ready!
I/ActivityManager(   60): Sending system update to: ComponentInfo{com.android.providers.contacts/com.android.providers.contacts.ContactsUpgradeReceiver}
I/Zygote  (   60): Process: zygote socket opened
I/ActivityManager(   60): Start proc android.process.acore for broadcast com.android.providers.contacts/.ContactsUpgradeReceiver: pid=99 uid=10000 gids={3003, 1015}
W/StatusBar(   60): No icon ID for slot ime
I/ActivityManager(   60): Launching preboot mode app: ProcessRecord{44fea670 99:android.process.acore/10000}
D/qemud   (   38): fdhandler_accept_event: accepting on fd 10
D/qemud   (   38): created client 0xc038 listening on fd 13
D/qemud   (   38): client_fd_receive: attempting registration for service 'sensors'
D/qemud   (   38): client_fd_receive:    -> received channel id 6
D/qemud   (   38): client_registration: registration succeeded for client 6
I/ActivityManager(   60): Starting activity: Intent { act=android.intent.action.MAIN cat=[android.intent.category.HOME] flg=0x10000000 cmp=com.android.launcher/com.android.launcher2.Launcher }
I/ActivityManager(   60): Removing system update proc: ProcessRecord{44fea670 99:android.process.acore/10000}
I/Process (   60): Sending signal. PID: 99 SIG: 9
I/ActivityManager(   60): System now ready
I/SystemServer(   60): Making services ready
I/ActivityManager(   60): Config changed: { scale=1.0 imsi=0/0 loc=en_US touch=3 keys=2/1/2 nav=3/1 orien=1 layout=18 uiMode=17 seq=2}
W/RecognitionManagerService(   60): no available voice recognition services found
D/StatusBar(   60): DISABLE_EXPAND: yes
I/ARMAssembler(   60): generated scanline__00000177:03515104_00001001_00000000 [ 91 ipp] (114 ins) at [0x2a2258:0x2a2420] in 5643443 ns
D/dalvikvm(   60): GC_FOR_MALLOC freed 5149 objects / 293232 bytes in 86ms
I/ARMAssembler(   60): generated scanline__00000177:03515104_00000001_00000000 [ 73 ipp] (95 ins) at [0x2a2428:0x2a25a4] in 5076790 ns
I/ActivityManager(   60): Start proc jp.co.omronsoft.openwnn for service jp.co.omronsoft.openwnn/.OpenWnnJAJP: pid=111 uid=10023 gids={}
D/libhardware_legacy(   60): using QEMU GPS Hardware emulation
D/NetworkManagmentService(   60): Registering observer
E/ThrottleService(   60): Could not open GPS configuration file /etc/gps.conf
I/ActivityManager(   60): Start proc com.android.phone for added application com.android.phone: pid=119 uid=1001 gids={3002, 3001, 3003, 1015}
I/ActivityManager(   60): Start proc com.android.launcher for activity com.android.launcher/com.android.launcher2.Launcher: pid=123 uid=10025 gids={}
I/ActivityManager(   60): Start proc com.android.settings for broadcast com.android.settings/.widget.SettingsAppWidgetProvider: pid=124 uid=1000 gids={3002, 3001, 3003}
W/GpsLocationProvider(   60): Could not open GPS configuration file /etc/gps.conf
W/ActivityManager(   60): Unable to start service Intent { act=@0 }: not found
W/ActivityManager(   60): Unable to start service Intent { act=@0 }: not found
E/logwrapper(  144): executing /system/bin/tc failed: No such file or directory
I/logwrapper(   30): /system/bin/tc terminated by exit(255)
E/logwrapper(  145): executing /system/bin/tc failed: No such file or directory
I/logwrapper(   30): /system/bin/tc terminated by exit(255)
E/logwrapper(  147): executing /system/bin/tc failed: No such file or directory
I/logwrapper(   30): /system/bin/tc terminated by exit(255)
D/qemud   (   38): fdhandler_accept_event: accepting on fd 10
D/qemud   (   38): created client 0xc088 listening on fd 14
D/qemud   (   38): client_fd_receive: attempting registration for service 'gps'
D/qemud   (   38): client_fd_receive:    -> received channel id 7
D/qemud   (   38): client_registration: registration succeeded for client 7
I/ActivityThread(  123): Publishing provider com.android.launcher2.settings: com.android.launcher2.LauncherProvider
I/ActivityThread(  119): Publishing provider mms: com.android.providers.telephony.MmsProvider
D/dalvikvm(  111): No JNI_OnLoad found in /system/lib/libwnndict.so 0x44e7ed20, skipping init
I/ActivityThread(  119): Publishing provider sms: com.android.providers.telephony.SmsProvider
I/ActivityThread(  119): Publishing provider telephony: com.android.providers.telephony.TelephonyProvider
I/ActivityThread(  119): Publishing provider icc: com.android.phone.IccProvider
I/ActivityThread(  119): Publishing provider mms-sms: com.android.providers.telephony.MmsSmsProvider
D/dalvikvm(  123): GC_EXTERNAL_ALLOC freed 1006 objects / 74160 bytes in 217ms
D/dalvikvm(  111): GC_FOR_MALLOC freed 1411 objects / 242768 bytes in 155ms
D/dalvikvm(  111): GC_FOR_MALLOC freed 387 objects / 385336 bytes in 89ms
D/ConnectivityService(   60): getMobileDataEnabled returning true
I/ActivityManager(   60): Start proc android.process.acore for content provider com.android.providers.contacts/.CallLogProvider: pid=160 uid=10000 gids={3003, 1015}
D/PhoneApp(  119): onCreate: mProximityWakeLock: null
W/ActivityManager(   60): Unable to start service Intent { act=com.android.ussd.IExtendedNetworkService }: not found
D/PhoneApp(  119): Resetting audio state/mode: IDLE
D/AlarmManagerService(   60): Kernel timezone updated to 0 minutes west of GMT
I/ActivityManager(   60): Start proc com.android.alarmclock for broadcast com.android.alarmclock/.AlarmInitReceiver: pid=166 uid=10009 gids={}
W/SystemClock(  119): Unable to set rtc to 1313567627: Invalid argument
I/ActivityThread(  160): Publishing provider com.android.social: com.android.providers.contacts.SocialProvider
I/ActivityThread(  160): Publishing provider applications: com.android.providers.applications.ApplicationsProvider
I/ActivityThread(  166): Publishing provider com.android.alarmclock: com.android.alarmclock.AlarmProvider
I/ActivityThread(  160): Publishing provider contacts;com.android.contacts: com.android.providers.contacts.ContactsProvider2
D/dalvikvm(   60): GREF has increased to 201
D/SystemClock(  119): Setting time of day to sec=1313567627
D/dalvikvm(   60): GC_EXTERNAL_ALLOC freed 5322 objects / 306120 bytes in 218ms
D/dalvikvm(  119): GC_FOR_MALLOC freed 3642 objects / 220760 bytes in 260ms
D/MccTable(  119): updateMccMncConfiguration: mcc=310, mnc=260
D/MccTable(  119): locale set to en_us
D/MccTable(  119): WIFI_NUM_ALLOWED_CHANNELS set to 11
I/WifiService(   60): WifiService trying to setNumAllowed to 11 with persist set to true
I/ActivityManager(   60): Config changed: { scale=1.0 imsi=310/260 loc=en_US touch=3 keys=2/1/2 nav=3/1 orien=1 layout=18 uiMode=17 seq=3}
I/UsageStats(   60): Unexpected resume of com.android.launcher while already resumed in com.android.launcher
D/MobileDataStateTracker(   60): default Received state= DISCONNECTED, old= DISCONNECTED, reason= radioTurnedOff, apnTypeList= default
D/MobileDataStateTracker(   60): default Received state= DISCONNECTED, old= DISCONNECTED, reason= gprsDetached, apnTypeList= default
D/MobileDataStateTracker(   60): default Received state= DISCONNECTED, old= DISCONNECTED, reason= (unspecified), apnTypeList= default
I/ActivityManager(   60): Start proc com.android.music for broadcast com.android.music/.MediaAppWidgetProvider: pid=181 uid=10022 gids={3003, 1015}
I/ARMAssembler(   60): generated scanline__00000077:03010104_00000004_00000000 [ 22 ipp] (41 ins) at [0x2cf240:0x2cf2e4] in 593601 ns
I/ActivityManager(   60): Start proc com.android.quicksearchbox for broadcast com.android.quicksearchbox/.SearchWidgetProvider: pid=188 uid=10012 gids={3003}
D/dalvikvm(   33): GC_EXPLICIT freed 264 objects / 9968 bytes in 294ms
I/SurfaceFlinger(   60): Boot is finished (19519 ms)
D/PowerManagerService(   60): bootCompleted
D/VoldCmdListener(   29): volume mount /mnt/sdcard
I/Vold    (   29): /dev/block/vold/179:0 being considered for volume sdcard
D/Vold    (   29): Volume sdcard state changing 1 (Idle-Unmounted) -> 3 (Checking)
I/StorageNotification(   60): Media {/mnt/sdcard} state changed from {unmounted} -> {checking}
D/dalvikvm(   33): GC_EXPLICIT freed 40 objects / 1736 bytes in 263ms
D/dalvikvm(   33): GC_EXPLICIT freed 2 objects / 48 bytes in 60ms
I//system/bin/fsck_msdos(   29): ** /dev/block/vold/179:0
I//system/bin/fsck_msdos(   29): ** Phase 1 - Read and Compare FATs
I//system/bin/fsck_msdos(   29): Attempting to allocate 998 KB for FAT
D/TelephonyProvider(  119): Setting numeric '310260' to be the current operator
I/ActivityThread(  160): Publishing provider call_log: com.android.providers.contacts.CallLogProvider
I/ActivityThread(  160): Publishing provider user_dictionary: com.android.providers.userdictionary.UserDictionaryProvider
I/ActivityThread(  188): Publishing provider com.android.quicksearchbox.google: com.android.quicksearchbox.google.GoogleSuggestionProvider
D/dalvikvm(   60): GC_EXPLICIT freed 6957 objects / 354544 bytes in 124ms
D/KeyguardViewMediator(   60): pokeWakelock(5000)
D/KeyguardViewMediator(   60): pokeWakelock(5000)
I/SearchManagerService(   60): Building list of searchable activities
W/SharedBufferStack(   60): waitForCondition(DequeueCondition) timed out (identity=0, status=0). CPU may be pegged. trying again.
D/MobileDataStateTracker(   60): default Received state= CONNECTING, old= DISCONNECTED, reason= simLoaded, apnTypeList= *
D/NetworkStateTracker(   60): setDetailed state, old =IDLE and new state=CONNECTING
D/ConnectivityService(   60): ConnectivityChange for mobile: CONNECTING/CONNECTING
I/ActivityManager(   60): Start proc com.android.protips for broadcast com.android.protips/.ProtipWidget: pid=200 uid=10007 gids={}
I/ActivityManager(   60): Displayed activity com.android.launcher/com.android.launcher2.Launcher: 16565 ms (total 16565 ms)
D/MobileDataStateTracker(   60): replacing old mInterfaceName (null) with /dev/omap_csmi_tty1 for hipri
D/MobileDataStateTracker(   60): replacing old mInterfaceName (null) with /dev/omap_csmi_tty1 for supl
D/MobileDataStateTracker(   60): replacing old mInterfaceName (null) with /dev/omap_csmi_tty1 for mms
D/MobileDataStateTracker(   60): default Received state= CONNECTED, old= CONNECTING, reason= simLoaded, apnTypeList= *
D/NetworkStateTracker(   60): setDetailed state, old =CONNECTING and new state=CONNECTED
D/ConnectivityService(   60): ConnectivityChange for mobile: CONNECTED/CONNECTED
V/NetworkStateTracker(   60): Setting TCP values: [4094,87380,110208,4096,16384,110208] which comes from [net.tcp.buffersize.umts]
D/ConnectivityService(   60): adding dns 10.0.2.3 for mobile
D/Tethering(   60): Tethering got CONNECTIVITY_ACTION
D/Tethering(   60): MasterInitialState.processMessage what=3
E/HierarchicalStateMachine(   60): TetherMaster - unhandledMessage: msg.what=3
D/OtaStartupReceiver(  119): Not a CDMA phone, no need to process OTA
D/SntpClient(   60): request time failed: java.net.SocketException: Address family not supported by protocol
I/ActivityManager(   60): Start proc android.process.media for broadcast com.android.providers.downloads/.DownloadReceiver: pid=207 uid=10002 gids={1015, 1006, 2001, 3003}
I/RecoverySystem(   60): No recovery log file
I/ActivityThread(  207): Publishing provider media: com.android.providers.media.MediaProvider
V/MediaProvider(  207): Attached volume: internal
I/ActivityThread(  207): Publishing provider downloads: com.android.providers.downloads.DownloadProvider
I/ActivityThread(  207): Publishing provider drm: com.android.providers.drm.DrmProvider
I/ActivityManager(   60): Start proc com.android.mms for broadcast com.android.mms/.transaction.MmsSystemEventReceiver: pid=217 uid=10015 gids={3003, 1015}
I/ActivityThread(  217): Publishing provider com.android.mms.SuggestionsProvider: com.android.mms.SuggestionsProvider
D/MediaScannerService(  207): start scanning volume internal
I/ActivityManager(   60): Start proc com.android.email for broadcast com.android.email/com.android.exchange.BootReceiver: pid=235 uid=10030 gids={3003, 1015}
I/ActivityThread(  235): Publishing provider com.android.email.provider: com.android.email.provider.EmailProvider
I/ActivityThread(  235): Publishing provider com.android.email.attachmentprovider: com.android.email.provider.AttachmentProvider
I/ActivityThread(  235): Publishing provider com.android.exchange.provider: com.android.exchange.provider.ExchangeProvider
D/Exchange(  235): BootReceiver onReceive
D/EAS SyncManager(  235): !!! EAS SyncManager, onCreate
D/EAS SyncManager(  235): !!! EAS SyncManager, onStartCommand
D/EAS SyncManager(  235): !!! EAS SyncManager, stopping self
D/Eas Debug(  235): Logging: 
D/EAS SyncManager(  235): !!! EAS SyncManager, onDestroy
D/dalvikvm(   60): GREF has increased to 301
D/MediaScanner(  207):  prescan time: 4461ms
D/MediaScanner(  207):     scan time: 151ms
D/MediaScanner(  207): postscan time: 1ms
D/MediaScanner(  207):    total time: 4613ms
D/MediaScannerService(  207): done scanning volume internal
I//system/bin/fsck_msdos(   29): Attempting to allocate 998 KB for FAT
D/AndroidRuntime(  248): 
D/AndroidRuntime(  248): >>>>>>>>>>>>>> AndroidRuntime START <<<<<<<<<<<<<<
D/AndroidRuntime(  248): CheckJNI is ON
I/Launcher.Model(  123): not binding apps: no Launcher activity
D/dalvikvm(  123): GC_EXPLICIT freed 4028 objects / 224456 bytes in 721ms
D/AndroidRuntime(  248): --- registering native functions ---
I/ActivityManager(   60): Start proc com.android.defcontainer for service com.android.defcontainer/.DefaultContainerService: pid=255 uid=10010 gids={1015, 2001}
D/dalvikvm(  123): GC_EXPLICIT freed 10804 objects / 525176 bytes in 73ms
I//system/bin/fsck_msdos(   29): ** Phase 2 - Check Cluster Chains
I//system/bin/fsck_msdos(   29): ** Phase 3 - Checking Directories
I//system/bin/fsck_msdos(   29): ** Phase 4 - Checking for Lost Files
I//system/bin/fsck_msdos(   29): 3 files, 509980 free (254990 clusters)
I/logwrapper(   29): /system/bin/fsck_msdos terminated by exit(0)
I/Vold    (   29): Filesystem check completed OK
I/Vold    (   29): Device /dev/block/vold/179:0, target /mnt/sdcard mounted @ /mnt/secure/staging
D/Vold    (   29): Volume sdcard state changing 3 (Checking) -> 4 (Mounted)
I/PackageManager(   60): Updating external media status from unmounted to mounted
I/StorageNotification(   60): Media {/mnt/sdcard} state changed from {checking} -> {mounted}
D/dalvikvm(  255): GC_EXPLICIT freed 716 objects / 53680 bytes in 45ms
D/MediaScannerService(  207): start scanning volume external
V/MediaProvider(  207): /mnt/sdcard volume ID: 269566224
V/MediaProvider(  207): Attached volume: external
V/MediaScanner(  207): pruneDeadThumbnailFiles... android.database.sqlite.SQLiteCursor@44f27888
V/MediaScanner(  207): /pruneDeadThumbnailFiles... android.database.sqlite.SQLiteCursor@44f27888
D/MediaScanner(  207):  prescan time: 61ms
D/MediaScanner(  207):     scan time: 2ms
D/MediaScanner(  207): postscan time: 25ms
D/MediaScanner(  207):    total time: 88ms
D/MediaScannerService(  207): done scanning volume external
D/VoldCmdListener(   29): asec list
I/PackageManager(   60): No secure containers on sdcard
W/PackageManager(   60): Unknown permission com.google.android.googleapps.permission.GOOGLE_AUTH.mail in package com.android.contacts
W/PackageManager(   60): Unknown permission android.permission.ADD_SYSTEM_SERVICE in package com.android.phone
W/PackageManager(   60): Not granting permission android.permission.SEND_DOWNLOAD_COMPLETED_INTENTS to package com.android.browser (protectionLevel=2 flags=0x1be45)
W/PackageManager(   60): Unknown permission com.google.android.gm.permission.WRITE_GMAIL in package com.android.settings
W/PackageManager(   60): Unknown permission com.google.android.gm.permission.READ_GMAIL in package com.android.settings
W/PackageManager(   60): Unknown permission com.google.android.googleapps.permission.GOOGLE_AUTH in package com.android.settings
W/PackageManager(   60): Unknown permission com.google.android.googleapps.permission.GOOGLE_AUTH in package com.android.providers.contacts
W/PackageManager(   60): Unknown permission com.google.android.googleapps.permission.GOOGLE_AUTH.cp in package com.android.providers.contacts
W/PackageManager(   60): Unknown permission com.google.android.googleapps.permission.ACCESS_GOOGLE_PASSWORD in package com.android.development
W/PackageManager(   60): Unknown permission com.google.android.googleapps.permission.GOOGLE_AUTH in package com.android.development
W/PackageManager(   60): Unknown permission com.google.android.googleapps.permission.GOOGLE_AUTH.ALL_SERVICES in package com.android.development
W/PackageManager(   60): Unknown permission com.google.android.googleapps.permission.GOOGLE_AUTH.YouTubeUser in package com.android.development
D/dalvikvm(   60): GC_FOR_MALLOC freed 11088 objects / 566336 bytes in 95ms
D/PackageParser(   60): Scanning package: /data/app/vmdl59562.tmp
D/dalvikvm(   60): GC_FOR_MALLOC freed 3077 objects / 288160 bytes in 72ms
D/dalvikvm(   60): GC_FOR_MALLOC freed 7699 objects / 453184 bytes in 84ms
I/PackageManager(   60): Removing non-system package:com.rhomobile.mydailyrhodes
I/ActivityManager(   60): Force stopping package com.rhomobile.mydailyrhodes uid=10037
D/PackageManager(   60): Scanning package com.rhomobile.mydailyrhodes
I/PackageManager(   60): Package com.rhomobile.mydailyrhodes codePath changed from /data/app/com.rhomobile.mydailyrhodes-1.apk to /data/app/com.rhomobile.mydailyrhodes-2.apk; Retaining data and using new
I/PackageManager(   60): /data/app/com.rhomobile.mydailyrhodes-2.apk changed; unpacking
D/PackageManager(   60): Caching shared lib lib/armeabi/librhodes.so
D/installd(   35): DexInv: --- BEGIN '/data/app/com.rhomobile.mydailyrhodes-2.apk' ---
D/dalvikvm(  265): DexOpt: load 372ms, verify 910ms, opt 14ms
D/installd(   35): DexInv: --- END '/data/app/com.rhomobile.mydailyrhodes-2.apk' (success) ---
W/PackageManager(   60): Code path for pkg : com.rhomobile.mydailyrhodes changing from /data/app/com.rhomobile.mydailyrhodes-1.apk to /data/app/com.rhomobile.mydailyrhodes-2.apk
W/PackageManager(   60): Resource path for pkg : com.rhomobile.mydailyrhodes changing from /data/app/com.rhomobile.mydailyrhodes-1.apk to /data/app/com.rhomobile.mydailyrhodes-2.apk
D/PackageManager(   60): Registered content provider: com.rhomobile.mydailyrhodes, className = com.rhomobile.rhodes.LocalFileProvider, isSyncable = false
D/PackageManager(   60):   Providers: com.rhomobile.rhodes.LocalFileProvider
D/PackageManager(   60):   Services: com.rhomobile.rhodes.RhodesService
D/PackageManager(   60):   Activities: com.rhomobile.rhodes.RhodesActivity com.rhomobile.rhodes.alert.PopupActivity com.rhomobile.rhodes.camera.FileList com.rhomobile.rhodes.camera.ImageCapture com.rhomobile.rhodes.signature.ImageCapture com.rhomobile.rhodes.datetime.DateTimePickerScreen com.rhomobile.rhodes.mapview.MapView com.rhomobile.rhodes.mapview.GoogleMapView com.rhomobile.rhodes.bluetooth.RhoBluetoothDeviceListActivity
I/ActivityManager(   60): Force stopping package com.rhomobile.mydailyrhodes uid=10037
I/installd(   35): move /data/dalvik-cache/data@app@com.rhomobile.mydailyrhodes-2.apk@classes.dex -> /data/dalvik-cache/data@app@com.rhomobile.mydailyrhodes-2.apk@classes.dex
D/PackageManager(   60): New package installed in /data/app/com.rhomobile.mydailyrhodes-2.apk
I/ActivityManager(   60): Force stopping package com.rhomobile.mydailyrhodes uid=10037
D/dalvikvm(  123): GC_EXPLICIT freed 169 objects / 7192 bytes in 54ms
D/dalvikvm(   60): GC_FOR_MALLOC freed 10419 objects / 577008 bytes in 125ms
I/ActivityManager(   60): Start proc com.svox.pico for broadcast com.svox.pico/.VoiceDataInstallerReceiver: pid=267 uid=10028 gids={}
D/dalvikvm(  160): GC_EXPLICIT freed 4235 objects / 256176 bytes in 366ms
D/dalvikvm(   60): GC_EXPLICIT freed 10332 objects / 528600 bytes in 258ms
I/installd(   35): unlink /data/dalvik-cache/data@app@com.rhomobile.mydailyrhodes-1.apk@classes.dex
D/AndroidRuntime(  248): Shutting down VM
D/dalvikvm(  248): Debugger has detached; object registry had 1 entries
I/AndroidRuntime(  248): NOTE: attach of thread 'Binder Thread #3' failed
W/RecognitionManagerService(   60): no available voice recognition services found
I/ActivityThread(  267): Publishing provider com.svox.pico.providers.SettingsProvider: com.svox.pico.providers.SettingsProvider
D/AndroidRuntime(  277): 
D/AndroidRuntime(  277): >>>>>>>>>>>>>> AndroidRuntime START <<<<<<<<<<<<<<
D/AndroidRuntime(  277): CheckJNI is ON
D/AndroidRuntime(  277): --- registering native functions ---
I/ActivityManager(   60): Starting activity: Intent { act=android.intent.action.MAIN flg=0x10000000 cmp=com.rhomobile.mydailyrhodes/com.rhomobile.rhodes.RhodesActivity }
D/AndroidRuntime(  277): Shutting down VM
D/dalvikvm(  277): Debugger has detached; object registry had 1 entries
I/ActivityManager(   60): Start proc com.rhomobile.mydailyrhodes for activity com.rhomobile.mydailyrhodes/com.rhomobile.rhodes.RhodesActivity: pid=284 uid=10037 gids={3003}
I/AndroidRuntime(  277): NOTE: attach of thread 'Binder Thread #3' failed
I/ARMAssembler(   60): generated scanline__00000077:03545404_00000004_00000000 [ 47 ipp] (67 ins) at [0x32fc78:0x32fd84] in 9610793 ns
D/dalvikvm(  284): Trying to load lib /data/data/com.rhomobile.mydailyrhodes/lib/librhodes.so 0x44edf560
D/dalvikvm(  284): Added shared lib /data/data/com.rhomobile.mydailyrhodes/lib/librhodes.so 0x44edf560
I/ActivityThread(  284): Publishing provider com.rhomobile.mydailyrhodes: com.rhomobile.rhodes.LocalFileProvider
I/RhodesActivity(  284): >>>>>>>>>>>>>>> onCreate()
D/RhodesActivity(  284): RhodesActivity.onStart()
D/RhodesActivity(  284): RhodesActivity.onResume()
D/RhodesService(  284): Root path: /data/data/com.rhomobile.mydailyrhodes/rhodata/
D/RhodesService(  284): Sqlite journals path: /data/data/com.rhomobile.mydailyrhodes/sqlite_stmt_journals/
I/global  (  284): Default buffer size used in BufferedReader constructor. It would be better to be explicit if an 8k-char buffer is required.
I/RhodesService(  284): Application hash was changed
W/ActivityManager(   60): No content provider found for: 
D/RhodesService(  284): Root path: /data/data/com.rhomobile.mydailyrhodes/rhodata/
D/RhodesService(  284): Sqlite journals path: /data/data/com.rhomobile.mydailyrhodes/sqlite_stmt_journals/
I/global  (  284): Default buffer size used in BufferedReader constructor. It would be better to be explicit if an 8k-char buffer is required.
I/APP     (  284): I 08/17/2011 07:54:24:255 afd48828            RhodesApp| Trying to get free listening port.
I/APP     (  284): I 08/17/2011 07:54:24:275 afd48828            RhodesApp| Trying to bind of 0 port...
I/APP     (  284): I 08/17/2011 07:54:24:276 afd48828            RhodesApp| Got port to bind on: 57101
I/APP     (  284): I 08/17/2011 07:54:24:280 afd48828            RhodesApp| Free listening port: 57101
I/APP     (  284): I 08/17/2011 07:54:24:279 00233058         AppCallbacks| Starting main routine...
I/APP     (  284): I 08/17/2011 07:54:24:283 00233058         AppCallbacks| ThreadQueue blocked for 300 seconds...
D/dalvikvm(  284): GC_FOR_MALLOC freed 5520 objects / 350152 bytes in 55ms
I/APP     (  284): I 08/17/2011 07:54:24:396 afd48828               Rhodes| Loading...
I/APP     (  284): I 08/17/2011 07:54:25:540 afd48828            RhodesApp| callAppActiveCallback
I/APP     (  284): I 08/17/2011 07:54:25:541 afd48828         AppCallbacks| addCommand: APP-ACTIVATED
I/APP     (  284): I 08/17/2011 07:54:25:544 00233058         AppCallbacks| Received command APP-ACTIVATED which is greater than expected (LOCAL-SERVER-STARTED) - postpone it
I/APP     (  284): I 08/17/2011 07:54:25:544 00233058         AppCallbacks| ThreadQueue blocked for 300 seconds...
I/APP     (  284): I 08/17/2011 07:54:25:547 afd48828         AppActivated| Cannot commit now, application will be activated when started.
I/APP     (  284): I 08/17/2011 07:54:25:548 afd48828            Undefined| Handlers have completed.
I/APP     (  284): I 08/17/2011 07:54:25:549 afd48828    RhodesApplication| New AppState: Undefined
I/APP     (  284): I 08/17/2011 07:54:25:553 afd48828        RhodesService| handleCommand: startId=1, source=com.rhomobile.rhodes.BaseActivity
I/APP     (  284): I 08/17/2011 07:54:25:555 afd48828        RhodesService| New activity was created
I/APP     (  284): I 08/17/2011 07:54:25:555 0012a550            RhodesApp| Starting RhodesApp main routine...
I/APP     (  284): I 08/17/2011 07:54:25:578 afd48828         AppCallbacks| addCommand: UI-CREATED
I/APP     (  284): I 08/17/2011 07:54:25:589 00233058         AppCallbacks| Received command UI-CREATED which is greater than expected (LOCAL-SERVER-STARTED) - postpone it
I/APP     (  284): I 08/17/2011 07:54:25:589 00233058         AppCallbacks| ThreadQueue blocked for 300 seconds...
I/APP     (  284): I 08/17/2011 07:54:26:563 afd48828       RhodesActivity| onServiceConnected: {com.rhomobile.mydailyrhodes/com.rhomobile.rhodes.RhodesService}
I/APP     (  284): I 08/17/2011 07:54:28:204 0012a550              RhoRuby| Init_RhoBlobs: /data/data/com.rhomobile.mydailyrhodes/rhodata/db/db-files
I/APP     (  284): I 08/17/2011 07:54:28:249 0012a550              RhoRuby| require_compiled: rhoframework
I/APP     (  284): I 08/17/2011 07:54:28:304 0012a550              RhoRuby| require_compiled: rational
I/APP     (  284): I 08/17/2011 07:54:28:315 0012a550              RhoRuby| require_compiled: rhom/rhom_db_adapter
I/ActivityManager(   60): Displayed activity com.rhomobile.mydailyrhodes/com.rhomobile.rhodes.RhodesActivity: 5687 ms (total 5687 ms)
I/APP     (  284): I 08/17/2011 07:54:28:623 0012a550              RhoRuby| require_compiled: rhodes
I/APP     (  284): I 08/17/2011 07:54:28:633 0012a550              RhoRuby| require_compiled: rhom/rhom_object
I/APP     (  284): I 08/17/2011 07:54:28:684 0012a550              RhoRuby| require_compiled: rhofsconnector
I/APP     (  284): I 08/17/2011 07:54:28:702 0012a550              RhoRuby| require_compiled: rho/rhofsconnector
I/APP     (  284): I 08/17/2011 07:54:28:730 0012a550              RhoRuby| require_compiled: rhom/rhom_object_factory
I/APP     (  284): I 08/17/2011 07:54:28:914 0012a550              RhoRuby| require_compiled: rhom/rhom
I/APP     (  284): I 08/17/2011 07:54:29:080 0012a550              RhoRuby| require_compiled: rhom/rhom_model
I/APP     (  284): I 08/17/2011 07:54:29:105 0012a550              RhoRuby| require_compiled: rhom
I/APP     (  284): I 08/17/2011 07:54:29:109 0012a550              RhoRuby| require_compiled: rho/rhoapplication
I/APP     (  284): I 08/17/2011 07:54:29:164 0012a550              RhoRuby| require_compiled: rholang/localization_simplified
I/APP     (  284): I 08/17/2011 07:54:29:333 0012a550                  APP| Current locale: en; Country code: us
I/APP     (  284): I 08/17/2011 07:54:29:334 0012a550                  APP| file: /data/data/com.rhomobile.mydailyrhodes/rhodata/lib/rholang/lang_
I/APP     (  284): I 08/17/2011 07:54:29:338 0012a550              RhoRuby| require_compiled: /data/data/com.rhomobile.mydailyrhodes/rhodata/lib/rholang/lang_en
I/APP     (  284): I 08/17/2011 07:54:29:352 0012a550              RhoRuby| require_compiled: rho/rhomsg
