I/APP     (  319): I 08/17/2011 08:50:04:438 00272d20              RhoRuby| require_compiled: indifferent_access
I/APP     (  319): I 08/17/2011 08:50:04:468 00272d20              RhoRuby| require_compiled: rho/rhosupport
I/APP     (  319): I 08/17/2011 08:50:04:504 00272d20              RhoRuby| require_compiled: rho/rhocontroller
I/APP     (  319): I 08/17/2011 08:50:04:536 00272d20              RhoRuby| require_compiled: rho/render
I/APP     (  319): I 08/17/2011 08:50:04:601 00272d20              RhoRuby| require_compiled: rho/rho
I/APP     (  319): I 08/17/2011 08:50:04:760 00272d20              RhoRuby| require_compiled: rho/rhoerror
I/APP     (  319): I 08/17/2011 08:50:04:772 00272d20                  APP| Current locale: en; Country code: us
I/APP     (  319): I 08/17/2011 08:50:04:773 00272d20                  APP| file: /data/data/com.rhomobile.mydailyrhodes/rhodata/lib/rholang/rhoerror_
I/APP     (  319): I 08/17/2011 08:50:04:776 00272d20              RhoRuby| require_compiled: /data/data/com.rhomobile.mydailyrhodes/rhodata/lib/rholang/rhoerror_en
I/APP     (  319): I 08/17/2011 08:50:04:794 00272d20              RhoRuby| require_compiled: rhom/rhom_source
I/APP     (  319): I 08/17/2011 08:50:04:832 00272d20              RhoRuby| require_compiled: rho/rhoviewhelpers
I/APP     (  319): I 08/17/2011 08:50:04:854 00272d20              RhoRuby| require_compiled: rho
I/APP     (  319): I 08/17/2011 08:50:04:857 00272d20                  APP| RHO loaded
I/APP     (  319): I 08/17/2011 08:50:04:859 00272d20                  APP| Calling RHO.initialize
I/APP     (  319): I 08/17/2011 08:50:04:864 00272d20                  APP| model file: MyTask/my_task
I/APP     (  319): I 08/17/2011 08:50:04:865 00272d20                  APP| model file: MyDay/my_day
I/APP     (  319): I 08/17/2011 08:50:04:871 00272d20                   DB| Open DB: /data/data/com.rhomobile.mydailyrhodes/rhodata/db/syncdbuser.sqlite
I/APP     (  319): I 08/17/2011 08:50:04:913 00272d20            RhodesApp| Starting sync engine...
I/APP     (  319): I 08/17/2011 08:50:04:913 00272d20                 Sync| sync_poll_interval: 0
I/APP     (  319): I 08/17/2011 08:50:04:915 00272d20                 Sync| syncserver: 
I/APP     (  319): I 08/17/2011 08:50:04:916 00272d20                 Sync| bulksync_state: 0
I/APP     (  319): I 08/17/2011 08:50:04:916 00272d20            RhodesApp| RhoRubyInitApp...
I/APP     (  319): I 08/17/2011 08:50:04:917 00272d20                  APP| init_app
I/APP     (  319): I 08/17/2011 08:50:04:922 00272d20              RhoRuby| require_compiled: application
I/APP     (  319): I 08/17/2011 08:50:04:930 00272d20                  APP| Current locale: en; Country code: us
I/APP     (  319): I 08/17/2011 08:50:04:934 00272d20                  APP| on_reinstall_config_update: {"LogToOutput"=>["0", "1"]}
I/APP     (  319): I 08/17/2011 08:50:04:942 00272d20           HttpServer| Start HTTP server
I/APP     (  319): I 08/17/2011 08:50:04:944 00272d20         AppCallbacks| addCommand: LOCAL-SERVER-STARTED
I/APP     (  319): I 08/17/2011 08:50:04:945 00249ed0         AppCallbacks| process command: LOCAL-SERVER-STARTED
I/APP     (  319): I 08/17/2011 08:50:04:946 00249ed0           AppStarted| Handlers have completed.
I/APP     (  319): I 08/17/2011 08:50:04:946 00249ed0         AppActivated| Handlers have completed.
I/APP     (  319): I 08/17/2011 08:50:04:947 00249ed0    RhodesApplication| New AppState: AppActivated
I/APP     (  319): I 08/17/2011 08:50:04:947 00249ed0         AppCallbacks| process command: UI-CREATED
I/APP     (  319): I 08/17/2011 08:50:04:972 00272d20           HttpServer| Process URI: '/system/uicreated'
I/APP     (  319): I 08/17/2011 08:50:04:976 00272d20                  APP| on_ui_created.navigate to start url: '/app'
I/APP     (  319): I 08/17/2011 08:50:05:017 00249ed0         AppCallbacks| process command: APP-ACTIVATED
I/APP     (  319): I 08/17/2011 08:50:05:053 00272d20           HttpServer| Process URI: '/system/activateapp'
I/APP     (  319): I 08/17/2011 08:50:05:058 00249ed0         AppCallbacks| ThreadQueue blocked for 300 seconds...
V/SimpleMainView(  319): ms[1313571005100] processForNativeView : [http://127.0.0.1:60121/app]
V/SimpleMainView.View(  319): ms[1313571005148]  Main Window :: onSizeChanged() old [ 600 x 986 ]  new [ 0 x 0 ]
I/APP     (  319): I 08/17/2011 08:50:05:257 00272d20           HttpServer| Process URI: '/app'
D/webviewglue(  319): nativeDestroy view: 0x332480
D/dalvikvm(  319): GC_FOR_MALLOC freed 2725 objects / 487256 bytes in 63ms
I/APP     (  319): I 08/17/2011 08:50:05:445 00272d20           HttpServer| Process URI: '/app/index_erb.iseq'
I/APP     (  319): I 08/17/2011 08:50:05:451 00272d20                  APP| RHO serve_index: /app/index_erb.iseq
I/APP     (  319): I 08/17/2011 08:50:05:456 00272d20 RHO Rho::RhoController| inst_render_index
I/APP     (  319): I 08/17/2011 08:50:05:484 00272d20 RHO Rho::RhoController| index layout
D/dalvikvm(  319): GC_EXTERNAL_ALLOC freed 504 objects / 76976 bytes in 92ms
I/APP     (  319): I 08/17/2011 08:50:05:784 00272d20           HttpServer| Process URI: '/public/jqtouch/jquery.1.3.2.min.js'
I/APP     (  319): I 08/17/2011 08:50:05:884 00272d20           HttpServer| Process URI: '/public/jqtouch/jqtouch.js'
I/APP     (  319): I 08/17/2011 08:50:06:011 00272d20           HttpServer| Process URI: '/public/jqtouch/jqtouch.css'
I/APP     (  319): I 08/17/2011 08:50:06:064 00272d20           HttpServer| Process URI: '/public/css/android.css'
I/APP     (  319): I 08/17/2011 08:50:07:573 00272d20           HttpServer| Process URI: '/public/images/android/disclosure.png'
D/dalvikvm(  319): GC_FOR_MALLOC freed 4983 objects / 468296 bytes in 53ms
D/SntpClient(   61): request time failed: java.net.SocketException: Address family not supported by protocol
I/APP     (  319): I 08/17/2011 08:55:05:064 00249ed0         AppCallbacks| ThreadQueue blocked for 300 seconds...
D/qemud   (   38): entering main loop
I/DEBUG   (   31): debuggerd: Oct  5 2010 00:26:13
I/Vold    (   29): Vold 2.1 (the revenge) firing up
D/Vold    (   29): Volume sdcard state changing -1 (Initializing) -> 0 (No-Media)
I/Netd    (   30): Netd 1.0 starting
D/Vold    (   29): Volume sdcard state changing 0 (No-Media) -> 1 (Idle-Unmounted)
W/Vold    (   29): No UMS switch available
D/qemud   (   38): fdhandler_accept_event: accepting on fd 10
D/qemud   (   38): created client 0xe078 listening on fd 8
D/qemud   (   38): client_fd_receive: attempting registration for service 'boot-properties'
D/qemud   (   38): client_fd_receive:    -> received channel id 1
D/qemud   (   38): client_registration: registration succeeded for client 1
I/qemu-props(   52): connected to 'boot-properties' qemud service.
I/qemu-props(   52): received: dalvik.vm.heapsize=24m
I/qemu-props(   52): received: qemu.sf.lcd_density=240
I/qemu-props(   52): received: 
I/qemu-props(   52): invalid format, ignored.
D/AndroidRuntime(   33): 
D/AndroidRuntime(   33): >>>>>>>>>>>>>> AndroidRuntime START <<<<<<<<<<<<<<
D/AndroidRuntime(   33): CheckJNI is ON
D/qemud   (   38): fdhandler_accept_event: accepting on fd 10
D/qemud   (   38): created client 0xe078 listening on fd 11
D/qemud   (   38): fdhandler_event: disconnect on fd 11
D/qemud   (   38): fdhandler_accept_event: accepting on fd 10
D/qemud   (   38): created client 0xe078 listening on fd 11
D/qemud   (   38): client_fd_receive: attempting registration for service 'gsm'
D/qemud   (   38): client_fd_receive:    -> received channel id 2
D/qemud   (   38): client_registration: registration succeeded for client 2
I/        (   34): ServiceManager: 0xacd0
D/AudioHardwareInterface(   34): setMode(NORMAL)
I/CameraService(   34): CameraService started: pid=34
I/AudioFlinger(   34): AudioFlinger's thread 0xb3f0 ready to run
D/AndroidRuntime(   33): --- registering native functions ---
I/SamplingProfilerIntegration(   33): Profiler is disabled.
I/Zygote  (   33): Preloading classes...
E/Zygote  (   33): setreuid() failed. errno: 2
D/dalvikvm(   33): GC_EXPLICIT freed 821 objects / 47496 bytes in 9ms
D/dalvikvm(   33): GC_EXPLICIT freed 219 objects / 13600 bytes in 3ms
D/dalvikvm(   33): GC_EXPLICIT freed 253 objects / 14360 bytes in 3ms
D/dalvikvm(   33): GC_EXPLICIT freed 466 objects / 28880 bytes in 5ms
D/dalvikvm(   33): GC_EXPLICIT freed 2090 objects / 108368 bytes in 6ms
W/MediaProfiles(   33): could not find media config xml file
D/dalvikvm(   33): GC_EXPLICIT freed 279 objects / 15976 bytes in 6ms
D/dalvikvm(   33): GC_FOR_MALLOC freed 5017 objects / 223680 bytes in 13ms
D/dalvikvm(   33): GC_EXPLICIT freed 871 objects / 34632 bytes in 113ms
D/dalvikvm(   33): GC_EXPLICIT freed 544 objects / 27080 bytes in 12ms
D/dalvikvm(   33): GC_EXPLICIT freed 402 objects / 22112 bytes in 15ms
D/dalvikvm(   33): GC_EXPLICIT freed 286 objects / 34168 bytes in 18ms
D/dalvikvm(   33): GC_EXPLICIT freed 277 objects / 18896 bytes in 19ms
D/dalvikvm(   33): GC_EXPLICIT freed 319 objects / 17704 bytes in 19ms
D/dalvikvm(   33): GC_EXPLICIT freed 452 objects / 27600 bytes in 22ms
D/dalvikvm(   33): GC_EXPLICIT freed 265 objects / 21768 bytes in 19ms
D/dalvikvm(   33): GC_EXPLICIT freed 507 objects / 59616 bytes in 22ms
D/dalvikvm(   33): GC_EXPLICIT freed 639 objects / 34760 bytes in 22ms
D/dalvikvm(   33): GC_EXPLICIT freed 842 objects / 45992 bytes in 23ms
D/dalvikvm(   33): GC_FOR_MALLOC freed 12427 objects / 449088 bytes in 32ms
D/dalvikvm(   33): GC_FOR_MALLOC freed 10011 objects / 464184 bytes in 33ms
D/dalvikvm(   33): GC_FOR_MALLOC freed 8197 objects / 412640 bytes in 35ms
D/dalvikvm(   33): GC_FOR_MALLOC freed 7345 objects / 475792 bytes in 32ms
D/dalvikvm(   33): GC_FOR_MALLOC freed 7793 objects / 472528 bytes in 37ms
D/dalvikvm(   33): GC_FOR_MALLOC freed 7895 objects / 470520 bytes in 35ms
D/dalvikvm(   33): GC_EXPLICIT freed 6770 objects / 401744 bytes in 38ms
D/dalvikvm(   33): GC_EXPLICIT freed 1539 objects / 72440 bytes in 32ms
D/dalvikvm(   33): GC_EXPLICIT freed 447 objects / 29328 bytes in 32ms
D/dalvikvm(   33): GC_EXPLICIT freed 315 objects / 20000 bytes in 31ms
I/Zygote  (   33): ...preloaded 1265 classes in 5678ms.
E/Zygote  (   33): setreuid() failed. errno: 17
D/dalvikvm(   33): GC_EXPLICIT freed 104 objects / 14200 bytes in 32ms
I/Zygote  (   33): Preloading resources...
W/Zygote  (   33): Preloaded drawable resource #0x1080093 (res/drawable-hdpi/sym_def_app_icon.png) that varies with configuration!!
W/Zygote  (   33): Preloaded drawable resource #0x1080002 (res/drawable-hdpi/arrow_down_float.png) that varies with configuration!!
W/Zygote  (   33): Preloaded drawable resource #0x10800b3 (res/drawable/btn_check.xml) that varies with configuration!!
W/Zygote  (   33): Preloaded drawable resource #0x10800b6 (res/drawable-hdpi/btn_check_label_background.9.png) that varies with configuration!!
W/Zygote  (   33): Preloaded drawable resource #0x10800b7 (res/drawable-hdpi/btn_check_off.png) that varies with configuration!!
W/Zygote  (   33): Preloaded drawable resource #0x10800bc (res/drawable-hdpi/btn_check_on.png) that varies with configuration!!
W/Zygote  (   33): Preloaded drawable resource #0x1080004 (res/drawable/btn_default.xml) that varies with configuration!!
W/Zygote  (   33): Preloaded drawable resource #0x1080005 (res/drawable/btn_default_small.xml) that varies with configuration!!
W/Zygote  (   33): Preloaded drawable resource #0x1080006 (res/drawable/btn_dropdown.xml) that varies with configuration!!
W/Zygote  (   33): Preloaded drawable resource #0x1080008 (res/drawable/btn_plus.xml) that varies with configuration!!
W/Zygote  (   33): Preloaded drawable resource #0x1080007 (res/drawable/btn_minus.xml) that varies with configuration!!
W/Zygote  (   33): Preloaded drawable resource #0x1080009 (res/drawable/btn_radio.xml) that varies with configuration!!
W/Zygote  (   33): Preloaded drawable resource #0x108000a (res/drawable/btn_star.xml) that varies with configuration!!
D/dalvikvm(   33): GC_EXPLICIT freed 421 objects / 26240 bytes in 34ms
W/Zygote  (   33): Preloaded drawable resource #0x1080131 (res/drawable/btn_toggle.xml) that varies with configuration!!
W/Zygote  (   33): Preloaded drawable resource #0x1080194 (res/drawable-hdpi/ic_emergency.png) that varies with configuration!!
W/Zygote  (   33): Preloaded drawable resource #0x1080012 (res/drawable-hdpi/divider_horizontal_bright.9.png) that varies with configuration!!
W/Zygote  (   33): Preloaded drawable resource #0x1080014 (res/drawable-hdpi/divider_horizontal_dark.9.png) that varies with configuration!!
W/Zygote  (   33): Preloaded drawable resource #0x1080016 (res/drawable/edit_text.xml) that varies with configuration!!
W/Zygote  (   33): Preloaded drawable resource #0x108016d (res/drawable/expander_group.xml) that varies with configuration!!
W/Zygote  (   33): Preloaded drawable resource #0x1080062 (res/drawable/list_selector_background.xml) that varies with configuration!!
W/Zygote  (   33): Preloaded drawable resource #0x1080227 (res/drawable-hdpi/menu_background.9.png) that varies with configuration!!
W/Zygote  (   33): Preloaded drawable resource #0x1080228 (res/drawable-hdpi/menu_background_fill_parent_width.9.png) that varies with configuration!!
W/Zygote  (   33): Preloaded drawable resource #0x1080229 (res/drawable/menu_selector.xml) that varies with configuration!!
W/Zygote  (   33): Preloaded drawable resource #0x1080234 (res/drawable-hdpi/panel_background.9.png) that varies with configuration!!
W/Zygote  (   33): Preloaded drawable resource #0x108023b (res/drawable-hdpi/popup_bottom_bright.9.png) that varies with configuration!!
W/Zygote  (   33): Preloaded drawable resource #0x108023c (res/drawable-hdpi/popup_bottom_dark.9.png) that varies with configuration!!
W/Zygote  (   33): Preloaded drawable resource #0x108023d (res/drawable-hdpi/popup_bottom_medium.9.png) that varies with configuration!!
W/Zygote  (   33): Preloaded drawable resource #0x108023e (res/drawable-hdpi/popup_center_bright.9.png) that varies with configuration!!
W/Zygote  (   33): Preloaded drawable resource #0x108023f (res/drawable-hdpi/popup_center_dark.9.png) that varies with configuration!!
W/Zygote  (   33): Preloaded drawable resource #0x1080242 (res/drawable-hdpi/popup_full_dark.9.png) that varies with configuration!!
W/Zygote  (   33): Preloaded drawable resource #0x1080245 (res/drawable-hdpi/popup_top_bright.9.png) that varies with configuration!!
W/Zygote  (   33): Preloaded drawable resource #0x1080246 (res/drawable-hdpi/popup_top_dark.9.png) that varies with configuration!!
W/Zygote  (   33): Preloaded drawable resource #0x108006d (res/drawable/progress_indeterminate_horizontal.xml) that varies with configuration!!
W/Zygote  (   33): Preloaded drawable resource #0x108024c (res/drawable/progress_small.xml) that varies with configuration!!
W/Zygote  (   33): Preloaded drawable resource #0x108024d (res/drawable/progress_small_titlebar.xml) that varies with configuration!!
W/Zygote  (   33): Preloaded drawable resource #0x1080270 (res/drawable-hdpi/scrollbar_handle_horizontal.9.png) that varies with configuration!!
W/Zygote  (   33): Preloaded drawable resource #0x1080271 (res/drawable-hdpi/scrollbar_handle_vertical.9.png) that varies with configuration!!
D/dalvikvm(   33): GC_EXPLICIT freed 477 objects / 32952 bytes in 33ms
W/Zygote  (   33): Preloaded drawable resource #0x1080071 (res/drawable/spinner_dropdown_background.xml) that varies with configuration!!
W/Zygote  (   33): Preloaded drawable resource #0x1080354 (res/drawable-hdpi/title_bar_shadow.9.png) that varies with configuration!!
W/Zygote  (   33): Preloaded drawable resource #0x10801d6 (res/drawable-hdpi/indicator_code_lock_drag_direction_green_up.png) that varies with configuration!!
W/Zygote  (   33): Preloaded drawable resource #0x10801d7 (res/drawable-hdpi/indicator_code_lock_drag_direction_red_up.png) that varies with configuration!!
W/Zygote  (   33): Preloaded drawable resource #0x10801d8 (res/drawable-hdpi/indicator_code_lock_point_area_default.png) that varies with configuration!!
W/Zygote  (   33): Preloaded drawable resource #0x10801d9 (res/drawable-hdpi/indicator_code_lock_point_area_green.png) that varies with configuration!!
W/Zygote  (   33): Preloaded drawable resource #0x10801da (res/drawable-hdpi/indicator_code_lock_point_area_red.png) that varies with configuration!!
W/Zygote  (   33): Preloaded drawable resource #0x10801e8 (res/drawable-hdpi/jog_tab_bar_left_end_confirm_gray.9.png) that varies with configuration!!
W/Zygote  (   33): Preloaded drawable resource #0x10801ec (res/drawable-hdpi/jog_tab_bar_left_end_normal.9.png) that varies with configuration!!
W/Zygote  (   33): Preloaded drawable resource #0x10801ed (res/drawable-hdpi/jog_tab_bar_left_end_pressed.9.png) that varies with configuration!!
W/Zygote  (   33): Preloaded drawable resource #0x10801f1 (res/drawable-hdpi/jog_tab_bar_right_end_confirm_gray.9.png) that varies with configuration!!
W/Zygote  (   33): Preloaded drawable resource #0x10801f5 (res/drawable-hdpi/jog_tab_bar_right_end_normal.9.png) that varies with configuration!!
W/Zygote  (   33): Preloaded drawable resource #0x10801f6 (res/drawable-hdpi/jog_tab_bar_right_end_pressed.9.png) that varies with configuration!!
W/Zygote  (   33): Preloaded drawable resource #0x10801fb (res/drawable-hdpi/jog_tab_left_confirm_gray.png) that varies with configuration!!
W/Zygote  (   33): Preloaded drawable resource #0x1080200 (res/drawable-hdpi/jog_tab_left_normal.png) that varies with configuration!!
W/Zygote  (   33): Preloaded drawable resource #0x1080201 (res/drawable-hdpi/jog_tab_left_pressed.png) that varies with configuration!!
W/Zygote  (   33): Preloaded drawable resource #0x1080203 (res/drawable-hdpi/jog_tab_right_confirm_gray.png) that varies with configuration!!
W/Zygote  (   33): Preloaded drawable resource #0x1080209 (res/drawable-hdpi/jog_tab_right_normal.png) that varies with configuration!!
W/Zygote  (   33): Preloaded drawable resource #0x108020a (res/drawable-hdpi/jog_tab_right_pressed.png) that varies with configuration!!
W/Zygote  (   33): Preloaded drawable resource #0x108020d (res/drawable-hdpi/jog_tab_target_gray.png) that varies with configuration!!
I/Zygote  (   33): ...preloaded 61 resources in 422ms.
I/Zygote  (   33): ...preloaded 15 resources in 12ms.
D/dalvikvm(   33): GC_EXPLICIT freed 503 objects / 38096 bytes in 31ms
D/dalvikvm(   33): GC_EXPLICIT freed 150 objects / 5840 bytes in 35ms
D/dalvikvm(   33): GC_EXPLICIT freed 2 objects / 48 bytes in 32ms
I/dalvikvm(   33): System server process 61 has been created
I/Zygote  (   33): Accepting command socket connections
E/BatteryService(   61): usbOnlinePath not found
E/BatteryService(   61): batteryVoltagePath not found
E/BatteryService(   61): batteryTemperaturePath not found
I/sysproc (   61): Entered system_init()
I/sysproc (   61): ServiceManager: 0x114530
I/SurfaceFlinger(   61): SurfaceFlinger is starting
I/SurfaceFlinger(   61): SurfaceFlinger's main thread ready to run. Initializing graphics H/W...
E/SurfaceFlinger(   61): Couldn't open /sys/power/wait_for_fb_sleep or /sys/power/wait_for_fb_wake
I/gralloc (   61): using (fd=24)
I/gralloc (   61): id           = 
I/gralloc (   61): xres         = 480 px
I/gralloc (   61): yres         = 800 px
I/gralloc (   61): xres_virtual = 480 px
I/gralloc (   61): yres_virtual = 1600 px
I/gralloc (   61): bpp          = 16
I/gralloc (   61): r            = 11:5
I/gralloc (   61): g            =  5:6
I/gralloc (   61): b            =  0:5
I/gralloc (   61): width        = 74 mm (164.756760 dpi)
I/gralloc (   61): height       = 123 mm (165.203247 dpi)
I/gralloc (   61): refresh rate = 60.00 Hz
D/libEGL  (   61): egl.cfg not found, using default config
D/libEGL  (   61): loaded /system/lib/egl/libGLES_android.so
I/SurfaceFlinger(   61): EGL informations:
I/SurfaceFlinger(   61): # of configs : 8
I/SurfaceFlinger(   61): vendor    : Android
I/SurfaceFlinger(   61): version   : 1.4 Android META-EGL
I/SurfaceFlinger(   61): extensions: EGL_KHR_image EGL_KHR_image_base EGL_KHR_image_pixmap EGL_ANDROID_image_native_buffer EGL_ANDROID_swap_rectangle EGL_ANDROID_get_render_buffer 
I/SurfaceFlinger(   61): Client API: OpenGL ES
I/SurfaceFlinger(   61): EGLSurface: 5-6-5-0, config=0x1000000
I/SurfaceFlinger(   61): flags     : 001c0000
I/SurfaceFlinger(   61): OpenGL informations:
I/SurfaceFlinger(   61): vendor    : Android
I/SurfaceFlinger(   61): renderer  : Android PixelFlinger 1.3
I/SurfaceFlinger(   61): version   : OpenGL ES-CM 1.0
I/SurfaceFlinger(   61): extensions: GL_OES_byte_coordinates GL_OES_fixed_point GL_OES_single_precision GL_OES_read_format GL_OES_compressed_paletted_texture GL_OES_draw_texture GL_OES_matrix_get GL_OES_query_matrix GL_OES_EGL_image GL_OES_compressed_ETC1_RGB8_texture GL_ARB_texture_compression GL_ARB_texture_non_power_of_two GL_ANDROID_user_clip_plane GL_ANDROID_vertex_buffer_object GL_ANDROID_generate_mipmap 
I/SurfaceFlinger(   61): GL_MAX_TEXTURE_SIZE = 4096
I/SurfaceFlinger(   61): GL_MAX_VIEWPORT_DIMS = 4096
I/sysproc (   61): System server: starting Android runtime.
I/sysproc (   61): System server: starting Android services.
I/SystemServer(   61): Entered the Android system server!
I/sysproc (   61): System server: entering thread pool.
I/SystemServer(   61): Entropy Service
I/SystemServer(   61): Power Manager
I/SystemServer(   61): Activity Manager
I/ActivityManager(   61): Memory class: 24
W/UsageStats(   61): Usage stats version changed; dropping
I/BootAnimation(   71): boot animation disabled
I/SystemServer(   61): Telephony Registry
I/SystemServer(   61): Package Manager
I/Installer(   61): connecting...
I/installd(   35): new connection
I/PackageManager(   61): Libs: android.test.runner:/system/framework/android.test.runner.jar javax.obex:/system/framework/javax.obex.jar
I/PackageManager(   61): Features: android.hardware.camera android.hardware.camera.autofocus
D/dalvikvm(   61): GC_FOR_MALLOC freed 5956 objects / 246016 bytes in 73ms
W/PackageManager(   61): Running ENG build: no pre-dexopt!
D/PackageManager(   61): Scanning app dir /system/framework
D/PackageManager(   61): Scanning app dir /system/app
D/dalvikvm(   61): GC_FOR_MALLOC freed 7490 objects / 371664 bytes in 87ms
W/PackageParser(   61): No actions in intent filter at /system/app/Bluetooth.apk Binary XML file line #124
D/dalvikvm(   61): GC_FOR_MALLOC freed 5733 objects / 317064 bytes in 63ms
D/PackageManager(   61): Scanning app dir /data/app
D/dalvikvm(   61): GC_FOR_MALLOC freed 6444 objects / 339104 bytes in 70ms
W/PackageParser(   61): No actions in intent filter at /data/app/ApiDemos.apk Binary XML file line #1841
W/PackageParser(   61): No actions in intent filter at /data/app/ApiDemos.apk Binary XML file line #1847
W/PackageManager(   61): Package com.example.android.apis desires unavailable shared library com.example.will.never.exist; ignoring!
D/PackageManager(   61): Scanning app dir /data/app-private
I/PackageManager(   61): Time to scan packages: 2.213 seconds
W/PackageManager(   61): Unknown permission com.google.android.googleapps.permission.GOOGLE_AUTH.mail in package com.android.contacts
W/PackageManager(   61): Unknown permission android.permission.ADD_SYSTEM_SERVICE in package com.android.phone
W/PackageManager(   61): Unknown permission com.google.android.googleapps.permission.GOOGLE_AUTH in package com.android.providers.calendar
W/PackageManager(   61): Unknown permission com.google.android.googleapps.permission.GOOGLE_AUTH.cl in package com.android.providers.calendar
W/PackageManager(   61): Unknown permission com.google.android.googleapps.permission.GOOGLE_AUTH.mail in package com.android.calendar
W/PackageManager(   61): Not granting permission android.permission.SEND_DOWNLOAD_COMPLETED_INTENTS to package com.android.browser (protectionLevel=2 flags=0x1be45)
W/PackageManager(   61): Unknown permission com.google.android.gm.permission.WRITE_GMAIL in package com.android.settings
W/PackageManager(   61): Unknown permission com.google.android.gm.permission.READ_GMAIL in package com.android.settings
W/PackageManager(   61): Unknown permission com.google.android.googleapps.permission.GOOGLE_AUTH in package com.android.settings
W/PackageManager(   61): Unknown permission com.google.android.googleapps.permission.GOOGLE_AUTH in package com.android.providers.contacts
W/PackageManager(   61): Unknown permission com.google.android.googleapps.permission.GOOGLE_AUTH.cp in package com.android.providers.contacts
W/PackageManager(   61): Unknown permission com.google.android.googleapps.permission.ACCESS_GOOGLE_PASSWORD in package com.android.development
W/PackageManager(   61): Unknown permission com.google.android.googleapps.permission.GOOGLE_AUTH in package com.android.development
W/PackageManager(   61): Unknown permission com.google.android.googleapps.permission.GOOGLE_AUTH.ALL_SERVICES in package com.android.development
W/PackageManager(   61): Unknown permission com.google.android.googleapps.permission.GOOGLE_AUTH.YouTubeUser in package com.android.development
D/dalvikvm(   61): GC_EXPLICIT freed 5655 objects / 340888 bytes in 72ms
I/SystemServer(   61): Account Manager
I/SystemServer(   61): Content Manager
I/SystemServer(   61): System Content Providers
I/ActivityThread(   61): Publishing provider settings: com.android.providers.settings.SettingsProvider
I/SystemServer(   61): Battery Service
I/SystemServer(   61): Lights Service
I/SystemServer(   61): Vibrator Service
D/qemud   (   38): fdhandler_accept_event: accepting on fd 10
D/qemud   (   38): created client 0x11008 listening on fd 12
D/qemud   (   38): client_fd_receive: attempting registration for service 'hw-control'
D/qemud   (   38): client_fd_receive:    -> received channel id 3
D/qemud   (   38): client_registration: registration succeeded for client 3
I/SystemServer(   61): Alarm Manager
I/SystemServer(   61): Init Watchdog
I/SystemServer(   61): Sensor Service
D/qemud   (   38): fdhandler_accept_event: accepting on fd 10
D/qemud   (   38): created client 0xc038 listening on fd 13
D/qemud   (   38): client_fd_receive: attempting registration for service 'sensors'
D/qemud   (   38): client_fd_receive:    -> received channel id 4
D/qemud   (   38): client_registration: registration succeeded for client 4
D/qemud   (   38): fdhandler_event: disconnect on fd 13
I/SystemServer(   61): Window Manager
I/EventHub(   61): New keyboard: device->id=0x10000 devname='qwerty2' propName='hw.keyboards.65536.devname' keylayout='/system/usr/keylayout/qwerty.kl'
I/EventHub(   61): New device: path=/dev/input/event0 name=qwerty2 id=0x10000 (of 0x1) index=1 fd=48 classes=0x2f
E/EventHub(   61): could not get driver version for /dev/input/mouse0, Not a typewriter
E/EventHub(   61): could not get driver version for /dev/input/mice, Not a typewriter
I/KeyInputQueue(   61): Device added: id=0x0, name=qwerty2, classes=2f
I/KeyInputQueue(   61):   X: min=0 max=479 flat=0 fuzz=0
I/KeyInputQueue(   61):   Y: min=0 max=799 flat=0 fuzz=0
I/KeyInputQueue(   61):   Pressure: unknown values
I/KeyInputQueue(   61):   Size: unknown values
I/KeyInputQueue(   61): No virtual keys found
D/qemud   (   38): fdhandler_accept_event: accepting on fd 10
D/qemud   (   38): created client 0xc038 listening on fd 13
D/qemud   (   38): client_fd_receive: attempting registration for service 'sensors'
D/qemud   (   38): client_fd_receive:    -> received channel id 5
D/qemud   (   38): client_registration: registration succeeded for client 5
D/qemud   (   38): fdhandler_event: disconnect on fd 13
D/qemud   (   38): fdhandler_accept_event: accepting on fd 10
D/qemud   (   38): created client 0xc038 listening on fd 13
D/qemud   (   38): client_fd_receive: attempting registration for service 'sensors'
D/qemud   (   38): client_fd_receive:    -> received channel id 6
D/qemud   (   38): client_registration: registration succeeded for client 6
D/qemud   (   38): fdhandler_event: disconnect on fd 13
I/SystemServer(   61): Registering null Bluetooth Service (emulator)
E/System  (   61): Failure starting core service
E/System  (   61): java.lang.SecurityException
E/System  (   61): 	at android.os.BinderProxy.transact(Native Method)
E/System  (   61): 	at android.os.ServiceManagerProxy.addService(ServiceManagerNative.java:146)
E/System  (   61): 	at android.os.ServiceManager.addService(ServiceManager.java:72)
E/System  (   61): 	at com.android.server.ServerThread.run(SystemServer.java:184)
I/SystemServer(   61): Device Policy
I/SystemServer(   61): Status Bar
I/SystemServer(   61): Clipboard Service
I/SystemServer(   61): Input Method Service
I/InputManagerService(   61): Enabled input methods: com.android.inputmethod.latin/.LatinIME:com.android.inputmethod.pinyin/.PinyinIME:jp.co.omronsoft.openwnn/.OpenWnnJAJP
I/SystemServer(   61): NetStat Service
I/SystemServer(   61): NetworkManagement Service
I/SystemServer(   61): Connectivity Service
V/ConnectivityService(   61): ConnectivityService starting up
D/ConnectivityService(   61): getMobileDataEnabled returning true
V/ConnectivityService(   61): Starting Wifi Service.
I/WifiService(   61): WifiService starting up with Wi-Fi disabled
D/Tethering(   61): Tethering starting
D/NetworkManagmentService(   61): Registering observer
I/SystemServer(   61): Throttle Service
I/SystemServer(   61): Accessibility Manager
I/SystemServer(   61): Mount Service
I/SystemServer(   61): Notification Manager
I/SystemServer(   61): Device Storage Monitor
D/VoldCmdListener(   29): volume list
I/PackageManager(   61): Updating external media status from unmounted to unmounted
I/SystemServer(   61): Location Manager
D/dalvikvm(   61): GC_FOR_MALLOC freed 4484 objects / 269400 bytes in 157ms
D/VoldCmdListener(   29): share status ums
I/SystemServer(   61): Search Service
I/SystemServer(   61): DropBox Service
I/SystemServer(   61): Wallpaper Service
I/SystemServer(   61): Audio Service
D/AudioHardwareInterface(   34): setMode(NORMAL)
W/AudioPolicyManagerBase(   34): setPhoneState() setting same state 0
E/SoundPool(   61): error loading /system/media/audio/ui/Effect_Tick.ogg
W/AudioService(   61): Soundpool could not load file: /system/media/audio/ui/Effect_Tick.ogg
E/SoundPool(   61): error loading /system/media/audio/ui/KeypressStandard.ogg
W/AudioService(   61): Soundpool could not load file: /system/media/audio/ui/KeypressStandard.ogg
E/SoundPool(   61): error loading /system/media/audio/ui/KeypressSpacebar.ogg
W/AudioService(   61): Soundpool could not load file: /system/media/audio/ui/KeypressSpacebar.ogg
E/SoundPool(   61): error loading /system/media/audio/ui/KeypressDelete.ogg
W/AudioService(   61): Soundpool could not load file: /system/media/audio/ui/KeypressDelete.ogg
E/SoundPool(   61): error loading /system/media/audio/ui/KeypressReturn.ogg
W/AudioService(   61): Soundpool could not load file: /system/media/audio/ui/KeypressReturn.ogg
I/SystemServer(   61): Headset Observer
W/HeadsetObserver(   61): This kernel does not have wired headset support
I/SystemServer(   61): Dock Observer
W/DockObserver(   61): This kernel does not have dock station support
I/SystemServer(   61): UI Mode Manager Service
I/SystemServer(   61): Backup Service
V/BackupManagerService(   61): No ancestral data
I/BackupManagerService(   61): Found stale backup journal, scheduling:
I/BackupManagerService(   61):     + com.android.inputmethod.latin
I/BackupManagerService(   61):     + com.android.browser
I/BackupManagerService(   61):     + com.android.providers.userdictionary
I/BackupManagerService(   61):     + android
I/BackupManagerService(   61):     + com.android.providers.settings
I/BackupManagerService(   61): Backup enabled => false
I/SystemServer(   61): AppWidget Service
I/SystemServer(   61): Recognition Service
D/VoldCmdListener(   29): share status ums
D/StorageNotification(   61): Startup with UMS connection false (media state unmounted)
I/SystemServer(   61): DiskStats Service
I/WindowManager(   61): SAFE MODE not enabled
W/DevicePolicyManagerService(   61): failed parsing /data/system/device_policies.xml java.io.FileNotFoundException: /data/system/device_policies.xml (No such file or directory)
I/ActivityManager(   61): Config changed: { scale=1.0 imsi=0/0 loc=en_US touch=3 keys=2/1/2 nav=3/1 orien=1 layout=35 uiMode=0 seq=1}
D/PowerManagerService(   61): system ready!
I/ActivityManager(   61): Sending system update to: ComponentInfo{com.android.providers.calendar/com.android.providers.calendar.CalendarUpgradeReceiver}
I/ActivityManager(   61): Sending system update to: ComponentInfo{com.android.providers.contacts/com.android.providers.contacts.ContactsUpgradeReceiver}
I/Zygote  (   61): Process: zygote socket opened
I/ActivityManager(   61): Start proc com.android.providers.calendar for broadcast com.android.providers.calendar/.CalendarUpgradeReceiver: pid=99 uid=10004 gids={3003}
W/StatusBar(   61): No icon ID for slot ime
I/ActivityManager(   61): Launching preboot mode app: ProcessRecord{450ca7a8 99:com.android.providers.calendar/10004}
D/qemud   (   38): fdhandler_accept_event: accepting on fd 10
D/qemud   (   38): created client 0xc038 listening on fd 13
D/qemud   (   38): client_fd_receive: attempting registration for service 'sensors'
D/qemud   (   38): client_fd_receive:    -> received channel id 7
D/qemud   (   38): client_registration: registration succeeded for client 7
I/ActivityManager(   61): Starting activity: Intent { act=android.intent.action.MAIN cat=[android.intent.category.HOME] flg=0x10000000 cmp=com.android.launcher/com.android.launcher2.Launcher }
I/ARMAssembler(   61): generated scanline__00000177:03515104_00001001_00000000 [ 91 ipp] (114 ins) at [0x2b9130:0x2b92f8] in 5515638 ns
D/StatusBar(   61): DISABLE_EXPAND: yes
D/dalvikvm(   61): GC_FOR_MALLOC freed 4662 objects / 268008 bytes in 112ms
I/ActivityManager(   61): Start proc android.process.acore for broadcast com.android.providers.contacts/.ContactsUpgradeReceiver: pid=106 uid=10009 gids={3003, 1015}
I/ARMAssembler(   61): generated scanline__00000177:03515104_00000001_00000000 [ 73 ipp] (95 ins) at [0x2ba728:0x2ba8a4] in 435769 ns
I/ActivityManager(   61): Launching preboot mode app: ProcessRecord{44fe5ef0 106:android.process.acore/10009}
I/ActivityManager(   61): Removing system update proc: ProcessRecord{450ca7a8 99:com.android.providers.calendar/10004}
I/Process (   61): Sending signal. PID: 99 SIG: 9
I/ActivityManager(   61): Removing system update proc: ProcessRecord{44fe5ef0 106:android.process.acore/10009}
I/Process (   61): Sending signal. PID: 106 SIG: 9
I/ActivityManager(   61): System now ready
I/SystemServer(   61): Making services ready
I/ActivityManager(   61): Config changed: { scale=1.0 imsi=0/0 loc=en_US touch=3 keys=2/1/2 nav=3/1 orien=1 layout=35 uiMode=17 seq=2}
W/RecognitionManagerService(   61): no available voice recognition services found
I/ActivityManager(   61): Start proc jp.co.omronsoft.openwnn for service jp.co.omronsoft.openwnn/.OpenWnnJAJP: pid=123 uid=10031 gids={}
D/libhardware_legacy(   61): using QEMU GPS Hardware emulation
D/NetworkManagmentService(   61): Registering observer
E/ThrottleService(   61): Could not open GPS configuration file /etc/gps.conf
I/ActivityManager(   61): Start proc com.android.phone for added application com.android.phone: pid=128 uid=1001 gids={3002, 3001, 3003, 1015}
I/ActivityManager(   61): Start proc com.android.launcher for activity com.android.launcher/com.android.launcher2.Launcher: pid=129 uid=10022 gids={}
I/ActivityManager(   61): Start proc com.android.settings for broadcast com.android.settings/.widget.SettingsAppWidgetProvider: pid=132 uid=1000 gids={3002, 3001, 3003}
W/GpsLocationProvider(   61): Could not open GPS configuration file /etc/gps.conf
E/logwrapper(  143): executing /system/bin/tc failed: No such file or directory
I/logwrapper(   30): /system/bin/tc terminated by exit(255)
W/ActivityManager(   61): Unable to start service Intent { act=@0 }: not found
E/logwrapper(  149): executing /system/bin/tc failed: No such file or directory
I/logwrapper(   30): /system/bin/tc terminated by exit(255)
E/logwrapper(  151): executing /system/bin/tc failed: No such file or directory
I/logwrapper(   30): /system/bin/tc terminated by exit(255)
D/dalvikvm(   61): GC_EXTERNAL_ALLOC freed 3845 objects / 248736 bytes in 294ms
W/ActivityManager(   61): Unable to start service Intent { act=@0 }: not found
I/ActivityThread(  129): Publishing provider com.android.launcher2.settings: com.android.launcher2.LauncherProvider
D/qemud   (   38): fdhandler_accept_event: accepting on fd 10
D/qemud   (   38): created client 0xc088 listening on fd 14
D/qemud   (   38): client_fd_receive: attempting registration for service 'gps'
D/qemud   (   38): client_fd_receive:    -> received channel id 8
D/qemud   (   38): client_registration: registration succeeded for client 8
I/ARMAssembler(   61): generated scanline__00000077:03545404_00000004_00000000 [ 47 ipp] (67 ins) at [0x2cf2a0:0x2cf3ac] in 660968 ns
I/ActivityThread(  128): Publishing provider mms: com.android.providers.telephony.MmsProvider
I/ActivityThread(  128): Publishing provider sms: com.android.providers.telephony.SmsProvider
D/dalvikvm(  129): GC_EXTERNAL_ALLOC freed 1030 objects / 75112 bytes in 490ms
I/ActivityThread(  128): Publishing provider telephony: com.android.providers.telephony.TelephonyProvider
I/ActivityThread(  128): Publishing provider icc: com.android.phone.IccProvider
D/dalvikvm(  123): No JNI_OnLoad found in /system/lib/libwnndict.so 0x44f51d00, skipping init
I/ARMAssembler(   61): generated scanline__00000077:03010104_00000004_00000000 [ 22 ipp] (41 ins) at [0x3140b8:0x31415c] in 365322 ns
I/ActivityThread(  128): Publishing provider mms-sms: com.android.providers.telephony.MmsSmsProvider
D/dalvikvm(  123): GC_FOR_MALLOC freed 1435 objects / 243688 bytes in 623ms
D/ConnectivityService(   61): getMobileDataEnabled returning true
D/dalvikvm(  123): GC_FOR_MALLOC freed 390 objects / 385408 bytes in 359ms
I/ActivityManager(   61): Start proc android.process.acore for content provider com.android.providers.contacts/.CallLogProvider: pid=166 uid=10009 gids={3003, 1015}
D/PhoneApp(  128): onCreate: mProximityWakeLock: null
W/ActivityManager(   61): Unable to start service Intent { act=com.android.ussd.IExtendedNetworkService }: not found
D/PhoneApp(  128): Resetting audio state/mode: IDLE
D/AlarmManagerService(   61): Kernel timezone updated to 0 minutes west of GMT
D/SystemClock(  128): Setting time of day to sec=1313571793
I/ActivityManager(   61): Start proc com.android.alarmclock for broadcast com.android.alarmclock/.AlarmInitReceiver: pid=172 uid=10000 gids={}
W/SystemClock(  128): Unable to set rtc to 1313571793: Invalid argument
I/ActivityThread(  166): Publishing provider com.android.social: com.android.providers.contacts.SocialProvider
D/MobileDataStateTracker(   61): default Received state= DISCONNECTED, old= DISCONNECTED, reason= radioTurnedOff, apnTypeList= default
D/MobileDataStateTracker(   61): default Received state= DISCONNECTED, old= DISCONNECTED, reason= gprsDetached, apnTypeList= default
I/ActivityThread(  166): Publishing provider applications: com.android.providers.applications.ApplicationsProvider
D/dalvikvm(   61): GREF has increased to 201
I/WindowManager(   61): Timeout waiting for wallpaper to offset: Window{450e5f40 com.android.internal.service.wallpaper.ImageWallpaper paused=false}
D/dalvikvm(  128): GC_FOR_MALLOC freed 3687 objects / 222440 bytes in 585ms
I/ActivityThread(  172): Publishing provider com.android.alarmclock: com.android.alarmclock.AlarmProvider
I/ActivityThread(  166): Publishing provider contacts;com.android.contacts: com.android.providers.contacts.ContactsProvider2
D/MobileDataStateTracker(   61): default Received state= DISCONNECTED, old= DISCONNECTED, reason= (unspecified), apnTypeList= default
D/MccTable(  128): updateMccMncConfiguration: mcc=310, mnc=260
D/MccTable(  128): locale set to en_us
D/MccTable(  128): WIFI_NUM_ALLOWED_CHANNELS set to 11
I/WifiService(   61): WifiService trying to setNumAllowed to 11 with persist set to true
I/ActivityManager(   61): Config changed: { scale=1.0 imsi=310/260 loc=en_US touch=3 keys=2/1/2 nav=3/1 orien=1 layout=35 uiMode=17 seq=3}
I/UsageStats(   61): Unexpected resume of com.android.launcher while already resumed in com.android.launcher
I/ActivityManager(   61): Start proc com.android.quicksearchbox for broadcast com.android.quicksearchbox/.SearchWidgetProvider: pid=184 uid=10016 gids={3003}
D/dalvikvm(   33): GC_EXPLICIT freed 262 objects / 9928 bytes in 266ms
D/TelephonyProvider(  128): Setting numeric '310260' to be the current operator
D/MobileDataStateTracker(   61): default Received state= CONNECTING, old= DISCONNECTED, reason= simLoaded, apnTypeList= *
D/NetworkStateTracker(   61): setDetailed state, old =IDLE and new state=CONNECTING
D/ConnectivityService(   61): ConnectivityChange for mobile: CONNECTING/CONNECTING
D/MobileDataStateTracker(   61): replacing old mInterfaceName (null) with /dev/omap_csmi_tty1 for hipri
D/MobileDataStateTracker(   61): replacing old mInterfaceName (null) with /dev/omap_csmi_tty1 for supl
D/MobileDataStateTracker(   61): replacing old mInterfaceName (null) with /dev/omap_csmi_tty1 for mms
D/MobileDataStateTracker(   61): default Received state= CONNECTED, old= CONNECTING, reason= simLoaded, apnTypeList= *
D/NetworkStateTracker(   61): setDetailed state, old =CONNECTING and new state=CONNECTED
D/ConnectivityService(   61): ConnectivityChange for mobile: CONNECTED/CONNECTED
V/NetworkStateTracker(   61): Setting TCP values: [4094,87380,110208,4096,16384,110208] which comes from [net.tcp.buffersize.umts]
D/ConnectivityService(   61): adding dns 10.0.2.3 for mobile
D/Tethering(   61): Tethering got CONNECTIVITY_ACTION
D/Tethering(   61): MasterInitialState.processMessage what=3
E/HierarchicalStateMachine(   61): TetherMaster - unhandledMessage: msg.what=3
D/dalvikvm(   33): GC_EXPLICIT freed 40 objects / 1736 bytes in 493ms
D/dalvikvm(   33): GC_EXPLICIT freed 2 objects / 48 bytes in 171ms
I/ActivityThread(  184): Publishing provider com.android.quicksearchbox.google: com.android.quicksearchbox.google.GoogleSuggestionProvider
D/SntpClient(   61): request time failed: java.net.SocketException: Address family not supported by protocol
I/ActivityManager(   61): Start proc com.android.music for broadcast com.android.music/.MediaAppWidgetProvider: pid=192 uid=10012 gids={3003, 1015}
I/ActivityThread(  166): Publishing provider call_log: com.android.providers.contacts.CallLogProvider
I/ActivityThread(  166): Publishing provider user_dictionary: com.android.providers.userdictionary.UserDictionaryProvider
I/ActivityManager(   61): Start proc com.android.protips for broadcast com.android.protips/.ProtipWidget: pid=202 uid=10008 gids={}
I/SurfaceFlinger(   61): Boot is finished (16858 ms)
D/PowerManagerService(   61): bootCompleted
D/VoldCmdListener(   29): volume mount /mnt/sdcard
I/Vold    (   29): /dev/block/vold/179:0 being considered for volume sdcard
D/Vold    (   29): Volume sdcard state changing 1 (Idle-Unmounted) -> 3 (Checking)
I/StorageNotification(   61): Media {/mnt/sdcard} state changed from {unmounted} -> {checking}
D/dalvikvm(   61): GC_FOR_MALLOC freed 7810 objects / 428976 bytes in 110ms
I/ActivityManager(   61): Start proc android.process.media for broadcast com.android.providers.downloads/.DownloadReceiver: pid=211 uid=10001 gids={1015, 2001, 3003}
I/ActivityThread(  211): Publishing provider media: com.android.providers.media.MediaProvider
V/MediaProvider(  211): Attached volume: internal
I/ActivityThread(  211): Publishing provider downloads: com.android.providers.downloads.DownloadProvider
I/ActivityThread(  211): Publishing provider drm: com.android.providers.drm.DrmProvider
D/OtaStartupReceiver(  128): Not a CDMA phone, no need to process OTA
I/RecoverySystem(   61): No recovery log file
I/ActivityManager(   61): Start proc com.android.providers.calendar for broadcast com.android.providers.calendar/.CalendarReceiver: pid=222 uid=10004 gids={3003}
I/ActivityThread(  222): Publishing provider com.android.calendar: com.android.providers.calendar.CalendarProvider2
I/ActivityManager(   61): Start proc com.android.bluetooth for broadcast com.android.bluetooth/.opp.BluetoothOppReceiver: pid=231 uid=10015 gids={3003, 3002, 3001, 1015}
I/SearchManagerService(   61): Building list of searchable activities
I/ActivityThread(  231): Publishing provider com.android.bluetooth.opp: com.android.bluetooth.opp.BluetoothOppProvider
I/ActivityManager(   61): Start pr