D/AndroidRuntime(  209): >>>>>>>>>>>>>> AndroidRuntime START <<<<<<<<<<<<<<
D/AndroidRuntime(  209): CheckJNI is ON
D/dalvikvm(   60): GC_EXPLICIT freed 5887 objects / 281048 bytes in 126ms
D/OtaStartupReceiver(  112): Not a CDMA phone, no need to process OTA
D/KeyguardViewMediator(   60): pokeWakelock(5000)
I/RecoverySystem(   60): No recovery log file
I/ActivityManager(   60): Displayed activity com.android.launcher/com.android.launcher2.Launcher: 13120 ms (total 13120 ms)
I/ActivityManager(   60): Start proc com.android.mms for broadcast com.android.mms/.transaction.MmsSystemEventReceiver: pid=221 uid=10015 gids={3003, 1015}
D/AndroidRuntime(  209): --- registering native functions ---
I//system/bin/fsck_msdos(   29): ** Phase 1 - Read and Compare FATs
I/ActivityThread(  221): Publishing provider com.android.mms.SuggestionsProvider: com.android.mms.SuggestionsProvider
I//system/bin/fsck_msdos(   29): Attempting to allocate 998 KB for FAT
D/MediaScannerService(  210): start scanning volume internal
I/ActivityManager(   60): Start proc com.android.email for broadcast com.android.email/com.android.exchange.BootReceiver: pid=240 uid=10030 gids={3003, 1015}
I/ActivityThread(  240): Publishing provider com.android.email.provider: com.android.email.provider.EmailProvider
I/ActivityThread(  240): Publishing provider com.android.email.attachmentprovider: com.android.email.provider.AttachmentProvider
I/ActivityThread(  240): Publishing provider com.android.exchange.provider: com.android.exchange.provider.ExchangeProvider
I/ActivityManager(   60): Start proc com.android.defcontainer for service com.android.defcontainer/.DefaultContainerService: pid=249 uid=10010 gids={1015, 2001}
D/Exchange(  240): BootReceiver onReceive
D/EAS SyncManager(  240): !!! EAS SyncManager, onCreate
D/EAS SyncManager(  240): !!! EAS SyncManager, onStartCommand
D/EAS SyncManager(  240): !!! EAS SyncManager, stopping self
D/Eas Debug(  240): Logging: 
D/EAS SyncManager(  240): !!! EAS SyncManager, onDestroy
D/dalvikvm(  249): GC_EXPLICIT freed 716 objects / 53680 bytes in 187ms
I//system/bin/fsck_msdos(   29): Attempting to allocate 998 KB for FAT
D/MediaScanner(  210):  prescan time: 1599ms
D/MediaScanner(  210):     scan time: 150ms
D/MediaScanner(  210): postscan time: 166ms
D/MediaScanner(  210):    total time: 1915ms
D/MediaScannerService(  210): done scanning volume internal
I//system/bin/fsck_msdos(   29): ** Phase 2 - Check Cluster Chains
I//system/bin/fsck_msdos(   29): ** Phase 3 - Checking Directories
I//system/bin/fsck_msdos(   29): ** Phase 4 - Checking for Lost Files
I//system/bin/fsck_msdos(   29): 3 files, 509980 free (254990 clusters)
I/logwrapper(   29): /system/bin/fsck_msdos terminated by exit(0)
I/Vold    (   29): Filesystem check completed OK
I/Vold    (   29): Device /dev/block/vold/179:0, target /mnt/sdcard mounted @ /mnt/secure/staging
D/Vold    (   29): Volume sdcard state changing 3 (Checking) -> 4 (Mounted)
I/PackageManager(   60): Updating external media status from unmounted to mounted
I/StorageNotification(   60): Media {/mnt/sdcard} state changed from {checking} -> {mounted}
D/MediaScannerService(  210): start scanning volume external
V/MediaProvider(  210): /mnt/sdcard volume ID: 269566224
V/MediaProvider(  210): Attached volume: external
V/MediaScanner(  210): pruneDeadThumbnailFiles... android.database.sqlite.SQLiteCursor@44f1f920
V/MediaScanner(  210): /pruneDeadThumbnailFiles... android.database.sqlite.SQLiteCursor@44f1f920
D/MediaScanner(  210):  prescan time: 78ms
D/MediaScanner(  210):     scan time: 2ms
D/MediaScanner(  210): postscan time: 21ms
D/MediaScanner(  210):    total time: 101ms
D/MediaScannerService(  210): done scanning volume external
I/Launcher.Model(  123): not binding apps: no Launcher activity
D/dalvikvm(  123): GC_EXPLICIT freed 4772 objects / 263736 bytes in 91ms
D/VoldCmdListener(   29): asec list
I/PackageManager(   60): No secure containers on sdcard
W/PackageManager(   60): Unknown permission com.google.android.googleapps.permission.GOOGLE_AUTH.mail in package com.android.contacts
D/dalvikvm(  123): GC_EXPLICIT freed 11148 objects / 546536 bytes in 77ms
W/PackageManager(   60): Unknown permission android.permission.ADD_SYSTEM_SERVICE in package com.android.phone
W/PackageManager(   60): Not granting permission android.permission.SEND_DOWNLOAD_COMPLETED_INTENTS to package com.android.browser (protectionLevel=2 flags=0x1be45)
W/PackageManager(   60): Unknown permission com.google.android.gm.permission.WRITE_GMAIL in package com.android.settings
W/PackageManager(   60): Unknown permission com.google.android.gm.permission.READ_GMAIL in package com.android.settings
W/PackageManager(   60): Unknown permission com.google.android.googleapps.permission.GOOGLE_AUTH in package com.android.settings
W/PackageManager(   60): Unknown permission com.google.android.googleapps.permission.GOOGLE_AUTH in package com.android.providers.contacts
W/PackageManager(   60): Unknown permission com.google.android.googleapps.permission.GOOGLE_AUTH.cp in package com.android.providers.contacts
W/PackageManager(   60): Unknown permission com.google.android.googleapps.permission.ACCESS_GOOGLE_PASSWORD in package com.android.development
W/PackageManager(   60): Unknown permission com.google.android.googleapps.permission.GOOGLE_AUTH in package com.android.development
W/PackageManager(   60): Unknown permission com.google.android.googleapps.permission.GOOGLE_AUTH.ALL_SERVICES in package com.android.development
W/PackageManager(   60): Unknown permission com.google.android.googleapps.permission.GOOGLE_AUTH.YouTubeUser in package com.android.development
D/PackageParser(   60): Scanning package: /data/app/vmdl26445.tmp
D/dalvikvm(   60): GC_FOR_MALLOC freed 6969 objects / 431872 bytes in 90ms
D/dalvikvm(   60): GC_FOR_MALLOC freed 10990 objects / 615144 bytes in 81ms
I/PackageManager(   60): Removing non-system package:com.rhomobile.mydailyrhodes
I/ActivityManager(   60): Force stopping package com.rhomobile.mydailyrhodes uid=10037
D/PackageManager(   60): Scanning package com.rhomobile.mydailyrhodes
I/PackageManager(   60): Package com.rhomobile.mydailyrhodes codePath changed from /data/app/com.rhomobile.mydailyrhodes-1.apk to /data/app/com.rhomobile.mydailyrhodes-2.apk; Retaining data and using new
I/PackageManager(   60): /data/app/com.rhomobile.mydailyrhodes-2.apk changed; unpacking
D/PackageManager(   60): Caching shared lib lib/armeabi/librhodes.so
D/installd(   35): DexInv: --- BEGIN '/data/app/com.rhomobile.mydailyrhodes-2.apk' ---
D/dalvikvm(  263): DexOpt: load 419ms, verify 574ms, opt 14ms
D/installd(   35): DexInv: --- END '/data/app/com.rhomobile.mydailyrhodes-2.apk' (success) ---
W/PackageManager(   60): Code path for pkg : com.rhomobile.mydailyrhodes changing from /data/app/com.rhomobile.mydailyrhodes-1.apk to /data/app/com.rhomobile.mydailyrhodes-2.apk
W/PackageManager(   60): Resource path for pkg : com.rhomobile.mydailyrhodes changing from /data/app/com.rhomobile.mydailyrhodes-1.apk to /data/app/com.rhomobile.mydailyrhodes-2.apk
D/PackageManager(   60): Registered content provider: com.rhomobile.mydailyrhodes, className = com.rhomobile.rhodes.LocalFileProvider, isSyncable = false
D/PackageManager(   60):   Providers: com.rhomobile.rhodes.LocalFileProvider
D/PackageManager(   60):   Services: com.rhomobile.rhodes.RhodesService
D/PackageManager(   60):   Activities: com.rhomobile.rhodes.RhodesActivity com.rhomobile.rhodes.alert.PopupActivity com.rhomobile.rhodes.camera.FileList com.rhomobile.rhodes.camera.ImageCapture com.rhomobile.rhodes.signature.ImageCapture com.rhomobile.rhodes.datetime.DateTimePickerScreen com.rhomobile.rhodes.mapview.MapView com.rhomobile.rhodes.mapview.GoogleMapView com.rhomobile.rhodes.bluetooth.RhoBluetoothDeviceListActivity
I/ActivityManager(   60): Force stopping package com.rhomobile.mydailyrhodes uid=10037
I/installd(   35): move /data/dalvik-cache/data@app@com.rhomobile.mydailyrhodes-2.apk@classes.dex -> /data/dalvik-cache/data@app@com.rhomobile.mydailyrhodes-2.apk@classes.dex
D/PackageManager(   60): New package installed in /data/app/com.rhomobile.mydailyrhodes-2.apk
I/ActivityManager(   60): Force stopping package com.rhomobile.mydailyrhodes uid=10037
D/dalvikvm(  123): GC_EXPLICIT freed 173 objects / 7280 bytes in 63ms
D/dalvikvm(   60): GC_FOR_MALLOC freed 9212 objects / 525536 bytes in 95ms
I/ActivityManager(   60): Start proc com.svox.pico for broadcast com.svox.pico/.VoiceDataInstallerReceiver: pid=265 uid=10028 gids={}
W/RecognitionManagerService(   60): no available voice recognition services found
D/dalvikvm(   60): GC_EXPLICIT freed 10286 objects / 553296 bytes in 1250ms
D/dalvikvm(  160): GC_EXPLICIT freed 4195 objects / 254648 bytes in 1907ms
I/installd(   35): unlink /data/dalvik-cache/data@app@com.rhomobile.mydailyrhodes-1.apk@classes.dex
D/AndroidRuntime(  209): Shutting down VM
D/dalvikvm(  209): Debugger has detached; object registry had 1 entries
I/AndroidRuntime(  209): NOTE: attach of thread 'Binder Thread #3' failed
I/ActivityThread(  265): Publishing provider com.svox.pico.providers.SettingsProvider: com.svox.pico.providers.SettingsProvider
D/AndroidRuntime(  275): 
D/AndroidRuntime(  275): >>>>>>>>>>>>>> AndroidRuntime START <<<<<<<<<<<<<<
D/AndroidRuntime(  275): CheckJNI is ON
D/AndroidRuntime(  275): --- registering native functions ---
I/ActivityManager(   60): Starting activity: Intent { act=android.intent.action.MAIN flg=0x10000000 cmp=com.rhomobile.mydailyrhodes/com.rhomobile.rhodes.RhodesActivity }
D/AndroidRuntime(  275): Shutting down VM
D/jdwp    (  275): Got wake-up signal, bailing out of select
D/dalvikvm(  275): Debugger has detached; object registry had 1 entries
I/ActivityManager(   60): Start proc com.rhomobile.mydailyrhodes for activity com.rhomobile.mydailyrhodes/com.rhomobile.rhodes.RhodesActivity: pid=282 uid=10037 gids={3003}
D/dalvikvm(  282): Trying to load lib /data/data/com.rhomobile.mydailyrhodes/lib/librhodes.so 0x44edf560
D/dalvikvm(  282): Added shared lib /data/data/com.rhomobile.mydailyrhodes/lib/librhodes.so 0x44edf560
I/ActivityThread(  282): Publishing provider com.rhomobile.mydailyrhodes: com.rhomobile.rhodes.LocalFileProvider
I/RhodesActivity(  282): >>>>>>>>>>>>>>> onCreate()
D/RhodesActivity(  282): RhodesActivity.onStart()
D/RhodesActivity(  282): RhodesActivity.onResume()
D/RhodesService(  282): Root path: /data/data/com.rhomobile.mydailyrhodes/rhodata/
D/RhodesService(  282): Sqlite journals path: /data/data/com.rhomobile.mydailyrhodes/sqlite_stmt_journals/
I/global  (  282): Default buffer size used in BufferedReader constructor. It would be better to be explicit if an 8k-char buffer is required.
I/RhodesService(  282): Application hash was changed
W/ActivityManager(   60): No content provider found for: 
D/RhodesService(  282): Root path: /data/data/com.rhomobile.mydailyrhodes/rhodata/
D/RhodesService(  282): Sqlite journals path: /data/data/com.rhomobile.mydailyrhodes/sqlite_stmt_journals/
I/global  (  282): Default buffer size used in BufferedReader constructor. It would be better to be explicit if an 8k-char buffer is required.
I/APP     (  282): I 08/16/2011 17:14:26:919 afd48828            RhodesApp| Trying to get free listening port.
I/APP     (  282): I 08/16/2011 17:14:26:939 afd48828            RhodesApp| Trying to bind of 0 port...
I/APP     (  282): I 08/16/2011 17:14:26:950 afd48828            RhodesApp| Got port to bind on: 60590
I/APP     (  282): I 08/16/2011 17:14:26:949 0022f108         AppCallbacks| Starting main routine...
I/APP     (  282): I 08/16/2011 17:14:26:954 0022f108         AppCallbacks| ThreadQueue blocked for 300 seconds...
I/APP     (  282): I 08/16/2011 17:14:26:957 afd48828            RhodesApp| Free listening port: 60590
D/dalvikvm(  282): GC_FOR_MALLOC freed 5447 objects / 347368 bytes in 64ms
I/APP     (  282): I 08/16/2011 17:14:27:083 afd48828               Rhodes| Loading...
I/APP     (  282): I 08/16/2011 17:14:28:250 afd48828            RhodesApp| callAppActiveCallback
I/APP     (  282): I 08/16/2011 17:14:28:251 afd48828         AppCallbacks| addCommand: APP-ACTIVATED
I/APP     (  282): I 08/16/2011 17:14:28:254 0022f108         AppCallbacks| Received command APP-ACTIVATED which is greater than expected (LOCAL-SERVER-STARTED) - postpone it
I/APP     (  282): I 08/16/2011 17:14:28:254 0022f108         AppCallbacks| ThreadQueue blocked for 300 seconds...
I/APP     (  282): I 08/16/2011 17:14:28:255 afd48828         AppActivated| Cannot commit now, application will be activated when started.
I/APP     (  282): I 08/16/2011 17:14:28:256 afd48828            Undefined| Handlers have completed.
I/APP     (  282): I 08/16/2011 17:14:28:258 afd48828    RhodesApplication| New AppState: Undefined
I/APP     (  282): I 08/16/2011 17:14:28:263 afd48828        RhodesService| handleCommand: startId=1, source=com.rhomobile.rhodes.BaseActivity
I/APP     (  282): I 08/16/2011 17:14:28:265 0025cec8            RhodesApp| Starting RhodesApp main routine...
I/APP     (  282): I 08/16/2011 17:14:28:266 afd48828        RhodesService| New activity was created
I/APP     (  282): I 08/16/2011 17:14:28:433 afd48828         AppCallbacks| addCommand: UI-CREATED
I/APP     (  282): I 08/16/2011 17:14:28:447 0022f108         AppCallbacks| Received command UI-CREATED which is greater than expected (LOCAL-SERVER-STARTED) - postpone it
I/APP     (  282): I 08/16/2011 17:14:28:448 0022f108         AppCallbacks| ThreadQueue blocked for 300 seconds...
I/APP     (  282): I 08/16/2011 17:14:29:148 afd48828       RhodesActivity| onServiceConnected: {com.rhomobile.mydailyrhodes/com.rhomobile.rhodes.RhodesService}
I/APP     (  282): I 08/16/2011 17:14:30:141 0025cec8              RhoRuby| Init_RhoBlobs: /data/data/com.rhomobile.mydailyrhodes/rhodata/db/db-files
I/APP     (  282): I 08/16/2011 17:14:30:169 0025cec8              RhoRuby| require_compiled: rhoframework
I/APP     (  282): I 08/16/2011 17:14:30:361 0025cec8              RhoRuby| require_compiled: rational
I/APP     (  282): I 08/16/2011 17:14:30:368 0025cec8              RhoRuby| require_compiled: rhom/rhom_db_adapter
I/APP     (  282): I 08/16/2011 17:14:30:607 0025cec8              RhoRuby| require_compiled: rhodes
I/ActivityManager(   60): Displayed activity com.rhomobile.mydailyrhodes/com.rhomobile.rhodes.RhodesActivity: 5919 ms (total 5919 ms)
I/APP     (  282): I 08/16/2011 17:14:30:646 0025cec8              RhoRuby| require_compiled: rhom/rhom_object
I/APP     (  282): I 08/16/2011 17:14:30:685 0025cec8              RhoRuby| require_compiled: rhofsconnector
I/APP     (  282): I 08/16/2011 17:14:30:688 0025cec8              RhoRuby| require_compiled: rho/rhofsconnector
I/APP     (  282): I 08/16/2011 17:14:30:704 0025cec8              RhoRuby| require_compiled: rhom/rhom_object_factory
