I/APP     (  284): I 08/17/2011 07:54:29:359 0012a550                  APP| Current locale: en; Country code: us
I/APP     (  284): I 08/17/2011 07:54:29:360 0012a550                  APP| file: /data/data/com.rhomobile.mydailyrhodes/rhodata/lib/rholang/rhomsg_
I/APP     (  284): I 08/17/2011 07:54:29:361 0012a550              RhoRuby| require_compiled: /data/data/com.rhomobile.mydailyrhodes/rhodata/lib/rholang/rhomsg_en
I/APP     (  284): I 08/17/2011 07:54:29:369 0012a550              RhoRuby| require_compiled: rho/rhotabbar
I/APP     (  284): I 08/17/2011 07:54:29:387 0012a550              RhoRuby| require_compiled: rho/rhotoolbar
I/APP     (  284): I 08/17/2011 07:54:29:393 0012a550              RhoRuby| require_compiled: indifferent_access
I/APP     (  284): I 08/17/2011 07:54:29:418 0012a550              RhoRuby| require_compiled: rho/rhosupport
I/APP     (  284): I 08/17/2011 07:54:29:446 0012a550              RhoRuby| require_compiled: rho/rhocontroller
I/APP     (  284): I 08/17/2011 07:54:29:468 0012a550              RhoRuby| require_compiled: rho/render
I/APP     (  284): I 08/17/2011 07:54:29:514 0012a550              RhoRuby| require_compiled: rho/rho
I/APP     (  284): I 08/17/2011 07:54:29:819 0012a550              RhoRuby| require_compiled: rho/rhoerror
I/APP     (  284): I 08/17/2011 07:54:29:830 0012a550                  APP| Current locale: en; Country code: us
I/APP     (  284): I 08/17/2011 07:54:29:830 0012a550                  APP| file: /data/data/com.rhomobile.mydailyrhodes/rhodata/lib/rholang/rhoerror_
I/APP     (  284): I 08/17/2011 07:54:29:834 0012a550              RhoRuby| require_compiled: /data/data/com.rhomobile.mydailyrhodes/rhodata/lib/rholang/rhoerror_en
I/APP     (  284): I 08/17/2011 07:54:29:844 0012a550              RhoRuby| require_compiled: rhom/rhom_source
I/APP     (  284): I 08/17/2011 07:54:29:867 0012a550              RhoRuby| require_compiled: rho/rhoviewhelpers
I/APP     (  284): I 08/17/2011 07:54:29:888 0012a550              RhoRuby| require_compiled: rho
I/APP     (  284): I 08/17/2011 07:54:29:891 0012a550                  APP| RHO loaded
I/APP     (  284): I 08/17/2011 07:54:29:893 0012a550                  APP| Calling RHO.initialize
I/APP     (  284): I 08/17/2011 07:54:29:899 0012a550                  APP| model file: MyTask/my_task
I/APP     (  284): I 08/17/2011 07:54:29:901 0012a550                  APP| model file: MyDay/my_day
I/APP     (  284): I 08/17/2011 07:54:29:906 0012a550                   DB| Open DB: /data/data/com.rhomobile.mydailyrhodes/rhodata/db/syncdbuser.sqlite
I/APP     (  284): I 08/17/2011 07:54:30:227 0012a550            RhodesApp| Starting sync engine...
I/APP     (  284): I 08/17/2011 07:54:30:228 0012a550                 Sync| sync_poll_interval: 0
I/APP     (  284): I 08/17/2011 07:54:30:229 0012a550                 Sync| syncserver: 
I/APP     (  284): I 08/17/2011 07:54:30:230 0012a550                 Sync| bulksync_state: 0
I/APP     (  284): I 08/17/2011 07:54:30:231 0012a550            RhodesApp| RhoRubyInitApp...
I/APP     (  284): I 08/17/2011 07:54:30:231 0012a550                  APP| init_app
I/APP     (  284): I 08/17/2011 07:54:30:233 0012a550              RhoRuby| require_compiled: application
I/APP     (  284): I 08/17/2011 07:54:30:243 0012a550                  APP| Current locale: en; Country code: us
I/APP     (  284): I 08/17/2011 07:54:30:246 0012a550                  APP| on_reinstall_config_update: {"LogToOutput"=>["0", "1"]}
I/APP     (  284): I 08/17/2011 07:54:30:251 0012a550           HttpServer| Start HTTP server
I/APP     (  284): I 08/17/2011 07:54:30:255 0012a550         AppCallbacks| addCommand: LOCAL-SERVER-STARTED
I/APP     (  284): I 08/17/2011 07:54:30:256 00233058         AppCallbacks| process command: LOCAL-SERVER-STARTED
I/APP     (  284): I 08/17/2011 07:54:30:258 00233058           AppStarted| Handlers have completed.
I/APP     (  284): I 08/17/2011 07:54:30:258 00233058         AppActivated| Handlers have completed.
I/APP     (  284): I 08/17/2011 07:54:30:259 00233058    RhodesApplication| New AppState: AppActivated
I/APP     (  284): I 08/17/2011 07:54:30:259 00233058         AppCallbacks| process command: UI-CREATED
I/APP     (  284): I 08/17/2011 07:54:30:285 0012a550           HttpServer| Process URI: '/system/uicreated'
I/APP     (  284): I 08/17/2011 07:54:30:286 0012a550                  APP| on_ui_created.navigate to start url: '/app'
I/APP     (  284): I 08/17/2011 07:54:30:347 00233058         AppCallbacks| process command: APP-ACTIVATED
V/SimpleMainView(  284): ms[1313567670375] processForNativeView : [http://127.0.0.1:57101/app]
I/APP     (  284): I 08/17/2011 07:54:30:409 0012a550           HttpServer| Process URI: '/system/activateapp'
I/APP     (  284): I 08/17/2011 07:54:30:427 00233058         AppCallbacks| ThreadQueue blocked for 300 seconds...
V/SimpleMainView.View(  284): ms[1313567670503]  Main Window :: onSizeChanged() old [ 320 x 455 ]  new [ 0 x 0 ]
I/APP     (  284): I 08/17/2011 07:54:30:971 0012a550           HttpServer| Process URI: '/app'
D/webviewglue(  284): nativeDestroy view: 0x2bc950
D/dalvikvm(  284): GC_FOR_MALLOC freed 3045 objects / 501992 bytes in 57ms
I/APP     (  284): I 08/17/2011 07:54:31:175 0012a550           HttpServer| Process URI: '/app/index_erb.iseq'
I/APP     (  284): I 08/17/2011 07:54:31:180 0012a550                  APP| RHO serve_index: /app/index_erb.iseq
I/APP     (  284): I 08/17/2011 07:54:31:186 0012a550 RHO Rho::RhoController| inst_render_index
I/APP     (  284): I 08/17/2011 07:54:31:207 0012a550 RHO Rho::RhoController| index layout
I/APP     (  284): I 08/17/2011 07:54:31:416 0012a550           HttpServer| Process URI: '/public/jqtouch/jquery.1.3.2.min.js'
I/APP     (  284): I 08/17/2011 07:54:31:502 0012a550           HttpServer| Process URI: '/public/jqtouch/jqtouch.js'
I/APP     (  284): I 08/17/2011 07:54:31:658 0012a550           HttpServer| Process URI: '/public/jqtouch/jqtouch.css'
I/APP     (  284): I 08/17/2011 07:54:31:779 0012a550           HttpServer| Process URI: '/public/css/android.css'
I/ActivityManager(   60): Process android.process.acore (pid 160) has died.
I/APP     (  284): I 08/17/2011 07:54:33:226 0012a550           HttpServer| Process URI: '/public/images/android/disclosure.png'
D/dalvikvm(  284): GC_FOR_MALLOC freed 2802 objects / 478696 bytes in 51ms
D/dalvikvm(  123): Debugger has detached; object registry had 1 entries
D/dalvikvm(  124): Debugger has detached; object registry had 1 entries
D/dalvikvm(   60): Debugger has detached; object registry had 1 entries
D/dalvikvm(  111): Debugger has detached; object registry had 1 entries
D/dalvikvm(  119): Debugger has detached; object registry had 1 entries
D/dalvikvm(  166): Debugger has detached; object registry had 1 entries
D/dalvikvm(  181): Debugger has detached; object registry had 1 entries
D/dalvikvm(  284): Debugger has detached; object registry had 1 entries
D/dalvikvm(  267): Debugger has detached; object registry had 1 entries
D/dalvikvm(  188): Debugger has detached; object registry had 1 entries
D/dalvikvm(  200): Debugger has detached; object registry had 1 entries
D/dalvikvm(  207): Debugger has detached; object registry had 1 entries
D/dalvikvm(  217): Debugger has detached; object registry had 1 entries
D/dalvikvm(  235): Debugger has detached; object registry had 1 entries
D/dalvikvm(  255): Debugger has detached; object registry had 1 entries
I/APP     (  284): I 08/17/2011 07:56:36:946 afd48828      ChromeClientNew| ReferenceError: Can't find variable: $referrer -- From line 581 of http://127.0.0.1:57101/public/jqtouch/jqtouch.js
E/Web Console(  284): ReferenceError: Can't find variable: $referrer at http://127.0.0.1:57101/public/jqtouch/jqtouch.js:581
I/APP     (  284): I 08/17/2011 07:56:37:645 afd48828      ChromeClientNew| ReferenceError: Can't find variable: $referrer -- From line 581 of http://127.0.0.1:57101/public/jqtouch/jqtouch.js
E/Web Console(  284): ReferenceError: Can't find variable: $referrer at http://127.0.0.1:57101/public/jqtouch/jqtouch.js:581
D/AndroidRuntime(  312): 
D/AndroidRuntime(  312): >>>>>>>>>>>>>> AndroidRuntime START <<<<<<<<<<<<<<
D/AndroidRuntime(  312): CheckJNI is ON
V/SimpleMainView(  284): ms[1313567804135] processForNativeView : [http://127.0.0.1:57101/app/Settings]
I/APP     (  284): I 08/17/2011 07:56:44:177 0012a550           HttpServer| Process URI: '/app/Settings'
I/APP     (  284): I 08/17/2011 07:56:44:187 0012a550                  APP| RHO serve: /app/Settings
I/APP     (  284): I 08/17/2011 07:56:44:200 0012a550              RhoRuby| require_compiled: Settings/controller
I/APP     (  284): I 08/17/2011 07:56:44:350 0012a550              RhoRuby| require_compiled: helpers/browser_helper
I/APP     (  284): I 08/17/2011 07:56:44:438 0012a550 RHO SettingsController| Layout file: /data/data/com.rhomobile.mydailyrhodes/rhodata/apps/app/layout_erb.iseq. Content size: 1326
D/AndroidRuntime(  312): --- registering native functions ---
D/dalvikvm(  255): GC_EXPLICIT freed 473 objects / 27536 bytes in 101ms
D/PackageParser(   60): Scanning package: /data/app/vmdl59564.tmp
D/dalvikvm(   60): GC_FOR_MALLOC freed 4261 objects / 394664 bytes in 108ms
I/ActivityManager(   60): Process com.android.alarmclock (pid 166) has died.
D/dalvikvm(   60): GC_FOR_MALLOC freed 9755 objects / 487024 bytes in 97ms
I/PackageManager(   60): Removing non-system package:com.rhomobile.mydailyrhodes
I/ActivityManager(   60): Force stopping package com.rhomobile.mydailyrhodes uid=10037
W/ActivityManager(   60): Scheduling restart of crashed service com.rhomobile.mydailyrhodes/com.rhomobile.rhodes.RhodesService in 5000ms
I/Process (   60): Sending signal. PID: 284 SIG: 9
I/ActivityManager(   60):   Force stopping service ServiceRecord{45079a20 com.rhomobile.mydailyrhodes/com.rhomobile.rhodes.RhodesService}
I/UsageStats(   60): Unexpected resume of com.android.launcher while already resumed in com.rhomobile.mydailyrhodes
I/WindowManager(   60): WIN DEATH: Window{44fc0bf0 com.rhomobile.mydailyrhodes/com.rhomobile.rhodes.RhodesActivity paused=false}
D/PackageManager(   60): Scanning package com.rhomobile.mydailyrhodes
I/PackageManager(   60): Package com.rhomobile.mydailyrhodes codePath changed from /data/app/com.rhomobile.mydailyrhodes-2.apk to /data/app/com.rhomobile.mydailyrhodes-1.apk; Retaining data and using new
I/PackageManager(   60): /data/app/com.rhomobile.mydailyrhodes-1.apk changed; unpacking
D/PackageManager(   60): Caching shared lib lib/armeabi/librhodes.so
D/installd(   35): DexInv: --- BEGIN '/data/app/com.rhomobile.mydailyrhodes-1.apk' ---
D/dalvikvm(  319): DexOpt: load 121ms, verify 424ms, opt 14ms
D/installd(   35): DexInv: --- END '/data/app/com.rhomobile.mydailyrhodes-1.apk' (success) ---
W/PackageManager(   60): Code path for pkg : com.rhomobile.mydailyrhodes changing from /data/app/com.rhomobile.mydailyrhodes-2.apk to /data/app/com.rhomobile.mydailyrhodes-1.apk
W/PackageManager(   60): Resource path for pkg : com.rhomobile.mydailyrhodes changing from /data/app/com.rhomobile.mydailyrhodes-2.apk to /data/app/com.rhomobile.mydailyrhodes-1.apk
D/PackageManager(   60): Registered content provider: com.rhomobile.mydailyrhodes, className = com.rhomobile.rhodes.LocalFileProvider, isSyncable = false
D/PackageManager(   60):   Providers: com.rhomobile.rhodes.LocalFileProvider
D/PackageManager(   60):   Services: com.rhomobile.rhodes.RhodesService
D/PackageManager(   60):   Activities: com.rhomobile.rhodes.RhodesActivity com.rhomobile.rhodes.alert.PopupActivity com.rhomobile.rhodes.camera.FileList com.rhomobile.rhodes.camera.ImageCapture com.rhomobile.rhodes.signature.ImageCapture com.rhomobile.rhodes.datetime.DateTimePickerScreen com.rhomobile.rhodes.mapview.MapView com.rhomobile.rhodes.mapview.GoogleMapView com.rhomobile.rhodes.bluetooth.RhoBluetoothDeviceListActivity
I/ActivityManager(   60): Force stopping package com.rhomobile.mydailyrhodes uid=10037
I/installd(   35): move /data/dalvik-cache/data@app@com.rhomobile.mydailyrhodes-1.apk@classes.dex -> /data/dalvik-cache/data@app@com.rhomobile.mydailyrhodes-1.apk@classes.dex
D/PackageManager(   60): New package installed in /data/app/com.rhomobile.mydailyrhodes-1.apk
I/ActivityManager(   60): Force stopping package com.rhomobile.mydailyrhodes uid=10037
D/dalvikvm(  123): GC_EXPLICIT freed 797 objects / 44136 bytes in 65ms
D/dalvikvm(   60): GC_EXPLICIT freed 10510 objects / 586928 bytes in 189ms
I/installd(   35): unlink /data/dalvik-cache/data@app@com.rhomobile.mydailyrhodes-2.apk@classes.dex
D/AndroidRuntime(  312): Shutting down VM
D/dalvikvm(  312): Debugger has detached; object registry had 1 entries
I/AndroidRuntime(  312): NOTE: attach of thread 'Binder Thread #3' failed
W/RecognitionManagerService(   60): no available voice recognition services found
D/AndroidRuntime(  325): 
D/AndroidRuntime(  325): >>>>>>>>>>>>>> AndroidRuntime START <<<<<<<<<<<<<<
D/AndroidRuntime(  325): CheckJNI is ON
D/AndroidRuntime(  325): --- registering native functions ---
I/ActivityManager(   60): Starting activity: Intent { act=android.intent.action.MAIN flg=0x10000000 cmp=com.rhomobile.mydailyrhodes/com.rhomobile.rhodes.RhodesActivity }
D/AndroidRuntime(  325): Shutting down VM
D/dalvikvm(  325): Debugger has detached; object registry had 1 entries
I/AndroidRuntime(  325): NOTE: attach of thread 'Binder Thread #3' failed
I/ActivityManager(   60): Start proc com.rhomobile.mydailyrhodes for activity com.rhomobile.mydailyrhodes/com.rhomobile.rhodes.RhodesActivity: pid=331 uid=10037 gids={3003}
D/dalvikvm(  331): Trying to load lib /data/data/com.rhomobile.mydailyrhodes/lib/librhodes.so 0x44edf560
D/dalvikvm(  331): Added shared lib /data/data/com.rhomobile.mydailyrhodes/lib/librhodes.so 0x44edf560
I/ActivityThread(  331): Publishing provider com.rhomobile.mydailyrhodes: com.rhomobile.rhodes.LocalFileProvider
I/RhodesActivity(  331): >>>>>>>>>>>>>>> onCreate()
D/RhodesActivity(  331): RhodesActivity.onStart()
D/RhodesActivity(  331): RhodesActivity.onResume()
D/RhodesService(  331): Root path: /data/data/com.rhomobile.mydailyrhodes/rhodata/
D/RhodesService(  331): Sqlite journals path: /data/data/com.rhomobile.mydailyrhodes/sqlite_stmt_journals/
I/global  (  331): Default buffer size used in BufferedReader constructor. It would be better to be explicit if an 8k-char buffer is required.
I/RhodesService(  331): Application hash was changed
W/ActivityManager(   60): No content provider found for: 
D/RhodesService(  331): Root path: /data/data/com.rhomobile.mydailyrhodes/rhodata/
D/RhodesService(  331): Sqlite journals path: /data/data/com.rhomobile.mydailyrhodes/sqlite_stmt_journals/
I/global  (  331): Default buffer size used in BufferedReader constructor. It would be better to be explicit if an 8k-char buffer is required.
I/APP     (  331): I 08/17/2011 07:56:56:425 afd48828            RhodesApp| Trying to get free listening port.
I/APP     (  331): I 08/17/2011 07:56:56:433 afd48828            RhodesApp| Trying to bind of 0 port...
I/APP     (  331): I 08/17/2011 07:56:56:458 afd48828            RhodesApp| Got port to bind on: 44197
I/APP     (  331): I 08/17/2011 07:56:56:457 002334e0         AppCallbacks| Starting main routine...
I/APP     (  331): I 08/17/2011 07:56:56:460 002334e0         AppCallbacks| ThreadQueue blocked for 300 seconds...
I/APP     (  331): I 08/17/2011 07:56:56:463 afd48828            RhodesApp| Free listening port: 44197
D/dalvikvm(  331): GC_FOR_MALLOC freed 5547 objects / 351192 bytes in 61ms
I/APP     (  331): I 08/17/2011 07:56:56:587 afd48828               Rhodes| Loading...
I/APP     (  331): I 08/17/2011 07:56:56:879 afd48828            RhodesApp| callAppActiveCallback
I/APP     (  331): I 08/17/2011 07:56:56:880 afd48828         AppCallbacks| addCommand: APP-ACTIVATED
I/APP     (  331): I 08/17/2011 07:56:56:882 002334e0         AppCallbacks| Received command APP-ACTIVATED which is greater than expected (LOCAL-SERVER-STARTED) - postpone it
I/APP     (  331): I 08/17/2011 07:56:56:883 002334e0         AppCallbacks| ThreadQueue blocked for 300 seconds...
I/APP     (  331): I 08/17/2011 07:56:56:884 afd48828         AppActivated| Cannot commit now, application will be activated when started.
I/APP     (  331): I 08/17/2011 07:56:56:886 afd48828            Undefined| Handlers have completed.
I/APP     (  331): I 08/17/2011 07:56:56:887 afd48828    RhodesApplication| New AppState: Undefined
I/APP     (  331): I 08/17/2011 07:56:56:892 afd48828        RhodesService| handleCommand: startId=1, source=com.rhomobile.rhodes.BaseActivity
I/APP     (  331): I 08/17/2011 07:56:56:893 afd48828        RhodesService| New activity was created
I/APP     (  331): I 08/17/2011 07:56:57:045 afd48828         AppCallbacks| addCommand: UI-CREATED
I/APP     (  331): I 08/17/2011 07:56:57:046 0024d0d8            RhodesApp| Starting RhodesApp main routine...
I/APP     (  331): I 08/17/2011 07:56:57:059 002334e0         AppCallbacks| Received command UI-CREATED which is greater than expected (LOCAL-SERVER-STARTED) - postpone it
I/APP     (  331): I 08/17/2011 07:56:57:059 002334e0         AppCallbacks| ThreadQueue blocked for 300 seconds...
I/APP     (  331): I 08/17/2011 07:56:57:224 afd48828       RhodesActivity| onServiceConnected: {com.rhomobile.mydailyrhodes/com.rhomobile.rhodes.RhodesService}
I/APP     (  331): I 08/17/2011 07:56:57:789 0024d0d8              RhoRuby| Init_RhoBlobs: /data/data/com.rhomobile.mydailyrhodes/rhodata/db/db-files
I/APP     (  331): I 08/17/2011 07:56:57:827 0024d0d8              RhoRuby| require_compiled: rhoframework
I/APP     (  331): I 08/17/2011 07:56:57:883 0024d0d8              RhoRuby| require_compiled: rational
I/APP     (  331): I 08/17/2011 07:56:57:890 0024d0d8              RhoRuby| require_compiled: rhom/rhom_db_adapter
I/APP     (  331): I 08/17/2011 07:56:58:069 0024d0d8              RhoRuby| require_compiled: rhodes
I/ActivityManager(   60): Displayed activity com.rhomobile.mydailyrhodes/com.rhomobile.rhodes.RhodesActivity: 2766 ms (total 2766 ms)
I/APP     (  331): I 08/17/2011 07:56:58:134 0024d0d8              RhoRuby| require_compiled: rhom/rhom_object
I/APP     (  331): I 08/17/2011 07:56:58:217 0024d0d8              RhoRuby| require_compiled: rhofsconnector
I/APP     (  331): I 08/17/2011 07:56:58:308 0024d0d8              RhoRuby| require_compiled: rho/rhofsconnector
I/APP     (  331): I 08/17/2011 07:56:58:384 0024d0d8              RhoRuby| require_compiled: rhom/rhom_object_factory
I/APP     (  331): I 08/17/2011 07:56:58:605 0024d0d8              RhoRuby| require_compiled: rhom/rhom
I/APP     (  331): I 08/17/2011 07:56:58:628 0024d0d8              RhoRuby| require_compiled: rhom/rhom_model
I/APP     (  331): I 08/17/2011 07:56:58:649 0024d0d8              RhoRuby| require_compiled: rhom
I/APP     (  331): I 08/17/2011 07:56:58:652 0024d0d8              RhoRuby| require_compiled: rho/rhoapplication
I/APP     (  331): I 08/17/2011 07:56:58:678 0024d0d8              RhoRuby| require_compiled: rholang/localization_simplified
I/APP     (  331): I 08/17/2011 07:56:58:839 0024d0d8                  APP| Current locale: en; Country code: us
I/APP     (  331): I 08/17/2011 07:56:58:840 0024d0d8                  APP| file: /data/data/com.rhomobile.mydailyrhodes/rhodata/lib/rholang/lang_
I/APP     (  331): I 08/17/2011 07:56:58:844 0024d0d8              RhoRuby| require_compiled: /data/data/com.rhomobile.mydailyrhodes/rhodata/lib/rholang/lang_en
I/APP     (  331): I 08/17/2011 07:56:58:858 0024d0d8              RhoRuby| require_compiled: rho/rhomsg
I/APP     (  331): I 08/17/2011 07:56:58:866 0024d0d8                  APP| Current locale: en; Country code: us
I/APP     (  331): I 08/17/2011 07:56:58:867 0024d0d8                  APP| file: /data/data/com.rhomobile.mydailyrhodes/rhodata/lib/rholang/rhomsg_
I/APP     (  331): I 08/17/2011 07:56:58:870 0024d0d8              RhoRuby| require_compiled: /data/data/com.rhomobile.mydailyrhodes/rhodata/lib/rholang/rhomsg_en
I/APP     (  331): I 08/17/2011 07:56:58:876 0024d0d8              RhoRuby| require_compiled: rho/rhotabbar
I/APP     (  331): I 08/17/2011 07:56:58:887 0024d0d8              RhoRuby| require_compiled: rho/rhotoolbar
I/APP     (  331): I 08/17/2011 07:56:58:894 0024d0d8              RhoRuby| require_compiled: indifferent_access
I/APP     (  331): I 08/17/2011 07:56:58:916 0024d0d8              RhoRuby| require_compiled: rho/rhosupport
I/APP     (  331): I 08/17/2011 07:56:58:944 0024d0d8              RhoRuby| require_compiled: rho/rhocontroller
I/APP     (  331): I 08/17/2011 07:56:59:097 0024d0d8              RhoRuby| require_compiled: rho/render
I/APP     (  331): I 08/17/2011 07:56:59:138 0024d0d8              RhoRuby| require_compiled: rho/rho
I/APP     (  331): I 08/17/2011 07:56:59:567 0024d0d8              RhoRuby| require_compiled: rho/rhoerror
I/APP     (  331): I 08/17/2011 07:56:59:578 0024d0d8                  APP| Current locale: en; Country code: us
I/APP     (  331): I 08/17/2011 07:56:59:579 0024d0d8                  APP| file: /data/data/com.rhomobile.mydailyrhodes/rhodata/lib/rholang/rhoerror_
I/APP     (  331): I 08/17/2011 07:56:59:581 0024d0d8              RhoRuby| require_compiled: /data/data/com.rhomobile.mydailyrhodes/rhodata/lib/rholang/rhoerror_en
I/APP     (  331): I 08/17/2011 07:56:59:593 0024d0d8              RhoRuby| require_compiled: rhom/rhom_source
I/APP     (  331): I 08/17/2011 07:56:59:616 0024d0d8              RhoRuby| require_compiled: rho/rhoviewhelpers
I/APP     (  331): I 08/17/2011 07:56:59:635 0024d0d8              RhoRuby| require_compiled: rho
I/APP     (  331): I 08/17/2011 07:56:59:638 0024d0d8                  APP| RHO loaded
I/APP     (  331): I 08/17/2011 07:56:59:639 0024d0d8                  APP| Calling RHO.initialize
I/APP     (  331): I 08/17/2011 07:56:59:644 0024d0d8                  APP| model file: MyTask/my_task
I/APP     (  331): I 08/17/2011 07:56:59:647 0024d0d8                  APP| model file: MyDay/my_day
I/APP     (  331): I 08/17/2011 07:56:59:651 0024d0d8                   DB| Open DB: /data/data/com.rhomobile.mydailyrhodes/rhodata/db/syncdbuser.sqlite
I/APP     (  331): I 08/17/2011 07:56:59:696 0024d0d8            RhodesApp| Starting sync engine...
I/APP     (  331): I 08/17/2011 07:56:59:697 0024d0d8                 Sync| sync_poll_interval: 0
I/APP     (  331): I 08/17/2011 07:56:59:699 0024d0d8                 Sync| syncserver: 
I/APP     (  331): I 08/17/2011 07:56:59:699 0024d0d8                 Sync| bulksync_state: 0
I/APP     (  331): I 08/17/2011 07:56:59:700 0024d0d8            RhodesApp| RhoRubyInitApp...
I/APP     (  331): I 08/17/2011 07:56:59:701 0024d0d8                  APP| init_app
I/APP     (  331): I 08/17/2011 07:56:59:703 0024d0d8              RhoRuby| require_compiled: application
I/APP     (  331): I 08/17/2011 07:56:59:709 0024d0d8                  APP| Current locale: en; Country code: us
I/APP     (  331): I 08/17/2011 07:56:59:716 0024d0d8                  APP| on_reinstall_config_update: {"LogToOutput"=>["0", "1"]}
I/APP     (  331): I 08/17/2011 07:56:59:722 0024d0d8           HttpServer| Start HTTP server
I/APP     (  331): I 08/17/2011 07:56:59:725 0024d0d8         AppCallbacks| addCommand: LOCAL-SERVER-STARTED
I/APP     (  331): I 08/17/2011 07:56:59:727 002334e0         AppCallbacks| process command: LOCAL-SERVER-STARTED
I/APP     (  331): I 08/17/2011 07:56:59:728 002334e0           AppStarted| Handlers have completed.
I/APP     (  331): I 08/17/2011 07:56:59:729 002334e0         AppActivated| Handlers have completed.
I/APP     (  331): I 08/17/2011 07:56:59:729 002334e0    RhodesApplication| New AppState: AppActivated
I/APP     (  331): I 08/17/2011 07:56:59:729 002334e0         AppCallbacks| process command: UI-CREATED
I/APP     (  331): I 08/17/2011 07:56:59:757 0024d0d8           HttpServer| Process URI: '/system/uicreated'
I/APP     (  331): I 08/17/2011 07:56:59:758 0024d0d8                  APP| on_ui_created.navigate to start url: '/app'
I/APP     (  331): I 08/17/2011 07:56:59:801 002334e0         AppCallbacks| process command: APP-ACTIVATED
V/SimpleMainView(  331): ms[1313567819818] processForNativeView : [http://127.0.0.1:44197/app]
V/SimpleMainView.View(  331): ms[1313567819876]  Main Window :: onSizeChanged() old [ 320 x 455 ]  new [ 0 x 0 ]
I/APP     (  331): I 08/17/2011 07:56:59:918 0024d0d8           HttpServer| Process URI: '/system/activateapp'
I/APP     (  331): I 08/17/2011 07:56:59:933 002334e0         AppCallbacks| ThreadQueue blocked for 300 seconds...
I/APP     (  331): I 08/17/2011 07:57:00:249 0024d0d8           HttpServer| Process URI: '/app'
D/webviewglue(  331): nativeDestroy view: 0x2d1308
D/dalvikvm(  331): GC_FOR_MALLOC freed 3071 objects / 503176 bytes in 51ms
I/APP     (  331): I 08/17/2011 07:57:00:599 0024d0d8           HttpServer| Process URI: '/app/index_erb.iseq'
I/APP     (  331): I 08/17/2011 07:57:00:603 0024d0d8                  APP| RHO serve_index: /app/index_erb.iseq
I/APP     (  331): I 08/17/2011 07:57:00:608 0024d0d8 RHO Rho::RhoController| inst_render_index
I/APP     (  331): I 08/17/2011 07:57:00:629 0024d0d8 RHO Rho::RhoController| index layout
I/APP     (  331): I 08/17/2011 07:57:00:816 0024d0d8           HttpServer| Process URI: '/public/jqtouch/jquery.1.3.2.min.js'
I/APP     (  331): I 08/17/2011 07:57:00:877 0024d0d8           HttpServer| Process URI: '/public/jqtouch/jqtouch.js'
I/APP     (  331): I 08/17/2011 07:57:01:045 0024d0d8           HttpServer| Process URI: '/public/jqtouch/jqtouch.css'
I/APP     (  331): I 08/17/2011 07:57:01:158 0024d0d8           HttpServer| Process URI: '/public/css/android.css'
I/APP     (  331): I 08/17/2011 07:57:02:618 0024d0d8           HttpServer| Process URI: '/public/images/android/disclosure.png'
D/dalvikvm(  331): GC_FOR_MALLOC freed 2112 objects / 462216 bytes in 51ms
D/dalvikvm(  123): GC_EXPLICIT freed 685 objects / 39280 bytes in 119ms
D/dalvikvm(  255): GC_EXPLICIT freed 234 objects / 16120 bytes in 46ms
D/dalvikvm(  267): GC_EXPLICIT freed 796 objects / 56592 bytes in 122ms
D/SntpClient(   60): request time failed: java.net.SocketException: Address family not supported by protocol
I/APP     (  331): I 08/17/2011 08:01:59:976 002334e0         AppCallbacks| ThreadQueue blocked for 300 seconds...
I/DEBUG   (   31): debuggerd: Oct  5 2010 00:26:13
D/qemud   (   38): entering main loop
I/Vold    (   29): Vold 2.1 (the revenge) firing up
D/Vold    (   29): Volume sdcard state changing -1 (Initializing) -> 0 (No-Media)
I/Netd    (   30): Netd 1.0 starting
D/Vold    (   29): Volume sdcard state changing 0 (No-Media) -> 1 (Idle-Unmounted)
W/Vold    (   29): No UMS switch available
D/qemud   (   38): fdhandler_accept_event: accepting on fd 10
D/qemud   (   38): created client 0xe078 listening on fd 8
D/qemud   (   38): client_fd_receive: attempting registration for service 'boot-properties'
D/qemud   (   38): client_fd_receive:    -> received channel id 1
D/qemud   (   38): client_registration: registration succeeded for client 1
I/qemu-props(   52): connected to 'boot-properties' qemud service.
I/qemu-props(   52): received: dalvik.vm.heapsize=24m
I/qemu-props(   52): received: qemu.sf.lcd_density=240
I/qemu-props(   52): received: 
I/qemu-props(   52): invalid format, ignored.
D/AndroidRuntime(   33): 
D/AndroidRuntime(   33): >>>>>>>>>>>>>> AndroidRuntime START <<<<<<<<<<<<<<
D/AndroidRuntime(   33): CheckJNI is ON
D/qemud   (   38): fdhandler_accept_event: accepting on fd 10
D/qemud   (   38): created client 0xe078 listening on fd 11
D/qemud   (   38): fdhandler_event: disconnect on fd 11
D/qemud   (   38): fdhandler_accept_event: accepting on fd 10
D/qemud   (   38): created client 0xe078 listening on fd 11
D/qemud   (   38): client_fd_receive: attempting registration for service 'gsm'
D/qemud   (   38): client_fd_receive:    -> received channel id 2
D/qemud   (   38): client_registration: registration succeeded for client 2
I/        (   34): ServiceManager: 0xacd0
D/AudioHardwareInterface(   34): setMode(NORMAL)
I/CameraService(   34): CameraService started: pid=34
I/AudioFlinger(   34): AudioFlinger's thread 0xb3f0 ready to run
D/AndroidRuntime(   33): --- registering native functions ---
I/SamplingProfilerIntegration(   33): Profiler is disabled.
I/Zygote  (   33): Preloading classes...
E/Zygote  (   33): setreuid() failed. errno: 2
D/dalvikvm(   33): GC_EXPLICIT freed 821 objects / 47496 bytes in 6ms
D/dalvikvm(   33): GC_EXPLICIT freed 219 objects / 13600 bytes in 3ms
D/dalvikvm(   33): GC_EXPLICIT freed 253 objects / 14360 bytes in 5ms
D/dalvikvm(   33): GC_EXPLICIT freed 466 objects / 28880 bytes in 4ms
D/dalvikvm(   33): GC_EXPLICIT freed 2090 objects / 108368 bytes in 8ms
W/MediaProfiles(   33): could not find media config xml file
D/dalvikvm(   33): GC_EXPLICIT freed 279 objects / 15976 bytes in 6ms
D/dalvikvm(   33): GC_FOR_MALLOC freed 5017 objects / 223680 bytes in 15ms
D/dalvikvm(   33): GC_EXPLICIT freed 871 objects / 34632 bytes in 10ms
D/dalvikvm(   33): GC_EXPLICIT freed 544 objects / 27080 bytes in 15ms
D/dalvikvm(   33): GC_EXPLICIT freed 402 objects / 22112 bytes in 17ms
D/dalvikvm(   33): GC_EXPLICIT freed 286 objects / 34168 bytes in 19ms
D/dalvikvm(   33): GC_EXPLICIT freed 277 objects / 18896 bytes in 21ms
D/dalvikvm(   33): GC_EXPLICIT freed 319 objects / 17704 bytes in 19ms
D/dalvikvm(   33): GC_EXPLICIT freed 452 objects / 27600 bytes in 23ms
D/dalvikvm(   33): GC_EXPLICIT freed 265 objects / 21768 bytes in 21ms
D/dalvikvm(   33): GC_EXPLICIT freed 507 objects / 59616 bytes in 25ms
D/dalvikvm(   33): GC_EXPLICIT freed 639 objects / 34760 bytes in 25ms
D/dalvikvm(   33): GC_EXPLICIT freed 842 objects / 45992 bytes in 28ms
D/dalvikvm(   33): GC_FOR_MALLOC freed 12427 objects / 449088 bytes in 35ms
D/dalvikvm(   33): GC_FOR_MALLOC freed 10011 objects / 464184 bytes in 35ms
D/dalvikvm(   33): GC_FOR_MALLOC freed 8197 objects / 412640 bytes in 35ms
D/dalvikvm(   33): GC_FOR_MALLOC freed 7345 objects / 475792 bytes in 37ms
D/dalvikvm(   33): GC_FOR_MALLOC freed 7793 objects / 472528 bytes in 40ms
D/dalvikvm(   33): GC_FOR_MALLOC freed 7895 objects / 470520 bytes in 46ms
D/dalvikvm(   33): GC_EXPLICIT freed 6770 objects / 401744 bytes in 36ms
D/dalvikvm(   33): GC_EXPLICIT freed 1539 objects / 72440 bytes in 33ms
D/dalvikvm(   33): GC_EXPLICIT freed 447 objects / 29328 bytes in 34ms
D/dalvikvm(   33): GC_EXPLICIT freed 315 objects / 20000 bytes in 34ms
I/Zygote  (   33): ...preloaded 1265 classes in 5955ms.
E/Zygote  (   33): setreuid() failed. errno: 17
D/dalvikvm(   33): GC_EXPLICIT freed 104 objects / 14200 bytes in 34ms
I/Zygote  (   33): Preloading resources...
W/Zygote  (   33): Preloaded drawable resource #0x1080093 (res/drawable-hdpi/sym_def_app_icon.png) that varies with configuration!!
W/Zygote  (   33): Preloaded drawable resource #0x1080002 (res/drawable-hdpi/arrow_down_float.png) that varies with configuration!!
W/Zygote  (   33): Preloaded drawable resource #0x10800b3 (res/drawable/btn_check.xml) that varies with configuration!!
W/Zygote  (   33): Preloaded drawable resource #0x10800b6 (res/drawable-hdpi/btn_check_label_background.9.png) that varies with configuration!!
W/Zygote  (   33): Preloaded drawable resource #0x10800b7 (res/drawable-hdpi/btn_check_off.png) that varies with configuration!!
W/Zygote  (   33): Preloaded drawable resource #0x10800bc (res/drawable-hdpi/btn_check_on.png) that varies with configuration!!
W/Zygote  (   33): Preloaded drawable resource #0x1080004 (res/drawable/btn_default.xml) that varies with configuration!!
W/Zygote  (   33): Preloaded drawable resource #0x1080005 (res/drawable/btn_default_small.xml) that varies with configuration!!
W/Zygote  (   33): Preloaded drawable resource #0x1080006 (res/drawable/btn_dropdown.xml) that varies with configuration!!
W/Zygote  (   33): Preloaded drawable resource #0x1080008 (res/drawable/btn_plus.xml) that varies with configuration!!
W/Zygote  (   33): Preloaded drawable resource #0x1080007 (res/drawable/btn_minus.xml) that varies with configuration!!
W/Zygote  (   33): Preloaded drawable resource #0x1080009 (res/drawable/btn_radio.xml) that varies with configuration!!
W/Zygote  (   33): Preloaded drawable resource #0x108000a (res/drawable/btn_star.xml) that varies with configuration!!
D/dalvikvm(   33): GC_EXPLICIT freed 421 objects / 26240 bytes in 36ms
W/Zygote  (   33): Preloaded drawable resource #0x1080131 (res/drawable/btn_toggle.xml) that varies with configuration!!
W/Zygote  (   33): Preloaded drawable resource #0x1080194 (res/drawable-hdpi/ic_emergency.png) that varies with configuration!!
W/Zygote  (   33): Preloaded drawable resource #0x1080012 (res/drawable-hdpi/divider_horizontal_bright.9.png) that varies with configuration!!
W/Zygote  (   33): Preloaded drawable resource #0x1080014 (res/drawable-hdpi/divider_horizontal_dark.9.png) that varies with configuration!!
W/Zygote  (   33): Preloaded drawable resource #0x1080016 (res/drawable/edit_text.xml) that varies with configuration!!
W/Zygote  (   33): Preloaded drawable resource #0x108016d (res/drawable/expander_group.xml) that varies with configuration!!
W/Zygote  (   33): Preloaded drawable resource #0x1080062 (res/drawable/list_selector_background.xml) that varies with configuration!!
W/Zygote  (   33): Preloaded drawable resource #0x1080227 (res/drawable-hdpi/menu_background.9.png) that varies with configuration!!
W/Zygote  (   33): Preloaded drawable resource #0x1080228 (res/drawable-hdpi/menu_background_fill_parent_width.9.png) that varies with configuration!!
W/Zygote  (   33): Preloaded drawable resource #0x1080229 (res/drawable/menu_selector.xml) that varies with configuration!!
W/Zygote  (   33): Preloaded drawable resource #0x1080234 (res/drawable-hdpi/panel_background.9.png) that varies with configuration!!
W/Zygote  (   33): Preloaded drawable resource #0x108023b (res/drawable-hdpi/popup_bottom_bright.9.png) that varies with configuration!!
W/Zygote  (   33): Preloaded drawable resource #0x108023c (res/drawable-hdpi/popup_bottom_dark.9.png) that varies with configuration!!
W/Zygote  (   33): Preloaded drawable resource #0x108023d (res/drawable-hdpi/popup_bottom_medium.9.png) that varies with configuration!!
W/Zygote  (   33): Preloaded drawable resource #0x108023e (res/drawable-hdpi/popup_center_bright.9.png) that varies with configuration!!
W/Zygote  (   33): Preloaded drawable resource #0x108023f (res/drawable-hdpi/popup_center_dark.9.png) that varies with configuration!!
W/Zygote  (   33): Preloaded drawable resource #0x1080242 (res/drawable-hdpi/popup_full_dark.9.png) that varies with configuration!!
W/Zygote  (   33): Preloaded drawable resource #0x1080245 (res/drawable-hdpi/popup_top_bright.9.png) that varies with configuration!!
W/Zygote  (   33): Preloaded drawable resource #0x1080246 (res/drawable-hdpi/popup_top_dark.9.png) that varies with configuration!!
W/Zygote  (   33): Preloaded drawable resource #0x108006d (res/drawable/progress_indeterminate_horizontal.xml) that varies with configuration!!
W/Zygote  (   33): Preloaded drawable resource #0x108024c (res/drawable/progress_small.xml) that varies with configuration!!
W/Zygote  (   33): Preloaded drawable resource #0x108024d (res/drawable/progress_small_titlebar.xml) that varies with configuration!!
W/Zygote  (   33): Preloaded drawable resource #0x1080270 (res/drawable-hdpi/scrollbar_handle_horizontal.9.png) that varies with configuration!!
W/Zygote  (   33): Preloaded drawable resource #0x1080271 (res/drawable-hdpi/scrollbar_handle_vertical.9.png) that varies with configuration!!
D/dalvikvm(   33): GC_EXPLICIT freed 477 objects / 32952 bytes in 35ms
W/Zygote  (   33): Preloaded drawable resource #0x1080071 (res/drawable/spinner_dropdown_background.xml) that varies with configuration!!
W/Zygote  (   33): Preloaded drawable resource #0x1080354 (res/drawable-hdpi/title_bar_shadow.9.png) that varies with configuration!!
W/Zygote  (   33): Preloaded drawable resource #0x10801d6 (res/drawable-hdpi/indicator_code_lock_drag_direction_green_up.png) that varies with configuration!!
W/Zygote  (   33): Preloaded drawable resource #0x10801d7 (res/drawable-hdpi/indicator_code_lock_drag_direction_red_up.png) that varies with configuration!!
W/Zygote  (   33): Preloaded drawable resource #0x10801d8 (res/drawable-hdpi/indicator_code_lock_point_area_default.png) that varies with configuration!!
W/Zygote  (   33): Preloaded drawable resource #0x10801d9 (res/drawable-hdpi/indicator_code_lock_point_area_green.png) that varies with configuration!!
W/Zygote  (   33): Preloaded drawable resource #0x10801da (res/drawable-hdpi/indicator_code_lock_point_area_red.png) that varies with configuration!!
W/Zygote  (   33): Preloaded drawable resource #0x10801e8 (res/drawable-hdpi/jog_tab_bar_left_end_confirm_gray.9.png) that varies with configuration!!
W/Zygote  (   33): Preloaded drawable resource #0x10801ec (res/drawable-hdpi/jog_tab_bar_left_end_normal.9.png) that varies with configuration!!
W/Zygote  (   33): Preloaded drawable resource #0x10801ed (res/drawable-hdpi/jog_tab_bar_left_end_pressed.9.png) that varies with configuration!!
W/Zygote  (   33): Preloaded drawable resource #0x10801f1 (res/drawable-hdpi/jog_tab_bar_right_end_confirm_gray.9.png) that varies with configuration!!
W/Zygote  (   33): Preloaded drawable resource #0x10801f5 (res/drawable-hdpi/jog_tab_bar_right_end_normal.9.png) that varies with configuration!!
W/Zygote  (   33): Preloaded drawable resource #0x10801f6 (res/drawable-hdpi/jog_tab_bar_right_end_pressed.9.png) that varies with configuration!!
W/Zygote  (   33): Preloaded drawable resource #0x10801fb (res/drawable-hdpi/jog_tab_left_confirm_gray.png) that varies with configuration!!
W/Zygote  (   33): Preloaded drawable resource #0x1080200 (res/drawable-hdpi/jog_tab_left_normal.png) that varies with configuration!!
W/Zygote  (   33): Preloaded drawable resource #0x1080201 (res/drawable-hdpi/jog_tab_left_pressed.png) that varies with configuration!!
W/Zygote  (   33): Preloaded drawable resource #0x1080203 (res/drawable-hdpi/jog_tab_right_confirm_gray.png) that varies with configuration!!
W/Zygote  (   33): Preloaded drawable resource #0x1080209 (res/drawable-hdpi/jog_tab_right_normal.png) that varies with configuration!!
W/Zygote  (   33): Preloaded drawable resource #0x108020a (res/drawable-hdpi/jog_tab_right_pressed.png) that varies with configuration!!
W/Zygote  (   33): Preloaded drawable resource #0x108020d (res/drawable-hdpi/jog_tab_target_gray.png) that varies with configuration!!
I/Zygote  (   33): ...preloaded 61 resources in 396ms.
I/Zygote  (   33): ...preloaded 15 resources in 14ms.
D/dalvikvm(   33): GC_EXPLICIT freed 503 objects / 38096 bytes in 33ms
D/dalvikvm(   33): GC_EXPLICIT freed 150 objects / 5840 bytes in 34ms
D/dalvikvm(   33): GC_EXPLICIT freed 2 objects / 48 bytes in 34ms
I/dalvikvm(   33): System server process 60 has been created
I/Zygote  (   33): Accepting command socket connections
E/BatteryService(   60): usbOnlinePath not found
E/BatteryService(   60): batteryVoltagePath not found
E/BatteryService(   60): batteryTemperaturePath not found
I/sysproc (   60): Entered system_init()
I/sysproc (   60): ServiceManager: 0x114530
I/SurfaceFlinger(   60): SurfaceFlinger is starting
I/SurfaceFlinger(   60): SurfaceFlinger's main thread ready to run. Initializing graphics H/W...
E/SurfaceFlinger(   60): Couldn't open /sys/power/wait_for_fb_sleep or /sys/power/wait_for_fb_wake
I/gralloc (   60): using (fd=24)
I/gralloc (   60): id           = 
I/gralloc (   60): xres         = 600 px
I/gralloc (   60): yres         = 1024 px
I/gralloc (   60): xres_virtual = 600 px
I/gralloc (   60): yres_virtual = 2048 px
I/gralloc (   60): bpp          = 16
I/gralloc (   60): r            = 11:5
I/gralloc (   60): g            =  5:6
I/gralloc (   60): b            =  0:5
I/gralloc (   60): width        = 92 mm (165.652176 dpi)
I/gralloc (   60): height       = 158 mm (164.617722 dpi)
I/gralloc (   60): refresh rate = 60.00 Hz
D/libEGL  (   60): egl.cfg not found, using default config
D/libEGL  (   60): loaded /system/lib/egl/libGLES_android.so
I/SurfaceFlinger(   60): EGL informations:
I/SurfaceFlinger(   60): # of configs : 8
I/SurfaceFlinger(   60): vendor    : Android
I/SurfaceFlinger(   60): version   : 1.4 Android META-EGL
I/SurfaceFlinger(   60): extensions: EGL_KHR_image EGL_KHR_image_base EGL_KHR_image_pixmap EGL_ANDROID_image_native_buffer EGL_ANDROID_swap_rectangle EGL_ANDROID_get_render_buffer 
I/SurfaceFlinger(   60): Client API: OpenGL ES
I/SurfaceFlinger(   60): EGLSurface: 5-6-5-0, config=0x1000000
I/SurfaceFlinger(   60): flags     : 001c0000
I/SurfaceFlinger(   60): OpenGL informations:
I/SurfaceFlinger(   60): vendor    : Android
I/SurfaceFlinger(   60): renderer  : Android PixelFlinger 1.3
I/SurfaceFlinger(   60): version   : OpenGL ES-CM 1.0
I/SurfaceFlinger(   60): extensions: GL_OES_byte_coordinates GL_OES_fixed_point GL_OES_single_precision GL_OES_read_format GL_OES_compressed_paletted_texture GL_OES_draw_texture GL_OES_matrix_get GL_OES_query_matrix GL_OES_EGL_image GL_OES_compressed_ETC1_RGB8_texture GL_ARB_texture_compression GL_ARB_texture_non_power_of_two GL_ANDROID_user_clip_plane GL_ANDROID_vertex_buffer_object GL_ANDROID_generate_mipmap 
I/SurfaceFlinger(   60): GL_MAX_TEXTURE_SIZE = 4096
I/SurfaceFlinger(   60): GL_MAX_VIEWPORT_DIMS = 4096
I/sysproc (   60): System server: starting Android runtime.
I/sysproc (   60): System server: starting Android services.
I/SystemServer(   60): Entered the Android system server!
I/sysproc (   60): System server: entering thread pool.
I/SystemServer(   60): Entropy Service
I/SystemServer(   60): Power Manager
I/SystemServer(   60): Activity Manager
I/ActivityManager(   60): Memory class: 24
I/BootAnimation(   70): boot animation disabled
W/UsageStats(   60): Usage stats version changed; dropping
I/SystemServer(   60): Telephony Registry
I/SystemServer(   60): Package Manager
I/Installer(   60): connecting...
I/installd(   35): new connection
I/PackageManager(   60): Libs: android.test.runner:/system/framework/android.test.runner.jar javax.obex:/system/framework/javax.obex.jar
I/PackageManager(   60): Features: android.hardware.camera android.hardware.camera.autofocus
D/dalvikvm(   60): GC_FOR_MALLOC freed 5963 objects / 246360 bytes in 77ms
W/PackageManager(   60): Running ENG build: no pre-dexopt!
D/PackageManager(   60): Scanning app dir /system/framework
D/PackageManager(   60): Scanning app dir /system/app
D/dalvikvm(   60): GC_FOR_MALLOC freed 7466 objects / 370856 bytes in 64ms
W/PackageParser(   60): No actions in intent filter at /system/app/Bluetooth.apk Binary XML file line #124
D/dalvikvm(   60): GC_FOR_MALLOC freed 5759 objects / 318904 bytes in 75ms
D/PackageManager(   60): Scanning app dir /data/app
D/dalvikvm(   60): GC_FOR_MALLOC freed 6275 objects / 329224 bytes in 77ms
W/PackageParser(   60): No actions in intent filter at /data/app/ApiDemos.apk Binary XML file line #1841
W/PackageParser(   60): No actions in intent filter at /data/app/ApiDemos.apk Binary XML file line #1847
W/PackageManager(   60): Package com.example.android.apis desires unavailable shared library com.example.will.never.exist; ignoring!
D/PackageManager(   60): Scanning app dir /data/app-private
I/PackageManager(   60): Time to scan packages: 2.372 seconds
W/PackageManager(   60): Unknown permission com.google.android.googleapps.permission.GOOGLE_AUTH.mail in package com.android.contacts
W/PackageManager(   60): Unknown permission android.permission.ADD_SYSTEM_SERVICE in package com.android.phone
W/PackageManager(   60): Unknown permission com.google.android.googleapps.permission.GOOGLE_AUTH in package com.android.providers.calendar
W/PackageManager(   60): Unknown permission com.google.android.googleapps.permission.GOOGLE_AUTH.cl in package com.android.providers.calendar
W/PackageManager(   60): Unknown permission com.google.android.googleapps.permission.GOOGLE_AUTH.mail in package com.android.calendar
W/PackageManager(   60): Not granting permission android.permission.SEND_DOWNLOAD_COMPLETED_INTENTS to package com.android.browser (protectionLevel=2 flags=0x1be45)
W/PackageManager(   60): Unknown permission com.google.android.gm.permission.WRITE_GMAIL in package com.android.settings
W/PackageManager(   60): Unknown permission com.google.android.gm.permission.READ_GMAIL in package com.android.settings
W/PackageManager(   60): Unknown permission com.google.android.googleapps.permission.GOOGLE_AUTH in package com.android.settings
W/PackageManager(   60): Unknown permission com.google.android.googleapps.permission.GOOGLE_AUTH in package com.android.providers.contacts
W/PackageManager(   60): Unknown permission com.google.android.googleapps.permission.GOOGLE_AUTH.cp in package com.android.providers.contacts
W/PackageManager(   60): Unknown permission com.google.android.googleapps.permission.ACCESS_GOOGLE_PASSWORD in package com.android.development
W/PackageManager(   60): Unknown permission com.google.android.googleapps.permission.GOOGLE_AUTH in package com.android.development
W/PackageManager(   60): Unknown permission com.google.android.googleapps.permission.GOOGLE_AUTH.ALL_SERVICES in package com.android.development
W/PackageManager(   60): Unknown permission com.google.android.googleapps.permission.GOOGLE_AUTH.YouTubeUser in package com.android.development
D/dalvikvm(   60): GC_EXPLICIT freed 5377 objects / 323960 bytes in 74ms
I/SystemServer(   60): Account Manager
I/SystemServer(   60): Content Manager
I/SystemServer(   60): System Content Providers
I/ActivityThread(   60): Publishing provider settings: com.android.providers.settings.SettingsProvider
I/SystemServer(   60): Battery Service
I/SystemServer(   60): Lights Service
I/SystemServer(   60): Vibrator Service
D/qemud   (   38): fdhandler_accept_event: accepting on fd 10
D/qemud   (   38): created client 0x11008 listening on fd 12
D/qemud   (   38): client_fd_receive: attempting registration for service 'hw-control'
D/qemud   (   38): client_fd_receive:    -> received channel id 3
D/qemud   (   38): client_registration: registration succeeded for client 3
I/SystemServer(   60): Alarm Manager
I/SystemServer(   60): Init Watchdog
I/SystemServer(   60): Sensor Service
D/qemud   (   38): fdhandler_accept_event: accepting on fd 10
D/qemud   (   38): created client 0xc038 listening on fd 13
D/qemud   (   38): client_fd_receive: attempting registration for service 'sensors'
D/qemud   (   38): client_fd_receive:    -> received channel id 4
D/qemud   (   38): client_registration: registration succeeded for client 4
D/qemud   (   38): fdhandler_event: disconnect on fd 13
I/SystemServer(   60): Window Manager
I/EventHub(   60): New keyboard: device->id=0x10000 devname='qwerty2' propName='hw.keyboards.65536.devname' keylayout='/system/usr/keylayout/qwerty.kl'
I/EventHub(   60): New device: path=/dev/input/event0 name=qwerty2 id=0x10000 (of 0x1) index=1 fd=48 classes=0x2f
E/EventHub(   60): could not get driver version for /dev/input/mouse0, Not a typewriter
E/EventHub(   60): could not get driver version for /dev/input/mice, Not a typewriter
I/KeyInputQueue(   60): Device added: id=0x0, name=qwerty2, classes=2f
I/KeyInputQueue(   60):   X: min=0 max=599 flat=0 fuzz=0
I/KeyInputQueue(   60):   Y: min=0 max=1023 flat=0 fuzz=0
I/KeyInputQueue(   60):   Pressure: unknown values
I/KeyInputQueue(   60):   Size: unknown values
I/KeyInputQueue(   60): No virtual keys found
D/qemud   (   38): fdhandler_accept_event: accepting on fd 10
D/qemud   (   38): created client 0xc038 listening on fd 13
D/qemud   (   38): client_fd_receive: attempting registration for service 'sensors'
D/qemud   (   38): client_fd_receive:    -> received channel id 5
D/qemud   (   38): client_registration: registration succeeded for client 5
D/qemud   (   38): fdhandler_event: disconnect on fd 13
D/qemud   (   38): fdhandler_accept_event: accepting on fd 10
D/qemud   (   38): created client 0xc038 listening on fd 13
D/qemud   (   38): client_fd_receive: attempting registration for service 'sensors'
D/qemud   (   38): client_fd_receive:    -> received channel id 6
D/qemud   (   38): client_registration: registration succeeded for client 6
D/qemud   (   38): fdhandler_event: disconnect on fd 13
I/SystemServer(   60): Registering null Bluetooth Service (emulator)
E/System  (   60): Failure starting core service
E/System  (   60): java.lang.SecurityException
E/System  (   60): 	at android.os.BinderProxy.transact(Native Method)
E/System  (   60): 	at android.os.ServiceManagerProxy.addService(ServiceManagerNative.java:146)
E/System  (   60): 	at android.os.ServiceManager.addService(ServiceManager.java:72)
E/System  (   60): 	at com.android.server.ServerThread.run(SystemServer.java:184)
I/SystemServer(   60): Device Policy
I/SystemServer(   60): Status Bar
I/SystemServer(   60): Clipboard Service
I/SystemServer(   60): Input Method Service
I/InputManagerService(   60): Enabled input methods: com.android.inputmethod.latin/.LatinIME:com.android.inputmethod.pinyin/.PinyinIME:jp.co.omronsoft.openwnn/.OpenWnnJAJP
I/SystemServer(   60): NetStat Service
I/SystemServer(   60): NetworkManagement Service
I/SystemServer(   60): Connectivity Service
V/ConnectivityService(   60): ConnectivityService starting up
