I/APP     (  279): I 08/16/2011 17:04:39:253 00260188              RhoRuby| require_compiled: rhom/rhom_db_adapter
I/APP     (  279): I 08/16/2011 17:04:39:350 00260188              RhoRuby| require_compiled: rhodes
I/APP     (  279): I 08/16/2011 17:04:39:356 00260188              RhoRuby| require_compiled: rhom/rhom_object
I/APP     (  279): I 08/16/2011 17:04:39:380 00260188              RhoRuby| require_compiled: rhofsconnector
I/APP     (  279): I 08/16/2011 17:04:39:383 00260188              RhoRuby| require_compiled: rho/rhofsconnector
I/APP     (  279): I 08/16/2011 17:04:39:398 00260188              RhoRuby| require_compiled: rhom/rhom_object_factory
I/ActivityManager(   60): Displayed activity com.rhomobile.mydailyrhodes/com.rhomobile.rhodes.RhodesActivity: 5401 ms (total 5401 ms)
I/APP     (  279): I 08/16/2011 17:04:39:918 00260188              RhoRuby| require_compiled: rhom/rhom
I/APP     (  279): I 08/16/2011 17:04:39:943 00260188              RhoRuby| require_compiled: rhom/rhom_model
I/APP     (  279): I 08/16/2011 17:04:39:966 00260188              RhoRuby| require_compiled: rhom
I/APP     (  279): I 08/16/2011 17:04:39:969 00260188              RhoRuby| require_compiled: rho/rhoapplication
I/APP     (  279): I 08/16/2011 17:04:40:009 00260188              RhoRuby| require_compiled: rholang/localization_simplified
I/APP     (  279): I 08/16/2011 17:04:40:036 00260188                  APP| Current locale: en; Country code: us
I/APP     (  279): I 08/16/2011 17:04:40:037 00260188                  APP| file: /data/data/com.rhomobile.mydailyrhodes/rhodata/lib/rholang/lang_
I/APP     (  279): I 08/16/2011 17:04:40:041 00260188              RhoRuby| require_compiled: /data/data/com.rhomobile.mydailyrhodes/rhodata/lib/rholang/lang_en
I/APP     (  279): I 08/16/2011 17:04:40:055 00260188              RhoRuby| require_compiled: rho/rhomsg
I/APP     (  279): I 08/16/2011 17:04:40:063 00260188                  APP| Current locale: en; Country code: us
I/APP     (  279): I 08/16/2011 17:04:40:063 00260188                  APP| file: /data/data/com.rhomobile.mydailyrhodes/rhodata/lib/rholang/rhomsg_
I/APP     (  279): I 08/16/2011 17:04:40:065 00260188              RhoRuby| require_compiled: /data/data/com.rhomobile.mydailyrhodes/rhodata/lib/rholang/rhomsg_en
I/APP     (  279): I 08/16/2011 17:04:40:074 00260188              RhoRuby| require_compiled: rho/rhotabbar
I/APP     (  279): I 08/16/2011 17:04:40:083 00260188              RhoRuby| require_compiled: rho/rhotoolbar
I/APP     (  279): I 08/16/2011 17:04:40:090 00260188              RhoRuby| require_compiled: indifferent_access
I/APP     (  279): I 08/16/2011 17:04:40:132 00260188              RhoRuby| require_compiled: rho/rhosupport
I/APP     (  279): I 08/16/2011 17:04:40:208 00260188              RhoRuby| require_compiled: rho/rhocontroller
I/APP     (  279): I 08/16/2011 17:04:40:231 00260188              RhoRuby| require_compiled: rho/render
I/APP     (  279): I 08/16/2011 17:04:40:415 00260188              RhoRuby| require_compiled: rho/rho
I/APP     (  279): I 08/16/2011 17:04:40:711 00260188              RhoRuby| require_compiled: rho/rhoerror
I/APP     (  279): I 08/16/2011 17:04:40:721 00260188                  APP| Current locale: en; Country code: us
I/APP     (  279): I 08/16/2011 17:04:40:722 00260188                  APP| file: /data/data/com.rhomobile.mydailyrhodes/rhodata/lib/rholang/rhoerror_
I/APP     (  279): I 08/16/2011 17:04:40:724 00260188              RhoRuby| require_compiled: /data/data/com.rhomobile.mydailyrhodes/rhodata/lib/rholang/rhoerror_en
I/APP     (  279): I 08/16/2011 17:04:40:737 00260188              RhoRuby| require_compiled: rhom/rhom_source
I/APP     (  279): I 08/16/2011 17:04:40:763 00260188              RhoRuby| require_compiled: rho/rhoviewhelpers
I/APP     (  279): I 08/16/2011 17:04:40:785 00260188              RhoRuby| require_compiled: rho
I/APP     (  279): I 08/16/2011 17:04:40:788 00260188                  APP| RHO loaded
I/APP     (  279): I 08/16/2011 17:04:40:790 00260188                  APP| Calling RHO.initialize
I/APP     (  279): I 08/16/2011 17:04:40:794 00260188                  APP| model file: MyTask/my_task
I/APP     (  279): I 08/16/2011 17:04:40:800 00260188                   DB| Open DB: /data/data/com.rhomobile.mydailyrhodes/rhodata/db/syncdbuser.sqlite
I/APP     (  279): I 08/16/2011 17:04:41:058 00260188            RhodesApp| Starting sync engine...
I/APP     (  279): I 08/16/2011 17:04:41:059 00260188                 Sync| sync_poll_interval: 0
I/APP     (  279): I 08/16/2011 17:04:41:060 00260188                 Sync| syncserver: 
I/APP     (  279): I 08/16/2011 17:04:41:062 00260188                 Sync| bulksync_state: 0
I/APP     (  279): I 08/16/2011 17:04:41:063 00260188            RhodesApp| RhoRubyInitApp...
I/APP     (  279): I 08/16/2011 17:04:41:065 00260188                  APP| init_app
I/APP     (  279): I 08/16/2011 17:04:41:068 00260188              RhoRuby| require_compiled: application
I/APP     (  279): I 08/16/2011 17:04:41:074 00260188                  APP| Current locale: en; Country code: us
I/APP     (  279): I 08/16/2011 17:04:41:080 00260188           HttpServer| Start HTTP server
I/APP     (  279): I 08/16/2011 17:04:41:083 00260188         AppCallbacks| addCommand: LOCAL-SERVER-STARTED
I/APP     (  279): I 08/16/2011 17:04:41:085 00231c88         AppCallbacks| process command: LOCAL-SERVER-STARTED
I/APP     (  279): I 08/16/2011 17:04:41:087 00231c88           AppStarted| Handlers have completed.
I/APP     (  279): I 08/16/2011 17:04:41:087 00231c88         AppActivated| Handlers have completed.
I/APP     (  279): I 08/16/2011 17:04:41:090 00231c88    RhodesApplication| New AppState: AppActivated
I/APP     (  279): I 08/16/2011 17:04:41:090 00231c88         AppCallbacks| process command: UI-CREATED
I/APP     (  279): I 08/16/2011 17:04:41:116 00260188           HttpServer| Process URI: '/system/uicreated'
I/APP     (  279): I 08/16/2011 17:04:41:117 00260188                  APP| on_ui_created.navigate to start url: '/app'
I/APP     (  279): I 08/16/2011 17:04:41:160 00231c88         AppCallbacks| process command: APP-ACTIVATED
V/SimpleMainView(  279): ms[1313514281389] processForNativeView : [http://127.0.0.1:49277/app]
I/APP     (  279): I 08/16/2011 17:04:41:407 00260188           HttpServer| Process URI: '/system/activateapp'
I/APP     (  279): I 08/16/2011 17:04:41:410 00231c88         AppCallbacks| ThreadQueue blocked for 300 seconds...
V/SimpleMainView.View(  279): ms[1313514281470]  Main Window :: onSizeChanged() old [ 320 x 455 ]  new [ 0 x 0 ]
I/APP     (  279): I 08/16/2011 17:04:41:813 00260188           HttpServer| Process URI: '/app'
D/webviewglue(  279): nativeDestroy view: 0x315048
D/dalvikvm(  279): GC_FOR_MALLOC freed 2752 objects / 493504 bytes in 61ms
I/APP     (  279): I 08/16/2011 17:04:42:321 00260188           HttpServer| Process URI: '/app/index_erb.iseq'
I/APP     (  279): I 08/16/2011 17:04:42:327 00260188                  APP| RHO serve_index: /app/index_erb.iseq
I/APP     (  279): I 08/16/2011 17:04:42:335 00260188 RHO Rho::RhoController| inst_render_index
I/APP     (  279): I 08/16/2011 17:04:42:354 00260188 RHO Rho::RhoController| index layout
I/APP     (  279): I 08/16/2011 17:04:42:743 00260188           HttpServer| Process URI: '/public/jqtouch/jquery.1.3.2.min.js'
I/APP     (  279): I 08/16/2011 17:04:42:887 00260188           HttpServer| Process URI: '/public/jqtouch/jqtouch.js'
I/APP     (  279): I 08/16/2011 17:04:43:038 00260188           HttpServer| Process URI: '/public/jqtouch/jqtouch.css'
I/APP     (  279): I 08/16/2011 17:04:43:081 00260188           HttpServer| Process URI: '/public/css/android.css'
I/APP     (  279): I 08/16/2011 17:04:44:489 00260188           HttpServer| Process URI: '/public/images/android/disclosure.png'
V/SimpleMainView(  279): ms[1313514288993] processForNativeView : [http://127.0.0.1:49277/app/Settings]
D/dalvikvm(  279): GC_FOR_MALLOC freed 2225 objects / 466936 bytes in 126ms
I/APP     (  279): I 08/16/2011 17:04:49:159 00260188           HttpServer| Process URI: '/app/Settings'
I/APP     (  279): I 08/16/2011 17:04:49:164 00260188                  APP| RHO serve: /app/Settings
I/APP     (  279): I 08/16/2011 17:04:49:180 00260188              RhoRuby| require_compiled: Settings/controller
I/APP     (  279): I 08/16/2011 17:04:49:215 00260188              RhoRuby| require_compiled: helpers/browser_helper
I/APP     (  279): I 08/16/2011 17:04:49:289 00260188 RHO SettingsController| Layout file: /data/data/com.rhomobile.mydailyrhodes/rhodata/apps/app/layout_erb.iseq. Content size: 1326
I/ActivityManager(   60): Process android.process.acore (pid 156) has died.
I/APP     (  279): I 08/16/2011 17:04:54:656 00260188           HttpServer| Process URI: '/app/Settings/reset'
I/APP     (  279): I 08/16/2011 17:04:54:671 00260188                  APP| RHO serve: /app/Settings/reset
I/APP     (  279): I 08/16/2011 17:04:57:760 00260188           HttpServer| Process URI: '/app/Settings/do_reset'
I/APP     (  279): I 08/16/2011 17:04:57:761 00260188                  APP| RHO serve: /app/Settings/do_reset
I/APP     (  279): I 08/16/2011 17:04:57:763 00260188                  APP| database_full_reset : reset_client_info=false, reset_local_models=true
I/APP     (  279): I 08/16/2011 17:04:57:764 00260188                  APP| load_all_sync_sources
I/APP     (  279): I 08/16/2011 17:04:57:764 00260188                  APP| load_model: MyTask
I/APP     (  279): I 08/16/2011 17:04:57:779 00260188              RhoRuby| require_compiled: MyTask/my_task
I/APP     (  279): I 08/16/2011 17:04:57:783 00260188                  APP| model name: MyTask
I/APP     (  279): I 08/16/2011 17:04:57:785 00260188                  APP| model class found
I/APP     (  279): I 08/16/2011 17:04:57:787 00260188                  APP| MyTask : {"property"=>{}}
I/APP     (  279): I 08/16/2011 17:04:57:789 00260188                   DB| Open DB: /data/data/com.rhomobile.mydailyrhodes/rhodata/db/syncdblocal.sqlite
I/APP     (  279): I 08/16/2011 17:04:57:910 00260188                  APP| init_sources: 
I/APP     (  279): I 08/16/2011 17:04:57:913 00260188                  APP| @db_partitions : {"user"=>#<Rhom::RhomDbAdapter:0x4737e748 @database=#<SQLite3::Database:0x4737e730>>, "local"=>#<Rhom::RhomDbAdapter:0x47382288 @database=#<SQLite3::Database:0x47382270>>}
I/APP     (  279): I 08/16/2011 17:04:57:917 00260188                  APP| init_db_sources
I/APP     (  279): I 08/16/2011 17:04:57:919 00260188                  APP| start_id: 3
I/APP     (  279): I 08/16/2011 17:04:57:925 00260188                  APP| init_db_sources
I/APP     (  279): I 08/16/2011 17:04:57:929 00260188                  APP| start_id: 40003
I/APP     (  279): I 08/16/2011 17:04:57:943 00260188                  APP| Migrate schema sources: {}
I/APP     (  279): I 08/16/2011 17:04:57:943 00260188                  APP| init_schema_sources
I/APP     (  279): I 08/16/2011 17:04:57:948 00260188                  APP| END init_schema_sources
I/APP     (  279): I 08/16/2011 17:04:57:949 00260188  SyncThread.cpp: 225| STOP sync
I/APP     (  279): I 08/16/2011 17:04:57:960 00260188                   DB| Open DB: /data/data/com.rhomobile.mydailyrhodes/rhodata/db/resetdbtemp.sqlite
I/APP     (  279): I 08/16/2011 17:04:58:060 00260188                   DB| Open DB: /data/data/com.rhomobile.mydailyrhodes/rhodata/db/syncdbuser.sqlite
I/APP     (  279): I 08/16/2011 17:04:58:073 00260188                   DB| Open DB: /data/data/com.rhomobile.mydailyrhodes/rhodata/db/resetdbtemp.sqlite
I/APP     (  279): I 08/16/2011 17:04:58:171 00260188                   DB| Open DB: /data/data/com.rhomobile.mydailyrhodes/rhodata/db/syncdblocal.sqlite
I/APP     (  279): I 08/16/2011 17:04:58:173 00260188                  APP| init_schema_sources
I/APP     (  279): I 08/16/2011 17:04:58:183 00260188                  APP| END init_schema_sources
I/APP     (  279): I 08/16/2011 17:04:58:184 00260188                 Sync| addCommand: SyncAll
I/APP     (  279): I 08/16/2011 17:04:58:296 00260188           HttpServer| Process URI: '/app/Settings'
I/APP     (  279): I 08/16/2011 17:04:58:297 00260188                  APP| RHO serve: /app/Settings
I/APP     (  279): I 08/16/2011 17:04:58:307 00260188                  APP| Params: {"msg"=>"Database has been reset."}
I/APP     (  279): I 08/16/2011 17:05:01:558 00260188           HttpServer| Process URI: '/app/Settings/do_sync'
I/APP     (  279): I 08/16/2011 17:05:01:560 00260188                  APP| RHO serve: /app/Settings/do_sync
I/APP     (  279): I 08/16/2011 17:05:01:562 00260188                 Sync| addCommand: SyncAll
I/APP     (  279): I 08/16/2011 17:05:01:562 00260188                 Sync| Command already exists in queue. Skip it.
I/APP     (  279): I 08/16/2011 17:05:01:621 00260188           HttpServer| Process URI: '/app/Settings'
I/APP     (  279): I 08/16/2011 17:05:01:623 00260188                  APP| RHO serve: /app/Settings
I/APP     (  279): I 08/16/2011 17:05:01:630 00260188                  APP| Params: {"msg"=>"Sync has been triggered."}
I/Netd    (   30): Netd 1.0 starting
D/qemud   (   38): entering main loop
I/DEBUG   (   31): debuggerd: Jun 30 2010 13:59:20
I/Vold    (   29): Vold 2.1 (the revenge) firing up
D/Vold    (   29): Volume sdcard state changing -1 (Initializing) -> 0 (No-Media)
D/Vold    (   29): Volume sdcard state changing 0 (No-Media) -> 1 (Idle-Unmounted)
W/Vold    (   29): No UMS switch available
D/qemud   (   38): fdhandler_accept_event: accepting on fd 10
D/qemud   (   38): created client 0xe078 listening on fd 8
D/qemud   (   38): client_fd_receive: attempting registration for service 'boot-properties'
D/qemud   (   38): client_fd_receive:    -> received channel id 1
D/qemud   (   38): client_registration: registration succeeded for client 1
I/qemu-props(   52): connected to 'boot-properties' qemud service.
I/qemu-props(   52): received: dalvik.vm.heapsize=24m
I/qemu-props(   52): received: qemu.sf.lcd_density=160
I/qemu-props(   52): received: 
I/qemu-props(   52): invalid format, ignored.
D/AndroidRuntime(   33): 
D/AndroidRuntime(   33): >>>>>>>>>>>>>> AndroidRuntime START <<<<<<<<<<<<<<
D/AndroidRuntime(   33): CheckJNI is ON
D/qemud   (   38): fdhandler_accept_event: accepting on fd 10
D/qemud   (   38): created client 0xe078 listening on fd 11
D/qemud   (   38): fdhandler_event: disconnect on fd 11
D/qemud   (   38): fdhandler_accept_event: accepting on fd 10
D/qemud   (   38): created client 0xe078 listening on fd 11
D/qemud   (   38): client_fd_receive: attempting registration for service 'gsm'
D/qemud   (   38): client_fd_receive:    -> received channel id 2
D/qemud   (   38): client_registration: registration succeeded for client 2
I/        (   34): ServiceManager: 0xacd0
D/AudioHardwareInterface(   34): setMode(NORMAL)
I/CameraService(   34): CameraService started: pid=34
I/AudioFlinger(   34): AudioFlinger's thread 0xb3f0 ready to run
D/AndroidRuntime(   33): --- registering native functions ---
I/SamplingProfilerIntegration(   33): Profiler is disabled.
I/Zygote  (   33): Preloading classes...
E/Zygote  (   33): setreuid() failed. errno: 2
D/dalvikvm(   33): GC_EXPLICIT freed 821 objects / 47496 bytes in 6ms
D/dalvikvm(   33): GC_EXPLICIT freed 219 objects / 13600 bytes in 3ms
D/dalvikvm(   33): GC_EXPLICIT freed 253 objects / 14360 bytes in 3ms
D/dalvikvm(   33): GC_EXPLICIT freed 468 objects / 28984 bytes in 5ms
D/dalvikvm(   33): GC_EXPLICIT freed 2088 objects / 108280 bytes in 6ms
W/MediaProfiles(   33): could not find media config xml file
D/dalvikvm(   33): GC_EXPLICIT freed 279 objects / 15984 bytes in 8ms
D/dalvikvm(   33): GC_FOR_MALLOC freed 5052 objects / 223992 bytes in 14ms
D/dalvikvm(   33): GC_FOR_MALLOC freed 11253 objects / 381344 bytes in 17ms
D/dalvikvm(   33): GC_FOR_MALLOC freed 9798 objects / 461152 bytes in 18ms
D/dalvikvm(   33): GC_FOR_MALLOC freed 8690 objects / 422872 bytes in 24ms
D/dalvikvm(   33): GC_FOR_MALLOC freed 7835 objects / 458864 bytes in 22ms
D/dalvikvm(   33): GC_FOR_MALLOC freed 7626 objects / 457776 bytes in 27ms
D/dalvikvm(   33): GC_FOR_MALLOC freed 8231 objects / 513296 bytes in 21ms
D/dalvikvm(   33): GC_FOR_MALLOC freed 7558 objects / 487104 bytes in 21ms
D/dalvikvm(   33): GC_EXPLICIT freed 175 objects / 9248 bytes in 19ms
D/dalvikvm(   33): GC_EXPLICIT freed 594 objects / 29024 bytes in 36ms
D/dalvikvm(   33): GC_EXPLICIT freed 449 objects / 25280 bytes in 34ms
D/dalvikvm(   33): GC_EXPLICIT freed 308 objects / 35136 bytes in 32ms
D/dalvikvm(   33): GC_EXPLICIT freed 279 objects / 18896 bytes in 29ms
D/dalvikvm(   33): GC_EXPLICIT freed 341 objects / 18472 bytes in 27ms
D/dalvikvm(   33): GC_EXPLICIT freed 449 objects / 28352 bytes in 26ms
D/dalvikvm(   33): GC_EXPLICIT freed 528 objects / 53264 bytes in 34ms
D/dalvikvm(   33): GC_EXPLICIT freed 623 objects / 34008 bytes in 34ms
D/dalvikvm(   33): GC_EXPLICIT freed 861 objects / 46864 bytes in 41ms
D/dalvikvm(   33): GC_EXPLICIT freed 1747 objects / 85512 bytes in 38ms
D/dalvikvm(   33): GC_EXPLICIT freed 447 objects / 29448 bytes in 38ms
D/dalvikvm(   33): GC_EXPLICIT freed 315 objects / 20192 bytes in 35ms
I/Zygote  (   33): ...preloaded 1265 classes in 7410ms.
E/Zygote  (   33): setreuid() failed. errno: 17
D/dalvikvm(   33): GC_EXPLICIT freed 104 objects / 14208 bytes in 36ms
I/Zygote  (   33): Preloading resources...
W/Zygote  (   33): Preloaded drawable resource #0x1080093 (res/drawable-mdpi/sym_def_app_icon.png) that varies with configuration!!
W/Zygote  (   33): Preloaded drawable resource #0x1080002 (res/drawable-mdpi/arrow_down_float.png) that varies with configuration!!
W/Zygote  (   33): Preloaded drawable resource #0x10800b3 (res/drawable/btn_check.xml) that varies with configuration!!
W/Zygote  (   33): Preloaded drawable resource #0x10800b6 (res/drawable-mdpi/btn_check_label_background.9.png) that varies with configuration!!
W/Zygote  (   33): Preloaded drawable resource #0x10800b7 (res/drawable-mdpi/btn_check_off.png) that varies with configuration!!
W/Zygote  (   33): Preloaded drawable resource #0x10800bc (res/drawable-mdpi/btn_check_on.png) that varies with configuration!!
W/Zygote  (   33): Preloaded drawable resource #0x1080004 (res/drawable/btn_default.xml) that varies with configuration!!
W/Zygote  (   33): Preloaded drawable resource #0x1080005 (res/drawable/btn_default_small.xml) that varies with configuration!!
W/Zygote  (   33): Preloaded drawable resource #0x1080006 (res/drawable/btn_dropdown.xml) that varies with configuration!!
W/Zygote  (   33): Preloaded drawable resource #0x1080008 (res/drawable/btn_plus.xml) that varies with configuration!!
W/Zygote  (   33): Preloaded drawable resource #0x1080007 (res/drawable/btn_minus.xml) that varies with configuration!!
W/Zygote  (   33): Preloaded drawable resource #0x1080009 (res/drawable/btn_radio.xml) that varies with configuration!!
W/Zygote  (   33): Preloaded drawable resource #0x108000a (res/drawable/btn_star.xml) that varies with configuration!!
D/dalvikvm(   33): GC_EXPLICIT freed 421 objects / 25888 bytes in 37ms
W/Zygote  (   33): Preloaded drawable resource #0x1080131 (res/drawable/btn_toggle.xml) that varies with configuration!!
W/Zygote  (   33): Preloaded drawable resource #0x1080194 (res/drawable-mdpi/ic_emergency.png) that varies with configuration!!
W/Zygote  (   33): Preloaded drawable resource #0x1080012 (res/drawable-mdpi/divider_horizontal_bright.9.png) that varies with configuration!!
W/Zygote  (   33): Preloaded drawable resource #0x1080014 (res/drawable-mdpi/divider_horizontal_dark.9.png) that varies with configuration!!
W/Zygote  (   33): Preloaded drawable resource #0x1080016 (res/drawable/edit_text.xml) that varies with configuration!!
W/Zygote  (   33): Preloaded drawable resource #0x108016d (res/drawable/expander_group.xml) that varies with configuration!!
W/Zygote  (   33): Preloaded drawable resource #0x1080062 (res/drawable/list_selector_background.xml) that varies with configuration!!
W/Zygote  (   33): Preloaded drawable resource #0x1080227 (res/drawable-mdpi/menu_background.9.png) that varies with configuration!!
W/Zygote  (   33): Preloaded drawable resource #0x1080228 (res/drawable-mdpi/menu_background_fill_parent_width.9.png) that varies with configuration!!
W/Zygote  (   33): Preloaded drawable resource #0x1080229 (res/drawable/menu_selector.xml) that varies with configuration!!
W/Zygote  (   33): Preloaded drawable resource #0x1080234 (res/drawable-mdpi/panel_background.9.png) that varies with configuration!!
W/Zygote  (   33): Preloaded drawable resource #0x108023b (res/drawable-mdpi/popup_bottom_bright.9.png) that varies with configuration!!
W/Zygote  (   33): Preloaded drawable resource #0x108023c (res/drawable-mdpi/popup_bottom_dark.9.png) that varies with configuration!!
W/Zygote  (   33): Preloaded drawable resource #0x108023d (res/drawable-mdpi/popup_bottom_medium.9.png) that varies with configuration!!
W/Zygote  (   33): Preloaded drawable resource #0x108023e (res/drawable-mdpi/popup_center_bright.9.png) that varies with configuration!!
W/Zygote  (   33): Preloaded drawable resource #0x108023f (res/drawable-mdpi/popup_center_dark.9.png) that varies with configuration!!
W/Zygote  (   33): Preloaded drawable resource #0x1080242 (res/drawable-mdpi/popup_full_dark.9.png) that varies with configuration!!
W/Zygote  (   33): Preloaded drawable resource #0x1080245 (res/drawable-mdpi/popup_top_bright.9.png) that varies with configuration!!
W/Zygote  (   33): Preloaded drawable resource #0x1080246 (res/drawable-mdpi/popup_top_dark.9.png) that varies with configuration!!
W/Zygote  (   33): Preloaded drawable resource #0x108006d (res/drawable/progress_indeterminate_horizontal.xml) that varies with configuration!!
W/Zygote  (   33): Preloaded drawable resource #0x108024c (res/drawable/progress_small.xml) that varies with configuration!!
W/Zygote  (   33): Preloaded drawable resource #0x108024d (res/drawable/progress_small_titlebar.xml) that varies with configuration!!
W/Zygote  (   33): Preloaded drawable resource #0x1080270 (res/drawable-mdpi/scrollbar_handle_horizontal.9.png) that varies with configuration!!
W/Zygote  (   33): Preloaded drawable resource #0x1080271 (res/drawable-mdpi/scrollbar_handle_vertical.9.png) that varies with configuration!!
D/dalvikvm(   33): GC_EXPLICIT freed 477 objects / 32656 bytes in 35ms
W/Zygote  (   33): Preloaded drawable resource #0x1080071 (res/drawable/spinner_dropdown_background.xml) that varies with configuration!!
W/Zygote  (   33): Preloaded drawable resource #0x1080354 (res/drawable-mdpi/title_bar_shadow.9.png) that varies with configuration!!
W/Zygote  (   33): Preloaded drawable resource #0x10801d6 (res/drawable-mdpi/indicator_code_lock_drag_direction_green_up.png) that varies with configuration!!
W/Zygote  (   33): Preloaded drawable resource #0x10801d7 (res/drawable-mdpi/indicator_code_lock_drag_direction_red_up.png) that varies with configuration!!
W/Zygote  (   33): Preloaded drawable resource #0x10801d8 (res/drawable-mdpi/indicator_code_lock_point_area_default.png) that varies with configuration!!
W/Zygote  (   33): Preloaded drawable resource #0x10801d9 (res/drawable-mdpi/indicator_code_lock_point_area_green.png) that varies with configuration!!
W/Zygote  (   33): Preloaded drawable resource #0x10801da (res/drawable-mdpi/indicator_code_lock_point_area_red.png) that varies with configuration!!
W/Zygote  (   33): Preloaded drawable resource #0x10801e8 (res/drawable-mdpi/jog_tab_bar_left_end_confirm_gray.9.png) that varies with configuration!!
W/Zygote  (   33): Preloaded drawable resource #0x10801ec (res/drawable-mdpi/jog_tab_bar_left_end_normal.9.png) that varies with configuration!!
W/Zygote  (   33): Preloaded drawable resource #0x10801ed (res/drawable-mdpi/jog_tab_bar_left_end_pressed.9.png) that varies with configuration!!
W/Zygote  (   33): Preloaded drawable resource #0x10801f1 (res/drawable-mdpi/jog_tab_bar_right_end_confirm_gray.9.png) that varies with configuration!!
W/Zygote  (   33): Preloaded drawable resource #0x10801f5 (res/drawable-mdpi/jog_tab_bar_right_end_normal.9.png) that varies with configuration!!
W/Zygote  (   33): Preloaded drawable resource #0x10801f6 (res/drawable-mdpi/jog_tab_bar_right_end_pressed.9.png) that varies with configuration!!
W/Zygote  (   33): Preloaded drawable resource #0x10801fb (res/drawable-mdpi/jog_tab_left_confirm_gray.png) that varies with configuration!!
W/Zygote  (   33): Preloaded drawable resource #0x1080200 (res/drawable-mdpi/jog_tab_left_normal.png) that varies with configuration!!
W/Zygote  (   33): Preloaded drawable resource #0x1080201 (res/drawable-mdpi/jog_tab_left_pressed.png) that varies with configuration!!
W/Zygote  (   33): Preloaded drawable resource #0x1080203 (res/drawable-mdpi/jog_tab_right_confirm_gray.png) that varies with configuration!!
W/Zygote  (   33): Preloaded drawable resource #0x1080209 (res/drawable-mdpi/jog_tab_right_normal.png) that varies with configuration!!
W/Zygote  (   33): Preloaded drawable resource #0x108020a (res/drawable-mdpi/jog_tab_right_pressed.png) that varies with configuration!!
W/Zygote  (   33): Preloaded drawable resource #0x108020d (res/drawable-mdpi/jog_tab_target_gray.png) that varies with configuration!!
I/Zygote  (   33): ...preloaded 61 resources in 460ms.
I/Zygote  (   33): ...preloaded 15 resources in 12ms.
D/dalvikvm(   33): GC_EXPLICIT freed 503 objects / 37800 bytes in 35ms
D/dalvikvm(   33): GC_EXPLICIT freed 150 objects / 5784 bytes in 32ms
D/dalvikvm(   33): GC_EXPLICIT freed 2 objects / 48 bytes in 52ms
I/dalvikvm(   33): System server process 60 has been created
I/Zygote  (   33): Accepting command socket connections
E/BatteryService(   60): usbOnlinePath not found
E/BatteryService(   60): batteryVoltagePath not found
E/BatteryService(   60): batteryTemperaturePath not found
I/sysproc (   60): Entered system_init()
I/sysproc (   60): ServiceManager: 0x11d680
I/SurfaceFlinger(   60): SurfaceFlinger is starting
I/SurfaceFlinger(   60): SurfaceFlinger's main thread ready to run. Initializing graphics H/W...
E/SurfaceFlinger(   60): Couldn't open /sys/power/wait_for_fb_sleep or /sys/power/wait_for_fb_wake
I/gralloc (   60): using (fd=24)
I/gralloc (   60): id           = 
I/gralloc (   60): xres         = 320 px
I/gralloc (   60): yres         = 480 px
I/gralloc (   60): xres_virtual = 320 px
I/gralloc (   60): yres_virtual = 960 px
I/gralloc (   60): bpp          = 16
I/gralloc (   60): r            = 11:5
I/gralloc (   60): g            =  5:6
I/gralloc (   60): b            =  0:5
I/gralloc (   60): width        = 49 mm (165.877548 dpi)
I/gralloc (   60): height       = 74 mm (164.756760 dpi)
I/gralloc (   60): refresh rate = 60.00 Hz
D/libEGL  (   60): egl.cfg not found, using default config
D/libEGL  (   60): loaded /system/lib/egl/libGLES_android.so
I/SurfaceFlinger(   60): EGL informations:
I/SurfaceFlinger(   60): # of configs : 8
I/SurfaceFlinger(   60): vendor    : Android
I/SurfaceFlinger(   60): version   : 1.4 Android META-EGL
I/SurfaceFlinger(   60): extensions: EGL_KHR_image EGL_KHR_image_base EGL_KHR_image_pixmap EGL_ANDROID_image_native_buffer EGL_ANDROID_swap_rectangle EGL_ANDROID_get_render_buffer 
I/SurfaceFlinger(   60): Client API: OpenGL ES
I/SurfaceFlinger(   60): EGLSurface: 5-6-5-0, config=0x1000000
I/SurfaceFlinger(   60): flags     : 001c0000
I/SurfaceFlinger(   60): OpenGL informations:
I/SurfaceFlinger(   60): vendor    : Android
I/SurfaceFlinger(   60): renderer  : Android PixelFlinger 1.3
I/SurfaceFlinger(   60): version   : OpenGL ES-CM 1.0
I/SurfaceFlinger(   60): extensions: GL_OES_byte_coordinates GL_OES_fixed_point GL_OES_single_precision GL_OES_read_format GL_OES_compressed_paletted_texture GL_OES_draw_texture GL_OES_matrix_get GL_OES_query_matrix GL_OES_EGL_image GL_OES_compressed_ETC1_RGB8_texture GL_ARB_texture_compression GL_ARB_texture_non_power_of_two GL_ANDROID_user_clip_plane GL_ANDROID_vertex_buffer_object GL_ANDROID_generate_mipmap 
I/SurfaceFlinger(   60): GL_MAX_TEXTURE_SIZE = 4096
I/SurfaceFlinger(   60): GL_MAX_VIEWPORT_DIMS = 4096
I/sysproc (   60): System server: starting Android runtime.
I/sysproc (   60): System server: starting Android services.
I/SystemServer(   60): Entered the Android system server!
I/sysproc (   60): System server: entering thread pool.
I/SystemServer(   60): Entropy Service
I/SystemServer(   60): Power Manager
I/SystemServer(   60): Activity Manager
I/ActivityManager(   60): Memory class: 24
W/UsageStats(   60): Usage stats version changed; dropping
I/BootAnimation(   70): boot animation disabled
I/SystemServer(   60): Telephony Registry
I/SystemServer(   60): Package Manager
I/Installer(   60): connecting...
I/installd(   35): new connection
I/PackageManager(   60): Libs: android.test.runner:/system/framework/android.test.runner.jar javax.obex:/system/framework/javax.obex.jar
I/PackageManager(   60): Features: android.hardware.camera android.hardware.camera.autofocus
D/dalvikvm(   60): GC_FOR_MALLOC freed 5976 objects / 246520 bytes in 61ms
W/PackageManager(   60): Running ENG build: no pre-dexopt!
D/PackageManager(   60): Scanning app dir /system/framework
D/PackageManager(   60): Scanning app dir /system/app
D/dalvikvm(   60): GC_FOR_MALLOC freed 7243 objects / 368552 bytes in 68ms
D/dalvikvm(   60): GC_FOR_MALLOC freed 5751 objects / 314056 bytes in 71ms
D/PackageManager(   60): Scanning app dir /data/app
W/PackageParser(   60): No actions in intent filter at /data/app/ApiDemos.apk Binary XML file line #1841
W/PackageParser(   60): No actions in intent filter at /data/app/ApiDemos.apk Binary XML file line #1847
D/dalvikvm(   60): GC_FOR_MALLOC freed 6219 objects / 328408 bytes in 66ms
W/PackageManager(   60): Package com.example.android.apis desires unavailable shared library com.example.will.never.exist; ignoring!
D/PackageManager(   60): Scanning app dir /data/app-private
I/PackageManager(   60): Time to scan packages: 2.075 seconds
W/PackageManager(   60): Unknown permission com.google.android.googleapps.permission.GOOGLE_AUTH.mail in package com.android.contacts
W/PackageManager(   60): Unknown permission android.permission.ADD_SYSTEM_SERVICE in package com.android.phone
W/PackageManager(   60): Not granting permission android.permission.SEND_DOWNLOAD_COMPLETED_INTENTS to package com.android.browser (protectionLevel=2 flags=0x1be45)
W/PackageManager(   60): Unknown permission com.google.android.gm.permission.WRITE_GMAIL in package com.android.settings
W/PackageManager(   60): Unknown permission com.google.android.gm.permission.READ_GMAIL in package com.android.settings
W/PackageManager(   60): Unknown permission com.google.android.googleapps.permission.GOOGLE_AUTH in package com.android.settings
W/PackageManager(   60): Unknown permission com.google.android.googleapps.permission.GOOGLE_AUTH in package com.android.providers.contacts
W/PackageManager(   60): Unknown permission com.google.android.googleapps.permission.GOOGLE_AUTH.cp in package com.android.providers.contacts
W/PackageManager(   60): Unknown permission com.google.android.googleapps.permission.ACCESS_GOOGLE_PASSWORD in package com.android.development
W/PackageManager(   60): Unknown permission com.google.android.googleapps.permission.GOOGLE_AUTH in package com.android.development
W/PackageManager(   60): Unknown permission com.google.android.googleapps.permission.GOOGLE_AUTH.ALL_SERVICES in package com.android.development
W/PackageManager(   60): Unknown permission com.google.android.googleapps.permission.GOOGLE_AUTH.YouTubeUser in package com.android.development
D/dalvikvm(   60): GC_EXPLICIT freed 4013 objects / 255840 bytes in 60ms
I/SystemServer(   60): Account Manager
I/SystemServer(   60): Content Manager
I/SystemServer(   60): System Content Providers
I/ActivityThread(   60): Publishing provider settings: com.android.providers.settings.SettingsProvider
I/SystemServer(   60): Battery Service
I/SystemServer(   60): Lights Service
I/SystemServer(   60): Vibrator Service
D/qemud   (   38): fdhandler_accept_event: accepting on fd 10
D/qemud   (   38): created client 0x11008 listening on fd 12
D/qemud   (   38): client_fd_receive: attempting registration for service 'hw-control'
D/qemud   (   38): client_fd_receive:    -> received channel id 3
D/qemud   (   38): client_registration: registration succeeded for client 3
I/SystemServer(   60): Alarm Manager
I/SystemServer(   60): Init Watchdog
I/SystemServer(   60): Sensor Service
D/qemud   (   38): fdhandler_accept_event: accepting on fd 10
D/qemud   (   38): created client 0xc038 listening on fd 13
D/qemud   (   38): client_fd_receive: attempting registration for service 'sensors'
D/qemud   (   38): client_fd_receive:    -> received channel id 4
D/qemud   (   38): client_registration: registration succeeded for client 4
D/qemud   (   38): fdhandler_event: disconnect on fd 13
I/SystemServer(   60): Window Manager
I/EventHub(   60): New keyboard: device->id=0x10000 devname='qwerty2' propName='hw.keyboards.65536.devname' keylayout='/system/usr/keylayout/qwerty.kl'
I/EventHub(   60): New device: path=/dev/input/event0 name=qwerty2 id=0x10000 (of 0x1) index=1 fd=47 classes=0x2f
E/EventHub(   60): could not get driver version for /dev/input/mouse0, Not a typewriter
E/EventHub(   60): could not get driver version for /dev/input/mice, Not a typewriter
I/KeyInputQueue(   60): Device added: id=0x0, name=qwerty2, classes=2f
I/KeyInputQueue(   60):   X: min=0 max=319 flat=0 fuzz=0
I/KeyInputQueue(   60):   Y: min=0 max=479 flat=0 fuzz=0
I/KeyInputQueue(   60):   Pressure: unknown values
I/KeyInputQueue(   60):   Size: unknown values
I/KeyInputQueue(   60): No virtual keys found
D/qemud   (   38): fdhandler_accept_event: accepting on fd 10
D/qemud   (   38): created client 0xc038 listening on fd 13
D/qemud   (   38): client_fd_receive: attempting registration for service 'sensors'
D/qemud   (   38): client_fd_receive:    -> received channel id 5
D/qemud   (   38): client_registration: registration succeeded for client 5
D/qemud   (   38): fdhandler_event: disconnect on fd 13
I/SystemServer(   60): Registering null Bluetooth Service (emulator)
E/System  (   60): Failure starting core service
E/System  (   60): java.lang.SecurityException
E/System  (   60): 	at android.os.BinderProxy.transact(Native Method)
E/System  (   60): 	at android.os.ServiceManagerProxy.addService(ServiceManagerNative.java:146)
E/System  (   60): 	at android.os.ServiceManager.addService(ServiceManager.java:72)
E/System  (   60): 	at com.android.server.ServerThread.run(SystemServer.java:184)
I/SystemServer(   60): Device Policy
I/SystemServer(   60): Status Bar
I/SystemServer(   60): Clipboard Service
I/SystemServer(   60): Input Method Service
I/InputManagerService(   60): Enabled input methods: com.android.inputmethod.latin/.LatinIME:com.android.inputmethod.pinyin/.PinyinIME:jp.co.omronsoft.openwnn/.OpenWnnJAJP
I/SystemServer(   60): NetStat Service
I/SystemServer(   60): NetworkManagement Service
I/SystemServer(   60): Connectivity Service
V/ConnectivityService(   60): ConnectivityService starting up
D/ConnectivityService(   60): getMobileDataEnabled returning true
V/ConnectivityService(   60): Starting Wifi Service.
I/WifiService(   60): WifiService starting up with Wi-Fi disabled
D/Tethering(   60): Tethering starting
D/NetworkManagmentService(   60): Registering observer
I/SystemServer(   60): Throttle Service
I/SystemServer(   60): Accessibility Manager
I/SystemServer(   60): Mount Service
I/SystemServer(   60): Notification Manager
I/SystemServer(   60): Device Storage Monitor
D/VoldCmdListener(   29): volume list
I/PackageManager(   60): Updating external media status from unmounted to unmounted
I/SystemServer(   60): Location Manager
I/SystemServer(   60): Search Service
I/SystemServer(   60): DropBox Service
I/SystemServer(   60): Wallpaper Service
D/VoldCmdListener(   29): share status ums
D/dalvikvm(   60): GC_FOR_MALLOC freed 4145 objects / 248168 bytes in 66ms
I/SystemServer(   60): Audio Service
D/AudioHardwareInterface(   34): setMode(NORMAL)
W/AudioPolicyManagerBase(   34): setPhoneState() setting same state 0
E/SoundPool(   60): error loading /system/media/audio/ui/Effect_Tick.ogg
W/AudioService(   60): Soundpool could not load file: /system/media/audio/ui/Effect_Tick.ogg
E/SoundPool(   60): error loading /system/media/audio/ui/KeypressStandard.ogg
W/AudioService(   60): Soundpool could not load file: /system/media/audio/ui/KeypressStandard.ogg
E/SoundPool(   60): error loading /system/media/audio/ui/KeypressSpacebar.ogg
W/AudioService(   60): Soundpool could not load file: /system/media/audio/ui/KeypressSpacebar.ogg
E/SoundPool(   60): error loading /system/media/audio/ui/KeypressDelete.ogg
W/AudioService(   60): Soundpool could not load file: /system/media/audio/ui/KeypressDelete.ogg
E/SoundPool(   60): error loading /system/media/audio/ui/KeypressReturn.ogg
W/AudioService(   60): Soundpool could not load file: /system/media/audio/ui/KeypressReturn.ogg
I/SystemServer(   60): Headset Observer
W/HeadsetObserver(   60): This kernel does not have wired headset support
I/SystemServer(   60): Dock Observer
W/DockObserver(   60): This kernel does not have dock station support
I/SystemServer(   60): UI Mode Manager Service
I/SystemServer(   60): Backup Service
V/BackupManagerService(   60): No ancestral data
I/BackupManagerService(   60): Found stale backup journal, scheduling:
I/BackupManagerService(   60):     + com.android.inputmethod.latin
I/BackupManagerService(   60):     + com.android.browser
I/BackupManagerService(   60):     + com.android.providers.userdictionary
I/BackupManagerService(   60):     + android
I/BackupManagerService(   60):     + com.android.providers.settings
I/BackupManagerService(   60): Backup enabled => false
I/SystemServer(   60): AppWidget Service
I/SystemServer(   60): Recognition Service
D/VoldCmdListener(   29): share status ums
D/StorageNotification(   60): Startup with UMS connection false (media state unmounted)
I/SystemServer(   60): DiskStats Service
I/WindowManager(   60): SAFE MODE not enabled
W/DevicePolicyManagerService(   60): failed parsing /data/system/device_policies.xml java.io.FileNotFoundException: /data/system/device_policies.xml (No such file or directory)
I/ActivityManager(   60): Config changed: { scale=1.0 imsi=0/0 loc=en_US touch=3 keys=2/1/2 nav=3/1 orien=1 layout=18 uiMode=0 seq=1}
D/PowerManagerService(   60): system ready!
I/ActivityManager(   60): Sending system update to: ComponentInfo{com.android.providers.contacts/com.android.providers.contacts.ContactsUpgradeReceiver}
I/Zygote  (   60): Process: zygote socket opened
I/ActivityManager(   60): Start proc android.process.acore for broadcast com.android.providers.contacts/.ContactsUpgradeReceiver: pid=99 uid=10000 gids={3003, 1015}
W/StatusBar(   60): No icon ID for slot ime
I/ActivityManager(   60): Launching preboot mode app: ProcessRecord{44fe7568 99:android.process.acore/10000}
D/qemud   (   38): fdhandler_accept_event: accepting on fd 10
D/qemud   (   38): created client 0xc038 listening on fd 13
D/qemud   (   38): client_fd_receive: attempting registration for service 'sensors'
D/qemud   (   38): client_fd_receive:    -> received channel id 6
D/qemud   (   38): client_registration: registration succeeded for client 6
I/ActivityManager(   60): Starting activity: Intent { act=android.intent.action.MAIN cat=[android.intent.category.HOME] flg=0x10000000 cmp=com.android.launcher/com.android.launcher2.Launcher }
I/ActivityManager(   60): Removing system update proc: ProcessRecord{44fe7568 99:android.process.acore/10000}
I/Process (   60): Sending signal. PID: 99 SIG: 9
I/ActivityManager(   60): System now ready
I/SystemServer(   60): Making services ready
I/ActivityManager(   60): Config changed: { scale=1.0 imsi=0/0 loc=en_US touch=3 keys=2/1/2 nav=3/1 orien=1 layout=18 uiMode=17 seq=2}
W/RecognitionManagerService(   60): no available voice recognition services found
D/StatusBar(   60): DISABLE_EXPAND: yes
I/ActivityManager(   60): Start proc jp.co.omronsoft.openwnn for service jp.co.omronsoft.openwnn/.OpenWnnJAJP: pid=108 uid=10023 gids={}
D/libhardware_legacy(   60): using QEMU GPS Hardware emulation
D/NetworkManagmentService(   60): Registering observer
E/ThrottleService(   60): Could not open GPS configuration file /etc/gps.conf
D/dalvikvm(   60): GC_FOR_MALLOC freed 5302 objects / 299720 bytes in 234ms
I/ActivityManager(   60): Start proc com.android.phone for added application com.android.phone: pid=112 uid=1001 gids={3002, 3001, 3003, 1015}
I/ActivityManager(   60): Start proc com.android.launcher for activity com.android.launcher/com.android.launcher2.Launcher: pid=123 uid=10025 gids={}
I/ActivityManager(   60): Start proc com.android.settings for broadcast com.android.settings/.widget.SettingsAppWidgetProvider: pid=125 uid=1000 gids={3002, 3001, 3003}
W/GpsLocationProvider(   60): Could not open GPS configuration file /etc/gps.conf
W/ActivityManager(   60): Unable to start service Intent { act=@0 }: not found
W/ActivityManager(   60): Unable to start service Intent { act=@0 }: not found
D/qemud   (   38): fdhandler_accept_event: accepting on fd 10
D/qemud   (   38): created client 0xc088 listening on fd 14
D/qemud   (   38): client_fd_receive: attempting registration for service 'gps'
D/qemud   (   38): client_fd_receive:    -> received channel id 7
D/qemud   (   38): client_registration: registration succeeded for client 7
E/logwrapper(  136): executing /system/bin/tc failed: No such file or directory
I/logwrapper(   30): /system/bin/tc terminated by exit(255)
E/logwrapper(  139): executing /system/bin/tc failed: No such file or directory
I/logwrapper(   30): /system/bin/tc terminated by exit(255)
E/logwrapper(  140): executing /system/bin/tc failed: No such file or directory
I/logwrapper(   30): /system/bin/tc terminated by exit(255)
I/ARMAssembler(   60): generated scanline__00000177:03515104_00001001_00000000 [ 91 ipp] (114 ins) at [0x2af1a0:0x2af368] in 10074243 ns
I/ARMAssembler(   60): generated scanline__00000177:03515104_00000001_00000000 [ 73 ipp] (95 ins) at [0x2b6380:0x2b64fc] in 472339 ns
I/ActivityThread(  112): Publishing provider mms: com.android.providers.telephony.MmsProvider
D/dalvikvm(   60): GC_EXTERNAL_ALLOC freed 3491 objects / 235784 bytes in 277ms
I/ActivityThread(  112): Publishing provider sms: com.android.providers.telephony.SmsProvider
D/dalvikvm(  108): No JNI_OnLoad found in /system/lib/libwnndict.so 0x44e7e588, skipping init
I/ActivityThread(  123): Publishing provider com.android.launcher2.settings: com.android.launcher2.LauncherProvider
I/ActivityThread(  112): Publishing provider telephony: com.android.providers.telephony.TelephonyProvider
I/ActivityThread(  112): Publishing provider icc: com.android.phone.IccProvider
I/ActivityThread(  112): Publishing provider mms-sms: com.android.providers.telephony.MmsSmsProvider
D/dalvikvm(  123): GC_EXTERNAL_ALLOC freed 1006 objects / 74200 bytes in 368ms
D/dalvikvm(  108): GC_FOR_MALLOC freed 1411 objects / 242784 bytes in 393ms
I/ARMAssembler(   60): generated scanline__00000077:03545404_00000004_00000000 [ 47 ipp] (67 ins) at [0x2c11b8:0x2c12c4] in 614386 ns
D/dalvikvm(  108): GC_FOR_MALLOC freed 387 objects / 385336 bytes in 341ms
I/ARMAssembler(   60): generated scanline__00000077:03010104_00000004_00000000 [ 22 ipp] (41 ins) at [0x2c12c8:0x2c136c] in 435382 ns
D/ConnectivityService(   60): getMobileDataEnabled returning true
I/ActivityManager(   60): Start proc android.process.acore for content provider com.android.providers.contacts/.CallLogProvider: pid=160 uid=10000 gids={3003, 1015}
D/PhoneApp(  112): onCreate: mProximityWakeLock: null
W/ActivityManager(   60): Unable to start service Intent { act=com.android.ussd.IExtendedNetworkService }: not found
D/PhoneApp(  112): Resetting audio state/mode: IDLE
D/AlarmManagerService(   60): Kernel timezone updated to 0 minutes west of GMT
D/SystemClock(  112): Setting time of day to sec=1313514839
W/SystemClock(  112): Unable to set rtc to 1313514839: Invalid argument
I/ActivityThread(  160): Publishing provider com.android.social: com.android.providers.contacts.SocialProvider
I/ActivityThread(  160): Publishing provider applications: com.android.providers.applications.ApplicationsProvider
I/ActivityManager(   60): Start proc com.android.alarmclock for broadcast com.android.alarmclock/.AlarmInitReceiver: pid=168 uid=10009 gids={}
I/ActivityThread(  160): Publishing provider contacts;com.android.contacts: com.android.providers.contacts.ContactsProvider2
D/MobileDataStateTracker(   60): default Received state= DISCONNECTED, old= DISCONNECTED, reason= gprsDetached, apnTypeList= default
D/dalvikvm(   60): GREF has increased to 201
D/dalvikvm(  112): GC_FOR_MALLOC freed 3662 objects / 221488 bytes in 1037ms
I/ActivityThread(  168): Publishing provider com.android.alarmclock: com.android.alarmclock.AlarmProvider
D/MobileDataStateTracker(   60): default Received state= DISCONNECTED, old= DISCONNECTED, reason= (unspecified), apnTypeList= default
D/MccTable(  112): updateMccMncConfiguration: mcc=310, mnc=260
D/MccTable(  112): locale set to en_us
D/MccTable(  112): WIFI_NUM_ALLOWED_CHANNELS set to 11
I/WifiService(   60): WifiService trying to setNumAllowed to 11 with persist set to true
I/ActivityManager(   60): Config changed: { scale=1.0 imsi=310/260 loc=en_US touch=3 keys=2/1/2 nav=3/1 orien=1 layout=18 uiMode=17 seq=3}
I/UsageStats(   60): Unexpected resume of com.android.launcher while already resumed in com.android.launcher
D/TelephonyProvider(  112): Setting numeric '310260' to be the current operator
I/ActivityManager(   60): Start proc com.android.music for broadcast com.android.music/.MediaAppWidgetProvider: pid=180 uid=10022 gids={3003, 1015}
D/MobileDataStateTracker(   60): default Received state= CONNECTING, old= DISCONNECTED, reason= simLoaded, apnTypeList= *
D/NetworkStateTracker(   60): setDetailed state, old =IDLE and new state=CONNECTING
D/ConnectivityService(   60): ConnectivityChange for mobile: CONNECTING/CONNECTING
D/MobileDataStateTracker(   60): replacing old mInterfaceName (null) with /dev/omap_csmi_tty1 for hipri
D/MobileDataStateTracker(   60): replacing old mInterfaceName (null) with /dev/omap_csmi_tty1 for supl
D/MobileDataStateTracker(   60): replacing old mInterfaceName (null) with /dev/omap_csmi_tty1 for mms
D/MobileDataStateTracker(   60): default Received state= CONNECTED, old= CONNECTING, reason= simLoaded, apnTypeList= *
D/NetworkStateTracker(   60): setDetailed state, old =CONNECTING and new state=CONNECTED
D/ConnectivityService(   60): ConnectivityChange for mobile: CONNECTED/CONNECTED
V/NetworkStateTracker(   60): Setting TCP values: [4094,87380,110208,4096,16384,110208] which comes from [net.tcp.buffersize.umts]
D/ConnectivityService(   60): adding dns 10.0.2.3 for mobile
D/Tethering(   60): Tethering got CONNECTIVITY_ACTION
D/Tethering(   60): MasterInitialState.processMessage what=3
E/HierarchicalStateMachine(   60): TetherMaster - unhandledMessage: msg.what=3
D/SntpClient(   60): request time failed: java.net.SocketException: Address family not supported by protocol
I/ActivityThread(  160): Publishing provider call_log: com.android.providers.contacts.CallLogProvider
I/ActivityThread(  160): Publishing provider user_dictionary: com.android.providers.userdictionary.UserDictionaryProvider
I/ActivityManager(   60): Start proc com.android.quicksearchbox for broadcast com.android.quicksearchbox/.SearchWidgetProvider: pid=191 uid=10012 gids={3003}
D/dalvikvm(   33): GC_EXPLICIT freed 264 objects / 9968 bytes in 323ms
D/dalvikvm(   33): GC_EXPLICIT freed 40 objects / 1736 bytes in 169ms
D/dalvikvm(   33): GC_EXPLICIT freed 2 objects / 48 bytes in 103ms
I/SurfaceFlinger(   60): Boot is finished (15423 ms)
D/PowerManagerService(   60): bootCompleted
I/ActivityThread(  191): Publishing provider com.android.quicksearchbox.google: com.android.quicksearchbox.google.GoogleSuggestionProvider
D/VoldCmdListener(   29): volume mount /mnt/sdcard
I/Vold    (   29): /dev/block/vold/179:0 being considered for volume sdcard
D/Vold    (   29): Volume sdcard state changing 1 (Idle-Unmounted) -> 3 (Checking)
I/StorageNotification(   60): Media {/mnt/sdcard} state changed from {unmounted} -> {checking}
D/dalvikvm(   60): GC_FOR_MALLOC freed 7930 objects / 432512 bytes in 168ms
I/ActivityManager(   60): Start proc com.android.protips for broadcast com.android.protips/.ProtipWidget: pid=202 uid=10007 gids={}
I/ActivityManager(   60): Start proc android.process.media for broadcast com.android.providers.downloads/.DownloadReceiver: pid=210 uid=10002 gids={1015, 1006, 2001, 3003}
I/ActivityThread(  210): Publishing provider media: com.android.providers.media.MediaProvider
I/SearchManagerService(   60): Building list of searchable activities
I//system/bin/fsck_msdos(   29): ** /dev/block/vold/179:0
V/MediaProvider(  210): Attached volume: internal
I/ActivityThread(  210): Publishing provider downloads: com.android.providers.downloads.DownloadProvider
I/ActivityThread(  210): Publishing provider drm: com.android.providers.drm.DrmProvider
D/KeyguardViewMediator(   60): pokeWakelock(5000)
D/AndroidRuntime(  209): 
